Archive member included to satisfy reference by file (symbol)

c:/program files (x86)/gnu arm embedded toolchain/10 2021.10/bin/../lib/gcc/arm-none-eabi/10.3.1/../../../../arm-none-eabi/lib/thumb/v7e-m+fp/hard\libc_nano.a(lib_a-exit.o)
                              c:/program files (x86)/gnu arm embedded toolchain/10 2021.10/bin/../lib/gcc/arm-none-eabi/10.3.1/../../../../arm-none-eabi/lib/thumb/v7e-m+fp/hard/crt0.o (exit)
c:/program files (x86)/gnu arm embedded toolchain/10 2021.10/bin/../lib/gcc/arm-none-eabi/10.3.1/../../../../arm-none-eabi/lib/thumb/v7e-m+fp/hard\libc_nano.a(lib_a-impure.o)
                              c:/program files (x86)/gnu arm embedded toolchain/10 2021.10/bin/../lib/gcc/arm-none-eabi/10.3.1/../../../../arm-none-eabi/lib/thumb/v7e-m+fp/hard\libc_nano.a(lib_a-exit.o) (_global_impure_ptr)
c:/program files (x86)/gnu arm embedded toolchain/10 2021.10/bin/../lib/gcc/arm-none-eabi/10.3.1/../../../../arm-none-eabi/lib/thumb/v7e-m+fp/hard\libc_nano.a(lib_a-init.o)
                              c:/program files (x86)/gnu arm embedded toolchain/10 2021.10/bin/../lib/gcc/arm-none-eabi/10.3.1/../../../../arm-none-eabi/lib/thumb/v7e-m+fp/hard/crt0.o (__libc_init_array)
c:/program files (x86)/gnu arm embedded toolchain/10 2021.10/bin/../lib/gcc/arm-none-eabi/10.3.1/../../../../arm-none-eabi/lib/thumb/v7e-m+fp/hard\libc_nano.a(lib_a-malloc.o)
                              build/usbh_cdc.o (malloc)
c:/program files (x86)/gnu arm embedded toolchain/10 2021.10/bin/../lib/gcc/arm-none-eabi/10.3.1/../../../../arm-none-eabi/lib/thumb/v7e-m+fp/hard\libc_nano.a(lib_a-memset.o)
                              c:/program files (x86)/gnu arm embedded toolchain/10 2021.10/bin/../lib/gcc/arm-none-eabi/10.3.1/../../../../arm-none-eabi/lib/thumb/v7e-m+fp/hard/crt0.o (memset)
c:/program files (x86)/gnu arm embedded toolchain/10 2021.10/bin/../lib/gcc/arm-none-eabi/10.3.1/../../../../arm-none-eabi/lib/thumb/v7e-m+fp/hard\libc_nano.a(lib_a-nano-freer.o)
                              c:/program files (x86)/gnu arm embedded toolchain/10 2021.10/bin/../lib/gcc/arm-none-eabi/10.3.1/../../../../arm-none-eabi/lib/thumb/v7e-m+fp/hard\libc_nano.a(lib_a-malloc.o) (_free_r)
c:/program files (x86)/gnu arm embedded toolchain/10 2021.10/bin/../lib/gcc/arm-none-eabi/10.3.1/../../../../arm-none-eabi/lib/thumb/v7e-m+fp/hard\libc_nano.a(lib_a-nano-mallocr.o)
                              c:/program files (x86)/gnu arm embedded toolchain/10 2021.10/bin/../lib/gcc/arm-none-eabi/10.3.1/../../../../arm-none-eabi/lib/thumb/v7e-m+fp/hard\libc_nano.a(lib_a-malloc.o) (_malloc_r)
c:/program files (x86)/gnu arm embedded toolchain/10 2021.10/bin/../lib/gcc/arm-none-eabi/10.3.1/../../../../arm-none-eabi/lib/thumb/v7e-m+fp/hard\libc_nano.a(lib_a-printf.o)
                              build/main.o (printf)
c:/program files (x86)/gnu arm embedded toolchain/10 2021.10/bin/../lib/gcc/arm-none-eabi/10.3.1/../../../../arm-none-eabi/lib/thumb/v7e-m+fp/hard\libc_nano.a(lib_a-puts.o)
                              build/main.o (puts)
c:/program files (x86)/gnu arm embedded toolchain/10 2021.10/bin/../lib/gcc/arm-none-eabi/10.3.1/../../../../arm-none-eabi/lib/thumb/v7e-m+fp/hard\libc_nano.a(lib_a-sbrkr.o)
                              c:/program files (x86)/gnu arm embedded toolchain/10 2021.10/bin/../lib/gcc/arm-none-eabi/10.3.1/../../../../arm-none-eabi/lib/thumb/v7e-m+fp/hard\libc_nano.a(lib_a-nano-mallocr.o) (_sbrk_r)
c:/program files (x86)/gnu arm embedded toolchain/10 2021.10/bin/../lib/gcc/arm-none-eabi/10.3.1/../../../../arm-none-eabi/lib/thumb/v7e-m+fp/hard\libc_nano.a(lib_a-wbuf.o)
                              c:/program files (x86)/gnu arm embedded toolchain/10 2021.10/bin/../lib/gcc/arm-none-eabi/10.3.1/../../../../arm-none-eabi/lib/thumb/v7e-m+fp/hard\libc_nano.a(lib_a-puts.o) (__swbuf_r)
c:/program files (x86)/gnu arm embedded toolchain/10 2021.10/bin/../lib/gcc/arm-none-eabi/10.3.1/../../../../arm-none-eabi/lib/thumb/v7e-m+fp/hard\libc_nano.a(lib_a-wsetup.o)
                              c:/program files (x86)/gnu arm embedded toolchain/10 2021.10/bin/../lib/gcc/arm-none-eabi/10.3.1/../../../../arm-none-eabi/lib/thumb/v7e-m+fp/hard\libc_nano.a(lib_a-puts.o) (__swsetup_r)
c:/program files (x86)/gnu arm embedded toolchain/10 2021.10/bin/../lib/gcc/arm-none-eabi/10.3.1/../../../../arm-none-eabi/lib/thumb/v7e-m+fp/hard\libc_nano.a(lib_a-fflush.o)
                              c:/program files (x86)/gnu arm embedded toolchain/10 2021.10/bin/../lib/gcc/arm-none-eabi/10.3.1/../../../../arm-none-eabi/lib/thumb/v7e-m+fp/hard\libc_nano.a(lib_a-wbuf.o) (_fflush_r)
c:/program files (x86)/gnu arm embedded toolchain/10 2021.10/bin/../lib/gcc/arm-none-eabi/10.3.1/../../../../arm-none-eabi/lib/thumb/v7e-m+fp/hard\libc_nano.a(lib_a-findfp.o)
                              c:/program files (x86)/gnu arm embedded toolchain/10 2021.10/bin/../lib/gcc/arm-none-eabi/10.3.1/../../../../arm-none-eabi/lib/thumb/v7e-m+fp/hard\libc_nano.a(lib_a-printf.o) (__sinit)
[...]
Memory Configuration

Name             Origin             Length             Attributes
RAM              0x20000000         0x00050000         xrw
CCMRAM           0x10000000         0x00010000         xrw
FLASH            0x08000000         0x00200000         xr
*default*        0x00000000         0xffffffff

Linker script and memory map

LOAD c:/program files (x86)/gnu arm embedded toolchain/10 2021.10/bin/../lib/gcc/arm-none-eabi/10.3.1/thumb/v7e-m+fp/hard/crti.o
LOAD c:/program files (x86)/gnu arm embedded toolchain/10 2021.10/bin/../lib/gcc/arm-none-eabi/10.3.1/thumb/v7e-m+fp/hard/crtbegin.o
LOAD c:/program files (x86)/gnu arm embedded toolchain/10 2021.10/bin/../lib/gcc/arm-none-eabi/10.3.1/../../../../arm-none-eabi/lib/thumb/v7e-m+fp/hard/crt0.o
LOAD build/main.o
LOAD build/stm32f4xx_it.o
LOAD build/stm32f4xx_hal_msp.o
LOAD build/stm32f4xx_hal_timebase_tim.o
LOAD build/common.o
LOAD build/flash_if.o
LOAD build/menu.o
LOAD build/ymodem.o
LOAD build/bsp_driver_sd.o
LOAD build/sd_diskio.o
LOAD build/fatfs_platform.o
LOAD build/fatfs.o
LOAD build/usb_host.o
LOAD build/usbh_conf.o
LOAD build/usbh_platform.o
LOAD build/stm32f4xx_hal_hcd.o
LOAD build/stm32f4xx_ll_usb.o
LOAD build/stm32f4xx_hal_rcc.o
LOAD build/stm32f4xx_hal_rcc_ex.o
LOAD build/stm32f4xx_hal_flash.o
LOAD build/stm32f4xx_hal_flash_ex.o
LOAD build/stm32f4xx_hal_flash_ramfunc.o
LOAD build/stm32f4xx_hal_gpio.o
LOAD build/stm32f4xx_hal_dma_ex.o
LOAD build/stm32f4xx_hal_dma.o
LOAD build/stm32f4xx_hal_pwr.o
LOAD build/stm32f4xx_hal_pwr_ex.o
LOAD build/stm32f4xx_hal_cortex.o
LOAD build/stm32f4xx_hal.o
LOAD build/stm32f4xx_hal_exti.o
LOAD build/stm32f4xx_hal_crc.o
LOAD build/stm32f4xx_hal_dma2d.o
LOAD build/stm32f4xx_hal_dsi.o
LOAD build/stm32f4xx_ll_fmc.o
LOAD build/stm32f4xx_hal_sdram.o
LOAD build/stm32f4xx_hal_i2c.o
LOAD build/stm32f4xx_hal_i2c_ex.o
LOAD build/stm32f4xx_hal_ltdc.o
LOAD build/stm32f4xx_hal_ltdc_ex.o
LOAD build/stm32f4xx_hal_qspi.o
LOAD build/stm32f4xx_hal_sai.o
LOAD build/stm32f4xx_hal_sai_ex.o
LOAD build/stm32f4xx_ll_sdmmc.o
LOAD build/stm32f4xx_hal_sd.o
LOAD build/stm32f4xx_hal_tim.o
LOAD build/stm32f4xx_hal_tim_ex.o
LOAD build/stm32f4xx_hal_uart.o
LOAD build/stm32469i_discovery.o
LOAD build/stm32469i_discovery_eeprom.o
LOAD build/stm32469i_discovery_sdram.o
LOAD build/system_stm32f4xx.o
LOAD build/diskio.o
LOAD build/ff.o
LOAD build/ff_gen_drv.o
LOAD build/syscall.o
LOAD build/usbh_core.o
LOAD build/usbh_ctlreq.o
LOAD build/usbh_ioreq.o
LOAD build/usbh_pipes.o
LOAD build/usbh_cdc.o
LOAD build/startup_stm32f469xx.o
LOAD c:/program files (x86)/gnu arm embedded toolchain/10 2021.10/bin/../lib/gcc/arm-none-eabi/10.3.1/../../../../arm-none-eabi/lib/thumb/v7e-m+fp/hard\libc_nano.a
LOAD c:/program files (x86)/gnu arm embedded toolchain/10 2021.10/bin/../lib/gcc/arm-none-eabi/10.3.1/../../../../arm-none-eabi/lib/thumb/v7e-m+fp/hard\libm.a
LOAD c:/program files (x86)/gnu arm embedded toolchain/10 2021.10/bin/../lib/gcc/arm-none-eabi/10.3.1/../../../../arm-none-eabi/lib/thumb/v7e-m+fp/hard\libnosys.a
START GROUP
LOAD c:/program files (x86)/gnu arm embedded toolchain/10 2021.10/bin/../lib/gcc/arm-none-eabi/10.3.1/thumb/v7e-m+fp/hard\libgcc.a
LOAD c:/program files (x86)/gnu arm embedded toolchain/10 2021.10/bin/../lib/gcc/arm-none-eabi/10.3.1/../../../../arm-none-eabi/lib/thumb/v7e-m+fp/hard\libc_nano.a
END GROUP
START GROUP
LOAD c:/program files (x86)/gnu arm embedded toolchain/10 2021.10/bin/../lib/gcc/arm-none-eabi/10.3.1/thumb/v7e-m+fp/hard\libgcc.a
LOAD c:/program files (x86)/gnu arm embedded toolchain/10 2021.10/bin/../lib/gcc/arm-none-eabi/10.3.1/../../../../arm-none-eabi/lib/thumb/v7e-m+fp/hard\libc_nano.a
END GROUP
LOAD c:/program files (x86)/gnu arm embedded toolchain/10 2021.10/bin/../lib/gcc/arm-none-eabi/10.3.1/thumb/v7e-m+fp/hard/crtend.o
LOAD c:/program files (x86)/gnu arm embedded toolchain/10 2021.10/bin/../lib/gcc/arm-none-eabi/10.3.1/thumb/v7e-m+fp/hard/crtn.o
                0x20050000                _estack = (ORIGIN (RAM) + LENGTH (RAM))
                0x00000200                _Min_Heap_Size = 0x200
                0x00000400                _Min_Stack_Size = 0x400

.isr_vector     0x08000000      0x1b4
                0x08000000                . = ALIGN (0x4)
 *(.isr_vector)
 .isr_vector    0x08000000      0x1b4 build/startup_stm32f469xx.o
                0x08000000                g_pfnVectors
                0x080001b4                . = ALIGN (0x4)

.text           0x080001c0     0x996c
                0x080001c0                . = ALIGN (0x4)
 *(.text)
 .text          0x080001c0       0x40 c:/program files (x86)/gnu arm embedded toolchain/10 2021.10/bin/../lib/gcc/arm-none-eabi/10.3.1/thumb/v7e-m+fp/hard/crtbegin.o
 .text          0x08000200       0xa0 c:/program files (x86)/gnu arm embedded toolchain/10 2021.10/bin/../lib/gcc/arm-none-eabi/10.3.1/../../../../arm-none-eabi/lib/thumb/v7e-m+fp/hard\libc_nano.a(lib_a-memchr.o)
                0x08000200                memchr
 .text          0x080002a0       0x30 c:/program files (x86)/gnu arm embedded toolchain/10 2021.10/bin/../lib/gcc/arm-none-eabi/10.3.1/thumb/v7e-m+fp/hard\libgcc.a(_aeabi_uldivmod.o)
                0x080002a0                __aeabi_uldivmod
 .text          0x080002d0      0x2d0 c:/program files (x86)/gnu arm embedded toolchain/10 2021.10/bin/../lib/gcc/arm-none-eabi/10.3.1/thumb/v7e-m+fp/hard\libgcc.a(_udivmoddi4.o)
                0x080002d0                __udivmoddi4
 .text          0x080005a0        0x4 c:/program files (x86)/gnu arm embedded toolchain/10 2021.10/bin/../lib/gcc/arm-none-eabi/10.3.1/thumb/v7e-m+fp/hard\libgcc.a(_dvmd_tls.o)
                0x080005a0                __aeabi_idiv0
                0x080005a0                __aeabi_ldiv0
 *(.text*)
 .text.MX_SDIO_SD_Init
                0x080005a4       0x24 build/main.o
 .text.MX_GPIO_Init
                0x080005c8      0x268 build/main.o
 .text.__io_putchar
                0x08000830       0x20 build/main.o
                0x08000830                __io_putchar
 .text._write   0x08000850       0x1c build/main.o
                0x08000850                _write
 .text.HAL_TIM_PeriodElapsedCallback
                0x0800086c       0x18 build/main.o
                0x0800086c                HAL_TIM_PeriodElapsedCallback
 .text.Error_Handler
                0x08000884        0x4 build/main.o
                0x08000884                Error_Handler
 .text.MX_CRC_Init
                0x08000888       0x1c build/main.o
 .text.MX_DMA2D_Init
                0x080008a4       0x3c build/main.o
 .text.MX_DSIHOST_DSI_Init
                0x080008e0      0x184 build/main.o
 .text.MX_FMC_Init
                0x08000a64       0x70 build/main.o
 .text.MX_I2C1_Init
                0x08000ad4       0x38 build/main.o
 .text.MX_I2C2_Init
                0x08000b0c       0x38 build/main.o
 .text.MX_LTDC_Init
                0x08000b44       0xa8 build/main.o
 .text.MX_QUADSPI_Init
                0x08000bec       0x38 build/main.o
 .text.MX_SAI1_Init
                0x08000c24       0x5c build/main.o
 .text.MX_TIM1_Init
                0x08000c80       0x68 build/main.o
 .text.MX_USART3_UART_Init
                0x08000ce8       0x34 build/main.o
 .text.MX_USART6_UART_Init
                0x08000d1c       0x34 build/main.o
 .text.SystemClock_Config
                0x08000d50       0xb4 build/main.o
                0x08000d50                SystemClock_Config
 .text.PeriphCommonClock_Config
                0x08000e04       0x44 build/main.o
                0x08000e04                PeriphCommonClock_Config
 .text.main     0x08000e48       0xf4 build/main.o
                0x08000e48                main
 .text.NMI_Handler
                0x08000f3c        0x2 build/stm32f4xx_it.o
                0x08000f3c                NMI_Handler
 .text.HardFault_Handler
                0x08000f3e        0x2 build/stm32f4xx_it.o
                0x08000f3e                HardFault_Handler
 .text.MemManage_Handler
                0x08000f40        0x2 build/stm32f4xx_it.o
                0x08000f40                MemManage_Handler
 .text.BusFault_Handler
                0x08000f42        0x2 build/stm32f4xx_it.o
                0x08000f42                BusFault_Handler
 .text.UsageFault_Handler
                0x08000f44        0x2 build/stm32f4xx_it.o
                0x08000f44                UsageFault_Handler
 .text.SVC_Handler
                0x08000f46        0x2 build/stm32f4xx_it.o
                0x08000f46                SVC_Handler
 .text.DebugMon_Handler
                0x08000f48        0x2 build/stm32f4xx_it.o
                0x08000f48                DebugMon_Handler
 .text.PendSV_Handler
                0x08000f4a        0x2 build/stm32f4xx_it.o
                0x08000f4a                PendSV_Handler
 .text.SysTick_Handler
                0x08000f4c        0x2 build/stm32f4xx_it.o
                0x08000f4c                SysTick_Handler
 *fill*         0x08000f4e        0x2 
 .text.TIM6_DAC_IRQHandler
                0x08000f50       0x10 build/stm32f4xx_it.o
                0x08000f50                TIM6_DAC_IRQHandler
 .text.OTG_FS_IRQHandler
                0x08000f60       0x10 build/stm32f4xx_it.o
                0x08000f60                OTG_FS_IRQHandler
 .text.LTDC_IRQHandler
                0x08000f70       0x10 build/stm32f4xx_it.o
                0x08000f70                LTDC_IRQHandler
 .text.DMA2D_IRQHandler
                0x08000f80       0x10 build/stm32f4xx_it.o
                0x08000f80                DMA2D_IRQHandler
 .text.DSI_IRQHandler
                0x08000f90       0x10 build/stm32f4xx_it.o
                0x08000f90                DSI_IRQHandler
 .text.HAL_FMC_MspInit
                0x08000fa0      0x104 build/stm32f4xx_hal_msp.o
 .text.HAL_MspInit
                0x080010a4       0x38 build/stm32f4xx_hal_msp.o
                0x080010a4                HAL_MspInit
 .text.HAL_CRC_MspInit
                0x080010dc       0x30 build/stm32f4xx_hal_msp.o
                0x080010dc                HAL_CRC_MspInit
 .text.HAL_DMA2D_MspInit
                0x0800110c       0x40 build/stm32f4xx_hal_msp.o
                0x0800110c                HAL_DMA2D_MspInit
 .text.HAL_DSI_MspInit
                0x0800114c       0x7c build/stm32f4xx_hal_msp.o
                0x0800114c                HAL_DSI_MspInit
 .text.HAL_I2C_MspInit
                0x080011c8       0xcc build/stm32f4xx_hal_msp.o
                0x080011c8                HAL_I2C_MspInit
 .text.HAL_LTDC_MspInit
                0x08001294       0x40 build/stm32f4xx_hal_msp.o
                0x08001294                HAL_LTDC_MspInit
 .text.HAL_QSPI_MspInit
                0x080012d4       0xc0 build/stm32f4xx_hal_msp.o
                0x080012d4                HAL_QSPI_MspInit
 .text.HAL_SD_MspInit
                0x08001394       0xa0 build/stm32f4xx_hal_msp.o
                0x08001394                HAL_SD_MspInit
 .text.HAL_TIM_Base_MspInit
                0x08001434       0x30 build/stm32f4xx_hal_msp.o
                0x08001434                HAL_TIM_Base_MspInit
 .text.HAL_UART_MspInit
                0x08001464       0xcc build/stm32f4xx_hal_msp.o
                0x08001464                HAL_UART_MspInit
 .text.HAL_SDRAM_MspInit
                0x08001530        0x8 build/stm32f4xx_hal_msp.o
                0x08001530                HAL_SDRAM_MspInit
 .text.HAL_SAI_MspInit
                0x08001538       0x90 build/stm32f4xx_hal_msp.o
                0x08001538                HAL_SAI_MspInit
 .text.HAL_InitTick
                0x080015c8       0xa4 build/stm32f4xx_hal_timebase_tim.o
                0x080015c8                HAL_InitTick
 .text.Int2Str  0x0800166c       0x50 build/common.o
                0x0800166c                Int2Str
 .text.Str2Int  0x080016bc       0xee build/common.o
                0x080016bc                Str2Int
 *fill*         0x080017aa        0x2 
 .text.Serial_PutString
                0x080017ac       0x20 build/common.o
                0x080017ac                Serial_PutString
 .text.Serial_PutByte
                0x080017cc       0x38 build/common.o
                0x080017cc                Serial_PutByte
 .text.GetSector
                0x08001804       0xc2 build/flash_if.o
 *fill*         0x080018c6        0x2 
 .text.FLASH_If_Init
                0x080018c8       0x18 build/flash_if.o
                0x080018c8                FLASH_If_Init
 .text.FLASH_If_Erase
                0x080018e0       0x48 build/flash_if.o
                0x080018e0                FLASH_If_Erase
 .text.FLASH_If_Write
                0x08001928       0x54 build/flash_if.o
                0x08001928                FLASH_If_Write
 .text.FLASH_If_GetWriteProtectionStatus
                0x0800197c       0x26 build/flash_if.o
                0x0800197c                FLASH_If_GetWriteProtectionStatus
 .text.FLASH_If_WriteProtectionConfig
                0x080019a2       0x3e build/flash_if.o
                0x080019a2                FLASH_If_WriteProtectionConfig
 .text.SerialDownload
                0x080019e0       0xa4 build/menu.o
                0x080019e0                SerialDownload
 .text.SerialUpload
                0x08001a84       0x68 build/menu.o
                0x08001a84                SerialUpload
 .text.Main_Menu
                0x08001aec      0x198 build/menu.o
                0x08001aec                Main_Menu
 .text.PreparePacket
                0x08001c84       0x60 build/ymodem.o
 .text.PrepareIntialPacket
                0x08001ce4       0x5c build/ymodem.o
 .text.UpdateCRC16
                0x08001d40       0x2c build/ymodem.o
                0x08001d40                UpdateCRC16
 .text.Cal_CRC16
                0x08001d6c       0x28 build/ymodem.o
                0x08001d6c                Cal_CRC16
 .text.ReceivePacket
                0x08001d94      0x15c build/ymodem.o
 .text.Ymodem_Receive
                0x08001ef0      0x1d0 build/ymodem.o
                0x08001ef0                Ymodem_Receive
 .text.Ymodem_Transmit
                0x080020c0      0x260 build/ymodem.o
                0x080020c0                Ymodem_Transmit
 .text.BSP_SD_ReadBlocks
                0x08002320       0x20 build/bsp_driver_sd.o
                0x08002320                BSP_SD_ReadBlocks
 .text.BSP_SD_WriteBlocks
                0x08002340       0x20 build/bsp_driver_sd.o
                0x08002340                BSP_SD_WriteBlocks
 .text.BSP_SD_GetCardState
                0x08002360       0x14 build/bsp_driver_sd.o
                0x08002360                BSP_SD_GetCardState
 .text.BSP_SD_GetCardInfo
                0x08002374       0x10 build/bsp_driver_sd.o
                0x08002374                BSP_SD_GetCardInfo
 .text.BSP_SD_IsDetected
                0x08002384       0x20 build/bsp_driver_sd.o
                0x08002384                BSP_SD_IsDetected
 .text.BSP_SD_Init
                0x080023a4       0x34 build/bsp_driver_sd.o
                0x080023a4                BSP_SD_Init
 .text.SD_CheckStatus
                0x080023d8       0x24 build/sd_diskio.o
 .text.SD_initialize
                0x080023fc       0x28 build/sd_diskio.o
                0x080023fc                SD_initialize
 .text.SD_status
                0x08002424        0x8 build/sd_diskio.o
                0x08002424                SD_status
 .text.SD_read  0x0800242c       0x24 build/sd_diskio.o
                0x0800242c                SD_read
 .text.SD_write
                0x08002450       0x24 build/sd_diskio.o
                0x08002450                SD_write
 .text.SD_ioctl
                0x08002474       0x58 build/sd_diskio.o
                0x08002474                SD_ioctl
 .text.BSP_PlatformIsDetected
                0x080024cc       0x18 build/fatfs_platform.o
                0x080024cc                BSP_PlatformIsDetected
 .text.MX_FATFS_Init
                0x080024e4       0x1c build/fatfs.o
                0x080024e4                MX_FATFS_Init
 .text.USBH_UserProcess
                0x08002500       0x2c build/usb_host.o
 .text.MX_USB_HOST_Init
                0x0800252c       0x40 build/usb_host.o
                0x0800252c                MX_USB_HOST_Init
 .text.HAL_HCD_MspInit
                0x0800256c       0x98 build/usbh_conf.o
                0x0800256c                HAL_HCD_MspInit
 .text.HAL_HCD_SOF_Callback
                0x08002604        0xc build/usbh_conf.o
                0x08002604                HAL_HCD_SOF_Callback
 .text.HAL_HCD_Connect_Callback
                0x08002610        0xc build/usbh_conf.o
                0x08002610                HAL_HCD_Connect_Callback
 .text.HAL_HCD_Disconnect_Callback
                0x0800261c        0xc build/usbh_conf.o
                0x0800261c                HAL_HCD_Disconnect_Callback
 .text.HAL_HCD_HC_NotifyURBChange_Callback
                0x08002628        0x2 build/usbh_conf.o
                0x08002628                HAL_HCD_HC_NotifyURBChange_Callback
 .text.HAL_HCD_PortEnabled_Callback
                0x0800262a        0xc build/usbh_conf.o
                0x0800262a                HAL_HCD_PortEnabled_Callback
 .text.HAL_HCD_PortDisabled_Callback
                0x08002636        0xc build/usbh_conf.o
                0x08002636                HAL_HCD_PortDisabled_Callback
 *fill*         0x08002642        0x2 
 .text.USBH_LL_Init
                0x08002644       0x54 build/usbh_conf.o
                0x08002644                USBH_LL_Init
 .text.USBH_LL_GetLastXferSize
                0x08002698        0xc build/usbh_conf.o
                0x08002698                USBH_LL_GetLastXferSize
 .text.USBH_LL_GetURBState
                0x080026a4        0xc build/usbh_conf.o
                0x080026a4                USBH_LL_GetURBState
 .text.USBH_LL_DriverVBUS
                0x080026b0       0x1c build/usbh_conf.o
                0x080026b0                USBH_LL_DriverVBUS
 .text.USBH_LL_SetToggle
                0x080026cc       0x2a build/usbh_conf.o
                0x080026cc                USBH_LL_SetToggle
 .text.USBH_Get_USB_Status
                0x080026f6       0x14 build/usbh_conf.o
                0x080026f6                USBH_Get_USB_Status
 .text.USBH_LL_Start
                0x0800270a       0x10 build/usbh_conf.o
                0x0800270a                USBH_LL_Start
 .text.USBH_LL_Stop
                0x0800271a       0x10 build/usbh_conf.o
                0x0800271a                USBH_LL_Stop
 .text.USBH_LL_OpenPipe
                0x0800272a       0x26 build/usbh_conf.o
                0x0800272a                USBH_LL_OpenPipe
 .text.USBH_LL_ClosePipe
                0x08002750       0x10 build/usbh_conf.o
                0x08002750                USBH_LL_ClosePipe
 .text.USBH_LL_SubmitURB
                0x08002760       0x2a build/usbh_conf.o
                0x08002760                USBH_LL_SubmitURB
 *fill*         0x0800278a        0x2 
 .text.MX_DriverVbusFS
                0x0800278c       0x18 build/usbh_platform.o
                0x0800278c                MX_DriverVbusFS
 .text.HCD_RXQLVL_IRQHandler
                0x080027a4       0x9e build/stm32f4xx_hal_hcd.o
 .text.HAL_HCD_HC_Init
                0x08002842       0x8e build/stm32f4xx_hal_hcd.o
                0x08002842                HAL_HCD_HC_Init
 .text.HAL_HCD_HC_Halt
                0x080028d0       0x24 build/stm32f4xx_hal_hcd.o
                0x080028d0                HAL_HCD_HC_Halt
 .text.HAL_HCD_Init
                0x080028f4       0xa4 build/stm32f4xx_hal_hcd.o
                0x080028f4                HAL_HCD_Init
 .text.HAL_HCD_HC_SubmitRequest
                0x08002998      0x164 build/stm32f4xx_hal_hcd.o
                0x08002998                HAL_HCD_HC_SubmitRequest
 .text.HCD_Port_IRQHandler
                0x08002afc       0xb0 build/stm32f4xx_hal_hcd.o
 .text.HCD_HC_IN_IRQHandler
                0x08002bac      0x2b6 build/stm32f4xx_hal_hcd.o
 .text.HCD_HC_OUT_IRQHandler
                0x08002e62      0x2c2 build/stm32f4xx_hal_hcd.o
 .text.HAL_HCD_IRQHandler
                0x08003124      0x154 build/stm32f4xx_hal_hcd.o
                0x08003124                HAL_HCD_IRQHandler
 .text.HAL_HCD_Start
                0x08003278       0x2a build/stm32f4xx_hal_hcd.o
                0x08003278                HAL_HCD_Start
 .text.HAL_HCD_Stop
                0x080032a2       0x24 build/stm32f4xx_hal_hcd.o
                0x080032a2                HAL_HCD_Stop
 .text.HAL_HCD_HC_GetURBState
                0x080032c6        0xc build/stm32f4xx_hal_hcd.o
                0x080032c6                HAL_HCD_HC_GetURBState
 .text.HAL_HCD_HC_GetXferCount
                0x080032d2        0xa build/stm32f4xx_hal_hcd.o
                0x080032d2                HAL_HCD_HC_GetXferCount
 .text.HAL_HCD_GetCurrentFrame
                0x080032dc        0xa build/stm32f4xx_hal_hcd.o
                0x080032dc                HAL_HCD_GetCurrentFrame
 *fill*         0x080032e6        0x2 
 .text.USB_CoreReset
                0x080032e8       0x50 build/stm32f4xx_ll_usb.o
 .text.USB_CoreInit
                0x08003338       0x8a build/stm32f4xx_ll_usb.o
                0x08003338                USB_CoreInit
 .text.USB_EnableGlobalInt
                0x080033c2        0xc build/stm32f4xx_ll_usb.o
                0x080033c2                USB_EnableGlobalInt
 .text.USB_DisableGlobalInt
                0x080033ce        0xc build/stm32f4xx_ll_usb.o
                0x080033ce                USB_DisableGlobalInt
 *fill*         0x080033da        0x2 
 .text.USB_FlushTxFifo
                0x080033dc       0x50 build/stm32f4xx_ll_usb.o
                0x080033dc                USB_FlushTxFifo
 .text.USB_FlushRxFifo
                0x0800342c       0x4c build/stm32f4xx_ll_usb.o
                0x0800342c                USB_FlushRxFifo
 .text.USB_WritePacket
                0x08003478       0x2e build/stm32f4xx_ll_usb.o
                0x08003478                USB_WritePacket
 .text.USB_ReadPacket
                0x080034a6       0x54 build/stm32f4xx_ll_usb.o
                0x080034a6                USB_ReadPacket
 .text.USB_ReadInterrupts
                0x080034fa        0x8 build/stm32f4xx_ll_usb.o
                0x080034fa                USB_ReadInterrupts
 .text.USB_GetMode
                0x08003502        0x8 build/stm32f4xx_ll_usb.o
                0x08003502                USB_GetMode
 .text.USB_SetCurrentMode
                0x0800350a       0x62 build/stm32f4xx_ll_usb.o
                0x0800350a                USB_SetCurrentMode
 .text.USB_HostInit
                0x0800356c       0xe8 build/stm32f4xx_ll_usb.o
                0x0800356c                USB_HostInit
 .text.USB_InitFSLSPClkSel
                0x08003654       0x3e build/stm32f4xx_ll_usb.o
                0x08003654                USB_InitFSLSPClkSel
 .text.USB_DriveVbus
                0x08003692       0x46 build/stm32f4xx_ll_usb.o
                0x08003692                USB_DriveVbus
 .text.USB_GetHostSpeed
                0x080036d8       0x16 build/stm32f4xx_ll_usb.o
                0x080036d8                USB_GetHostSpeed
 .text.USB_GetCurrentFrame
                0x080036ee        0xa build/stm32f4xx_ll_usb.o
                0x080036ee                USB_GetCurrentFrame
 .text.USB_HC_Init
                0x080036f8      0x128 build/stm32f4xx_ll_usb.o
                0x080036f8                USB_HC_Init
 .text.USB_HC_ReadInterrupt
                0x08003820        0xa build/stm32f4xx_ll_usb.o
                0x08003820                USB_HC_ReadInterrupt
 .text.USB_HC_Halt
                0x0800382a       0xe6 build/stm32f4xx_ll_usb.o
                0x0800382a                USB_HC_Halt
 .text.USB_DoPing
                0x08003910       0x24 build/stm32f4xx_ll_usb.o
                0x08003910                USB_DoPing
 .text.USB_HC_StartXfer
                0x08003934      0x16c build/stm32f4xx_ll_usb.o
                0x08003934                USB_HC_StartXfer
 .text.USB_StopHost
                0x08003aa0       0x92 build/stm32f4xx_ll_usb.o
                0x08003aa0                USB_StopHost
 *fill*         0x08003b32        0x2 
 .text.HAL_RCC_GetSysClockFreq
                0x08003b34       0xd4 build/stm32f4xx_hal_rcc.o
                0x08003b34                HAL_RCC_GetSysClockFreq
 .text.HAL_RCC_ClockConfig
                0x08003c08      0x160 build/stm32f4xx_hal_rcc.o
                0x08003c08                HAL_RCC_ClockConfig
 .text.HAL_RCC_GetHCLKFreq
                0x08003d68        0xc build/stm32f4xx_hal_rcc.o
                0x08003d68                HAL_RCC_GetHCLKFreq
 .text.HAL_RCC_GetPCLK1Freq
                0x08003d74       0x20 build/stm32f4xx_hal_rcc.o
                0x08003d74                HAL_RCC_GetPCLK1Freq
 .text.HAL_RCC_GetPCLK2Freq
                0x08003d94       0x20 build/stm32f4xx_hal_rcc.o
                0x08003d94                HAL_RCC_GetPCLK2Freq
 .text.HAL_RCC_GetClockConfig
                0x08003db4       0x3c build/stm32f4xx_hal_rcc.o
                0x08003db4                HAL_RCC_GetClockConfig
 .text.HAL_RCCEx_PeriphCLKConfig
                0x08003df0      0x318 build/stm32f4xx_hal_rcc_ex.o
                0x08003df0                HAL_RCCEx_PeriphCLKConfig
 .text.HAL_RCC_OscConfig
                0x08004108      0x410 build/stm32f4xx_hal_rcc_ex.o
                0x08004108                HAL_RCC_OscConfig
 .text.FLASH_Program_DoubleWord
                0x08004518       0x30 build/stm32f4xx_hal_flash.o
 .text.FLASH_Program_Word
                0x08004548       0x24 build/stm32f4xx_hal_flash.o
 .text.FLASH_Program_HalfWord
                0x0800456c       0x24 build/stm32f4xx_hal_flash.o
 .text.FLASH_Program_Byte
                0x08004590       0x20 build/stm32f4xx_hal_flash.o
 .text.FLASH_SetErrorCode
                0x080045b0       0xa8 build/stm32f4xx_hal_flash.o
 .text.HAL_FLASH_Unlock
                0x08004658       0x30 build/stm32f4xx_hal_flash.o
                0x08004658                HAL_FLASH_Unlock
 .text.HAL_FLASH_Lock
                0x08004688       0x14 build/stm32f4xx_hal_flash.o
                0x08004688                HAL_FLASH_Lock
 .text.HAL_FLASH_OB_Unlock
                0x0800469c       0x28 build/stm32f4xx_hal_flash.o
                0x0800469c                HAL_FLASH_OB_Unlock
 .text.HAL_FLASH_OB_Lock
                0x080046c4       0x14 build/stm32f4xx_hal_flash.o
                0x080046c4                HAL_FLASH_OB_Lock
 .text.FLASH_WaitForLastOperation
                0x080046d8       0x60 build/stm32f4xx_hal_flash.o
                0x080046d8                FLASH_WaitForLastOperation
 .text.HAL_FLASH_Program
                0x08004738       0x7c build/stm32f4xx_hal_flash.o
                0x08004738                HAL_FLASH_Program
 .text.HAL_FLASH_OB_Launch
                0x080047b4       0x1c build/stm32f4xx_hal_flash.o
                0x080047b4                HAL_FLASH_OB_Launch
 .text.FLASH_MassErase
                0x080047d0       0x4c build/stm32f4xx_hal_flash_ex.o
 .text.FLASH_OB_BOR_LevelConfig
                0x0800481c       0x18 build/stm32f4xx_hal_flash_ex.o
 .text.FLASH_OB_GetUser
                0x08004834       0x10 build/stm32f4xx_hal_flash_ex.o
 .text.FLASH_OB_GetWRP
                0x08004844        0xc build/stm32f4xx_hal_flash_ex.o
 .text.FLASH_OB_GetRDP
                0x08004850       0x1c build/stm32f4xx_hal_flash_ex.o
 .text.FLASH_OB_GetBOR
                0x0800486c       0x10 build/stm32f4xx_hal_flash_ex.o
 .text.FLASH_OB_EnableWRP
                0x0800487c       0x84 build/stm32f4xx_hal_flash_ex.o
 .text.FLASH_OB_DisableWRP
                0x08004900       0x88 build/stm32f4xx_hal_flash_ex.o
 .text.FLASH_OB_RDP_LevelConfig
                0x08004988       0x18 build/stm32f4xx_hal_flash_ex.o
 .text.FLASH_OB_UserConfig
                0x080049a0       0x2c build/stm32f4xx_hal_flash_ex.o
 .text.HAL_FLASHEx_OBProgram
                0x080049cc       0x84 build/stm32f4xx_hal_flash_ex.o
                0x080049cc                HAL_FLASHEx_OBProgram
 .text.HAL_FLASHEx_OBGetConfig
                0x08004a50       0x22 build/stm32f4xx_hal_flash_ex.o
                0x08004a50                HAL_FLASHEx_OBGetConfig
 *fill*         0x08004a72        0x2 
 .text.FLASH_Erase_Sector
                0x08004a74       0x5c build/stm32f4xx_hal_flash_ex.o
                0x08004a74                FLASH_Erase_Sector
 .text.FLASH_FlushCaches
                0x08004ad0       0x60 build/stm32f4xx_hal_flash_ex.o
                0x08004ad0                FLASH_FlushCaches
 .text.HAL_FLASHEx_Erase
                0x08004b30       0x98 build/stm32f4xx_hal_flash_ex.o
                0x08004b30                HAL_FLASHEx_Erase
 .text.HAL_GPIO_Init
                0x08004bc8      0x1fc build/stm32f4xx_hal_gpio.o
                0x08004bc8                HAL_GPIO_Init
 .text.HAL_GPIO_ReadPin
                0x08004dc4        0xe build/stm32f4xx_hal_gpio.o
                0x08004dc4                HAL_GPIO_ReadPin
 .text.HAL_GPIO_WritePin
                0x08004dd2        0xc build/stm32f4xx_hal_gpio.o
                0x08004dd2                HAL_GPIO_WritePin
 *fill*         0x08004dde        0x2 
 .text.HAL_PWREx_EnableOverDrive
                0x08004de0       0x7c build/stm32f4xx_hal_pwr_ex.o
                0x08004de0                HAL_PWREx_EnableOverDrive
 .text.HAL_NVIC_SetPriorityGrouping
                0x08004e5c       0x24 build/stm32f4xx_hal_cortex.o
                0x08004e5c                HAL_NVIC_SetPriorityGrouping
 .text.HAL_NVIC_SetPriority
                0x08004e80       0x70 build/stm32f4xx_hal_cortex.o
                0x08004e80                HAL_NVIC_SetPriority
 .text.HAL_NVIC_EnableIRQ
                0x08004ef0       0x1c build/stm32f4xx_hal_cortex.o
                0x08004ef0                HAL_NVIC_EnableIRQ
 .text.HAL_Init
                0x08004f0c       0x34 build/stm32f4xx_hal.o
                0x08004f0c                HAL_Init
 .text.HAL_IncTick
                0x08004f40       0x18 build/stm32f4xx_hal.o
                0x08004f40                HAL_IncTick
 .text.HAL_GetTick
                0x08004f58        0xc build/stm32f4xx_hal.o
                0x08004f58                HAL_GetTick
 .text.HAL_Delay
                0x08004f64       0x28 build/stm32f4xx_hal.o
                0x08004f64                HAL_Delay
 .text.HAL_CRC_Init
                0x08004f8c       0x1e build/stm32f4xx_hal_crc.o
                0x08004f8c                HAL_CRC_Init
 .text.HAL_DMA2D_Init
                0x08004faa       0x5a build/stm32f4xx_hal_dma2d.o
                0x08004faa                HAL_DMA2D_Init
 .text.HAL_DMA2D_LineEventCallback
                0x08005004        0x2 build/stm32f4xx_hal_dma2d.o
                0x08005004                HAL_DMA2D_LineEventCallback
 .text.HAL_DMA2D_CLUTLoadingCpltCallback
                0x08005006        0x2 build/stm32f4xx_hal_dma2d.o
                0x08005006                HAL_DMA2D_CLUTLoadingCpltCallback
 .text.HAL_DMA2D_IRQHandler
                0x08005008      0x13c build/stm32f4xx_hal_dma2d.o
                0x08005008                HAL_DMA2D_IRQHandler
 .text.HAL_DMA2D_ConfigLayer
                0x08005144       0xc4 build/stm32f4xx_hal_dma2d.o
                0x08005144                HAL_DMA2D_ConfigLayer
 .text.HAL_DSI_ConfigErrorMonitor
                0x08005208       0xf2 build/stm32f4xx_hal_dsi.o
                0x08005208                HAL_DSI_ConfigErrorMonitor
 *fill*         0x080052fa        0x2 
 .text.HAL_DSI_Init
                0x080052fc      0x18c build/stm32f4xx_hal_dsi.o
                0x080052fc                HAL_DSI_Init
 .text.HAL_DSI_TearingEffectCallback
                0x08005488        0x2 build/stm32f4xx_hal_dsi.o
                0x08005488                HAL_DSI_TearingEffectCallback
 .text.HAL_DSI_EndOfRefreshCallback
                0x0800548a        0x2 build/stm32f4xx_hal_dsi.o
                0x0800548a                HAL_DSI_EndOfRefreshCallback
 .text.HAL_DSI_ErrorCallback
                0x0800548c        0x2 build/stm32f4xx_hal_dsi.o
                0x0800548c                HAL_DSI_ErrorCallback
 .text.HAL_DSI_IRQHandler
                0x0800548e       0xfe build/stm32f4xx_hal_dsi.o
                0x0800548e                HAL_DSI_IRQHandler
 .text.HAL_DSI_SetGenericVCID
                0x0800558c       0x28 build/stm32f4xx_hal_dsi.o
                0x0800558c                HAL_DSI_SetGenericVCID
 .text.HAL_DSI_ConfigAdaptedCommandMode
                0x080055b4      0x110 build/stm32f4xx_hal_dsi.o
                0x080055b4                HAL_DSI_ConfigAdaptedCommandMode
 .text.HAL_DSI_ConfigCommand
                0x080056c4       0x74 build/stm32f4xx_hal_dsi.o
                0x080056c4                HAL_DSI_ConfigCommand
 .text.HAL_DSI_ConfigFlowControl
                0x08005738       0x28 build/stm32f4xx_hal_dsi.o
                0x08005738                HAL_DSI_ConfigFlowControl
 .text.HAL_DSI_ConfigPhyTimer
                0x08005760       0x88 build/stm32f4xx_hal_dsi.o
                0x08005760                HAL_DSI_ConfigPhyTimer
 .text.HAL_DSI_ConfigHostTimeouts
                0x080057e8       0xfa build/stm32f4xx_hal_dsi.o
                0x080057e8                HAL_DSI_ConfigHostTimeouts
 .text.HAL_DSI_SetLowPowerRXFilter
                0x080058e2       0x32 build/stm32f4xx_hal_dsi.o
                0x080058e2                HAL_DSI_SetLowPowerRXFilter
 .text.FMC_SDRAM_Init
                0x08005914       0x78 build/stm32f4xx_ll_fmc.o
                0x08005914                FMC_SDRAM_Init
 .text.FMC_SDRAM_Timing_Init
                0x0800598c       0xa8 build/stm32f4xx_ll_fmc.o
                0x0800598c                FMC_SDRAM_Timing_Init
 .text.HAL_SDRAM_Init
                0x08005a34       0x40 build/stm32f4xx_hal_sdram.o
                0x08005a34                HAL_SDRAM_Init
 .text.HAL_I2C_Init
                0x08005a74      0x1bc build/stm32f4xx_hal_i2c.o
                0x08005a74                HAL_I2C_Init
 .text.LTDC_SetConfig
                0x08005c30      0x1b2 build/stm32f4xx_hal_ltdc.o
 *fill*         0x08005de2        0x2 
 .text.HAL_LTDC_Init
                0x08005de4       0xf4 build/stm32f4xx_hal_ltdc.o
                0x08005de4                HAL_LTDC_Init
 .text.HAL_LTDC_ErrorCallback
                0x08005ed8        0x2 build/stm32f4xx_hal_ltdc.o
                0x08005ed8                HAL_LTDC_ErrorCallback
 .text.HAL_LTDC_LineEventCallback
                0x08005eda        0x2 build/stm32f4xx_hal_ltdc.o
                0x08005eda                HAL_LTDC_LineEventCallback
 .text.HAL_LTDC_ReloadEventCallback
                0x08005edc        0x2 build/stm32f4xx_hal_ltdc.o
                0x08005edc                HAL_LTDC_ReloadEventCallback
 .text.HAL_LTDC_IRQHandler
                0x08005ede       0xda build/stm32f4xx_hal_ltdc.o
                0x08005ede                HAL_LTDC_IRQHandler
 .text.HAL_LTDC_ConfigLayer
                0x08005fb8       0x68 build/stm32f4xx_hal_ltdc.o
                0x08005fb8                HAL_LTDC_ConfigLayer
 .text.QSPI_WaitFlagStateUntilTimeout
                0x08006020       0x54 build/stm32f4xx_hal_qspi.o
 .text.HAL_QSPI_SetTimeout
                0x08006074        0x4 build/stm32f4xx_hal_qspi.o
                0x08006074                HAL_QSPI_SetTimeout
 .text.HAL_QSPI_Init
                0x08006078       0xb0 build/stm32f4xx_hal_qspi.o
                0x08006078                HAL_QSPI_Init
 .text.SAI_Disable
                0x08006128       0x44 build/stm32f4xx_hal_sai.o
 .text.HAL_SAI_Init
                0x0800616c      0x18c build/stm32f4xx_hal_sai.o
                0x0800616c                HAL_SAI_Init
 .text.SAI_BlockSynchroConfig
                0x080062f8       0x20 build/stm32f4xx_hal_sai_ex.o
                0x080062f8                SAI_BlockSynchroConfig
 .text.SAI_GetInputClock
                0x08006318       0xdc build/stm32f4xx_hal_sai_ex.o
                0x08006318                SAI_GetInputClock
 .text.SDMMC_GetCmdError
                0x080063f4       0x38 build/stm32f4xx_ll_sdmmc.o
 .text.SDIO_Init
                0x0800642c       0x32 build/stm32f4xx_ll_sdmmc.o
                0x0800642c                SDIO_Init
 .text.SDIO_ReadFIFO
                0x0800645e        0x6 build/stm32f4xx_ll_sdmmc.o
                0x0800645e                SDIO_ReadFIFO
 .text.SDIO_WriteFIFO
                0x08006464        0xa build/stm32f4xx_ll_sdmmc.o
                0x08006464                SDIO_WriteFIFO
 .text.SDIO_PowerState_ON
                0x0800646e        0x8 build/stm32f4xx_ll_sdmmc.o
                0x0800646e                SDIO_PowerState_ON
 .text.SDIO_GetPowerState
                0x08006476        0x8 build/stm32f4xx_ll_sdmmc.o
                0x08006476                SDIO_GetPowerState
 .text.SDIO_SendCommand
                0x0800647e       0x24 build/stm32f4xx_ll_sdmmc.o
                0x0800647e                SDIO_SendCommand
 .text.SDIO_GetCommandResponse
                0x080064a2        0x6 build/stm32f4xx_ll_sdmmc.o
                0x080064a2                SDIO_GetCommandResponse
 .text.SDIO_GetResponse
                0x080064a8        0x6 build/stm32f4xx_ll_sdmmc.o
                0x080064a8                SDIO_GetResponse
 .text.SDIO_ConfigData
                0x080064ae       0x24 build/stm32f4xx_ll_sdmmc.o
                0x080064ae                SDIO_ConfigData
 .text.SDMMC_CmdGoIdleState
                0x080064d2       0x26 build/stm32f4xx_ll_sdmmc.o
                0x080064d2                SDMMC_CmdGoIdleState
 .text.SDMMC_GetCmdResp1
                0x080064f8      0x154 build/stm32f4xx_ll_sdmmc.o
                0x080064f8                SDMMC_GetCmdResp1
 .text.SDMMC_CmdBlockLength
                0x0800664c       0x30 build/stm32f4xx_ll_sdmmc.o
                0x0800664c                SDMMC_CmdBlockLength
 .text.SDMMC_CmdReadSingleBlock
                0x0800667c       0x30 build/stm32f4xx_ll_sdmmc.o
                0x0800667c                SDMMC_CmdReadSingleBlock
 .text.SDMMC_CmdReadMultiBlock
                0x080066ac       0x30 build/stm32f4xx_ll_sdmmc.o
                0x080066ac                SDMMC_CmdReadMultiBlock
 .text.SDMMC_CmdWriteSingleBlock
                0x080066dc       0x30 build/stm32f4xx_ll_sdmmc.o
                0x080066dc                SDMMC_CmdWriteSingleBlock
 .text.SDMMC_CmdWriteMultiBlock
                0x0800670c       0x30 build/stm32f4xx_ll_sdmmc.o
                0x0800670c                SDMMC_CmdWriteMultiBlock
 .text.SDMMC_CmdStopTransfer
                0x0800673c       0x34 build/stm32f4xx_ll_sdmmc.o
                0x0800673c                SDMMC_CmdStopTransfer
 .text.SDMMC_CmdSelDesel
                0x08006770       0x30 build/stm32f4xx_ll_sdmmc.o
                0x08006770                SDMMC_CmdSelDesel
 .text.SDMMC_CmdAppCommand
                0x080067a0       0x30 build/stm32f4xx_ll_sdmmc.o
                0x080067a0                SDMMC_CmdAppCommand
 .text.SDMMC_CmdBusWidth
                0x080067d0       0x30 build/stm32f4xx_ll_sdmmc.o
                0x080067d0                SDMMC_CmdBusWidth
 .text.SDMMC_CmdSendSCR
                0x08006800       0x30 build/stm32f4xx_ll_sdmmc.o
                0x08006800                SDMMC_CmdSendSCR
 .text.SDMMC_CmdSendStatus
                0x08006830       0x30 build/stm32f4xx_ll_sdmmc.o
                0x08006830                SDMMC_CmdSendStatus
 .text.SDMMC_GetCmdResp2
                0x08006860       0x5c build/stm32f4xx_ll_sdmmc.o
                0x08006860                SDMMC_GetCmdResp2
 .text.SDMMC_CmdSendCID
                0x080068bc       0x2a build/stm32f4xx_ll_sdmmc.o
                0x080068bc                SDMMC_CmdSendCID
 .text.SDMMC_CmdSendCSD
                0x080068e6       0x2a build/stm32f4xx_ll_sdmmc.o
                0x080068e6                SDMMC_CmdSendCSD
 .text.SDMMC_GetCmdResp3
                0x08006910       0x4c build/stm32f4xx_ll_sdmmc.o
                0x08006910                SDMMC_GetCmdResp3
 .text.SDMMC_CmdAppOperCommand
                0x0800695c       0x32 build/stm32f4xx_ll_sdmmc.o
                0x0800695c                SDMMC_CmdAppOperCommand
 *fill*         0x0800698e        0x2 
 .text.SDMMC_GetCmdResp6
                0x08006990       0xa0 build/stm32f4xx_ll_sdmmc.o
                0x08006990                SDMMC_GetCmdResp6
 .text.SDMMC_CmdSetRelAdd
                0x08006a30       0x30 build/stm32f4xx_ll_sdmmc.o
                0x08006a30                SDMMC_CmdSetRelAdd
 .text.SDMMC_GetCmdResp7
                0x08006a60       0x64 build/stm32f4xx_ll_sdmmc.o
                0x08006a60                SDMMC_GetCmdResp7
 .text.SDMMC_CmdOperCond
                0x08006ac4       0x2e build/stm32f4xx_ll_sdmmc.o
                0x08006ac4                SDMMC_CmdOperCond
 *fill*         0x08006af2        0x2 
 .text.SD_PowerON
                0x08006af4       0xc0 build/stm32f4xx_hal_sd.o
 .text.SD_FindSCR
                0x08006bb4      0x100 build/stm32f4xx_hal_sd.o
 .text.SD_WideBus_Enable
                0x08006cb4       0x4e build/stm32f4xx_hal_sd.o
 .text.SD_WideBus_Disable
                0x08006d02       0x4e build/stm32f4xx_hal_sd.o
 .text.SD_SendStatus
                0x08006d50       0x2c build/stm32f4xx_hal_sd.o
 .text.HAL_SD_ReadBlocks
                0x08006d7c      0x248 build/stm32f4xx_hal_sd.o
                0x08006d7c                HAL_SD_ReadBlocks
 .text.HAL_SD_WriteBlocks
                0x08006fc4      0x200 build/stm32f4xx_hal_sd.o
                0x08006fc4                HAL_SD_WriteBlocks
 .text.HAL_SD_GetCardCSD
                0x080071c4      0x1b8 build/stm32f4xx_hal_sd.o
                0x080071c4                HAL_SD_GetCardCSD
 .text.SD_InitCard
                0x0800737c      0x100 build/stm32f4xx_hal_sd.o
 .text.HAL_SD_InitCard
                0x0800747c       0xa8 build/stm32f4xx_hal_sd.o
                0x0800747c                HAL_SD_InitCard
 .text.HAL_SD_Init
                0x08007524       0x36 build/stm32f4xx_hal_sd.o
                0x08007524                HAL_SD_Init
 .text.HAL_SD_GetCardInfo
                0x0800755a       0x24 build/stm32f4xx_hal_sd.o
                0x0800755a                HAL_SD_GetCardInfo
 *fill*         0x0800757e        0x2 
 .text.HAL_SD_ConfigWideBusOperation
                0x08007580       0xc0 build/stm32f4xx_hal_sd.o
                0x08007580                HAL_SD_ConfigWideBusOperation
 .text.HAL_SD_GetCardState
                0x08007640       0x22 build/stm32f4xx_hal_sd.o
                0x08007640                HAL_SD_GetCardState
 .text.TIM_TI1_ConfigInputStage
                0x08007662       0x26 build/stm32f4xx_hal_tim.o
 .text.TIM_TI2_ConfigInputStage
                0x08007688       0x28 build/stm32f4xx_hal_tim.o
 .text.TIM_ITRx_SetConfig
                0x080076b0       0x10 build/stm32f4xx_hal_tim.o
 .text.HAL_TIM_Base_Start_IT
                0x080076c0       0x88 build/stm32f4xx_hal_tim.o
                0x080076c0                HAL_TIM_Base_Start_IT
 .text.HAL_TIM_OC_DelayElapsedCallback
                0x08007748        0x2 build/stm32f4xx_hal_tim.o
                0x08007748                HAL_TIM_OC_DelayElapsedCallback
 .text.HAL_TIM_IC_CaptureCallback
                0x0800774a        0x2 build/stm32f4xx_hal_tim.o
                0x0800774a                HAL_TIM_IC_CaptureCallback
 .text.HAL_TIM_PWM_PulseFinishedCallback
                0x0800774c        0x2 build/stm32f4xx_hal_tim.o
                0x0800774c                HAL_TIM_PWM_PulseFinishedCallback
 .text.HAL_TIM_TriggerCallback
                0x0800774e        0x2 build/stm32f4xx_hal_tim.o
                0x0800774e                HAL_TIM_TriggerCallback
 .text.HAL_TIM_IRQHandler
                0x08007750      0x17a build/stm32f4xx_hal_tim.o
                0x08007750                HAL_TIM_IRQHandler
 *fill*         0x080078ca        0x2 
 .text.TIM_Base_SetConfig
                0x080078cc       0xc8 build/stm32f4xx_hal_tim.o
                0x080078cc                TIM_Base_SetConfig
 .text.HAL_TIM_Base_Init
                0x08007994       0x58 build/stm32f4xx_hal_tim.o
                0x08007994                HAL_TIM_Base_Init
 .text.TIM_ETR_SetConfig
                0x080079ec       0x1a build/stm32f4xx_hal_tim.o
                0x080079ec                TIM_ETR_SetConfig
 .text.HAL_TIM_ConfigClockSource
                0x08007a06       0xfe build/stm32f4xx_hal_tim.o
                0x08007a06                HAL_TIM_ConfigClockSource
 .text.HAL_TIMEx_MasterConfigSynchronization
                0x08007b04       0x8c build/stm32f4xx_hal_tim_ex.o
                0x08007b04                HAL_TIMEx_MasterConfigSynchronization
 .text.HAL_TIMEx_CommutCallback
                0x08007b90        0x2 build/stm32f4xx_hal_tim_ex.o
                0x08007b90                HAL_TIMEx_CommutCallback
 .text.HAL_TIMEx_BreakCallback
                0x08007b92        0x2 build/stm32f4xx_hal_tim_ex.o
                0x08007b92                HAL_TIMEx_BreakCallback
 .text.UART_SetConfig
                0x08007b94      0x110 build/stm32f4xx_hal_uart.o
 .text.UART_WaitOnFlagUntilTimeout
                0x08007ca4       0x88 build/stm32f4xx_hal_uart.o
 .text.HAL_UART_Init
                0x08007d2c       0x5e build/stm32f4xx_hal_uart.o
                0x08007d2c                HAL_UART_Init
 .text.HAL_UART_Transmit
                0x08007d8a       0xd8 build/stm32f4xx_hal_uart.o
                0x08007d8a                HAL_UART_Transmit
 .text.HAL_UART_Receive
                0x08007e62       0xe4 build/stm32f4xx_hal_uart.o
                0x08007e62                HAL_UART_Receive
 *fill*         0x08007f46        0x2 
 .text.BSP_LED_On
                0x08007f48       0x24 build/stm32469i_discovery.o
                0x08007f48                BSP_LED_On
 .text.BSP_LED_Off
                0x08007f6c       0x24 build/stm32469i_discovery.o
                0x08007f6c                BSP_LED_Off
 .text.BSP_PB_Init
                0x08007f90       0x80 build/stm32469i_discovery.o
                0x08007f90                BSP_PB_Init
 .text.BSP_PB_GetState
                0x08008010       0x14 build/stm32469i_discovery.o
                0x08008010                BSP_PB_GetState
 .text.SystemInit
                0x08008024       0x14 build/system_stm32f4xx.o
                0x08008024                SystemInit
 .text.FATFS_LinkDriverEx
                0x08008038       0x54 build/ff_gen_drv.o
                0x08008038                FATFS_LinkDriverEx
 .text.FATFS_LinkDriver
                0x0800808c        0xa build/ff_gen_drv.o
                0x0800808c                FATFS_LinkDriver
 .text.DeInitStateMachine
                0x08008096       0x62 build/usbh_core.o
 .text.USBH_HandleSof
                0x080080f8       0x1a build/usbh_core.o
 .text.USBH_Init
                0x08008112       0x3e build/usbh_core.o
                0x08008112                USBH_Init
 .text.USBH_RegisterClass
                0x08008150       0x22 build/usbh_core.o
                0x08008150                USBH_RegisterClass
 .text.USBH_SelectInterface
                0x08008172       0x14 build/usbh_core.o
                0x08008172                USBH_SelectInterface
 .text.USBH_FindInterface
                0x08008186       0x54 build/usbh_core.o
                0x08008186                USBH_FindInterface
 .text.USBH_Start
                0x080081da       0x14 build/usbh_core.o
                0x080081da                USBH_Start
 .text.USBH_LL_SetTimer
                0x080081ee        0x6 build/usbh_core.o
                0x080081ee                USBH_LL_SetTimer
 .text.USBH_LL_IncTimer
                0x080081f4       0x12 build/usbh_core.o
                0x080081f4                USBH_LL_IncTimer
 .text.USBH_LL_PortEnabled
                0x08008206        0x8 build/usbh_core.o
                0x08008206                USBH_LL_PortEnabled
 .text.USBH_LL_PortDisabled
                0x0800820e        0x8 build/usbh_core.o
                0x0800820e                USBH_LL_PortDisabled
 .text.USBH_LL_Connect
                0x08008216       0x14 build/usbh_core.o
                0x08008216                USBH_LL_Connect
 .text.USBH_LL_Disconnect
                0x0800822a       0x2c build/usbh_core.o
                0x0800822a                USBH_LL_Disconnect
 .text.USBH_HandleControl
                0x08008256      0x1d8 build/usbh_ctlreq.o
 .text.USBH_CtlReq
                0x0800842e       0x40 build/usbh_ctlreq.o
                0x0800842e                USBH_CtlReq
 .text.USBH_ClrFeature
                0x0800846e       0x24 build/usbh_ctlreq.o
                0x0800846e                USBH_ClrFeature
 .text.USBH_CtlSendSetup
                0x08008492       0x22 build/usbh_ioreq.o
                0x08008492                USBH_CtlSendSetup
 .text.USBH_CtlSendData
                0x080084b4       0x2c build/usbh_ioreq.o
                0x080084b4                USBH_CtlSendData
 .text.USBH_CtlReceiveData
                0x080084e0       0x20 build/usbh_ioreq.o
                0x080084e0                USBH_CtlReceiveData
 .text.USBH_BulkSendData
                0x08008500       0x2c build/usbh_ioreq.o
                0x08008500                USBH_BulkSendData
 .text.USBH_BulkReceiveData
                0x0800852c       0x20 build/usbh_ioreq.o
                0x0800852c                USBH_BulkReceiveData
 .text.USBH_GetFreePipe
                0x0800854c       0x26 build/usbh_pipes.o
 .text.USBH_OpenPipe
                0x08008572       0x20 build/usbh_pipes.o
                0x08008572                USBH_OpenPipe
 .text.USBH_ClosePipe
                0x08008592        0xa build/usbh_pipes.o
                0x08008592                USBH_ClosePipe
 .text.USBH_AllocPipe
                0x0800859c       0x26 build/usbh_pipes.o
                0x0800859c                USBH_AllocPipe
 .text.USBH_FreePipe
                0x080085c2       0x16 build/usbh_pipes.o
                0x080085c2                USBH_FreePipe
 .text.USBH_CDC_SOFProcess
                0x080085d8        0x4 build/usbh_cdc.o
 .text.SetLineCoding
                0x080085dc       0x1a build/usbh_cdc.o
 .text.GetLineCoding
                0x080085f6       0x1a build/usbh_cdc.o
 .text.USBH_CDC_ClassRequest
                0x08008610       0x22 build/usbh_cdc.o
 .text.USBH_CDC_InterfaceDeInit
                0x08008632       0x68 build/usbh_cdc.o
 .text.USBH_CDC_InterfaceInit
                0x0800869a      0x186 build/usbh_cdc.o
 .text.USBH_CDC_TransmitCallback
                0x08008820        0x2 build/usbh_cdc.o
                0x08008820                USBH_CDC_TransmitCallback
 .text.CDC_ProcessTransmission
                0x08008822       0x94 build/usbh_cdc.o
 .text.USBH_CDC_ReceiveCallback
                0x080088b6        0x2 build/usbh_cdc.o
                0x080088b6                USBH_CDC_ReceiveCallback
 .text.CDC_ProcessReception
                0x080088b8       0x68 build/usbh_cdc.o
 .text.USBH_CDC_LineCodingChanged
                0x08008920        0x2 build/usbh_cdc.o
                0x08008920                USBH_CDC_LineCodingChanged
 .text.USBH_CDC_Process
                0x08008922       0xb2 build/usbh_cdc.o
 .text.Reset_Handler
                0x080089d4       0x50 build/startup_stm32f469xx.o
                0x080089d4                Reset_Handler
 .text.Default_Handler
                0x08008a24        0x2 build/startup_stm32f469xx.o
                0x08008a24                RTC_Alarm_IRQHandler
                0x08008a24                HASH_RNG_IRQHandler
                0x08008a24                EXTI2_IRQHandler
                0x08008a24                TIM8_CC_IRQHandler
                0x08008a24                UART8_IRQHandler
                0x08008a24                SPI4_IRQHandler
                0x08008a24                TIM1_CC_IRQHandler
                0x08008a24                DMA2_Stream5_IRQHandler
                0x08008a24                DMA1_Stream5_IRQHandler
                0x08008a24                PVD_IRQHandler
                0x08008a24                SDIO_IRQHandler
                0x08008a24                TAMP_STAMP_IRQHandler
                0x08008a24                CAN2_RX1_IRQHandler
                0x08008a24                EXTI3_IRQHandler
                0x08008a24                TIM8_TRG_COM_TIM14_IRQHandler
                0x08008a24                TIM1_UP_TIM10_IRQHandler
                0x08008a24                TIM8_UP_TIM13_IRQHandler
                0x08008a24                I2C3_ER_IRQHandler
                0x08008a24                EXTI0_IRQHandler
                0x08008a24                I2C2_EV_IRQHandler
                0x08008a24                DMA1_Stream2_IRQHandler
                0x08008a24                CAN1_RX0_IRQHandler
                0x08008a24                FPU_IRQHandler
                0x08008a24                OTG_HS_WKUP_IRQHandler
                0x08008a24                LTDC_ER_IRQHandler
                0x08008a24                CAN2_SCE_IRQHandler
                0x08008a24                DMA2_Stream2_IRQHandler
                0x08008a24                SPI1_IRQHandler
                0x08008a24                TIM1_BRK_TIM9_IRQHandler
                0x08008a24                DCMI_IRQHandler
                0x08008a24                CAN2_RX0_IRQHandler
                0x08008a24                DMA2_Stream3_IRQHandler
                0x08008a24                USART6_IRQHandler
                0x08008a24                USART3_IRQHandler
                0x08008a24                CAN1_RX1_IRQHandler
                0x08008a24                UART5_IRQHandler
                0x08008a24                DMA2_Stream0_IRQHandler
                0x08008a24                TIM4_IRQHandler
                0x08008a24                QUADSPI_IRQHandler
                0x08008a24                I2C1_EV_IRQHandler
                0x08008a24                DMA1_Stream6_IRQHandler
                0x08008a24                DMA1_Stream1_IRQHandler
                0x08008a24                UART4_IRQHandler
                0x08008a24                TIM3_IRQHandler
                0x08008a24                RCC_IRQHandler
                0x08008a24                TIM8_BRK_TIM12_IRQHandler
                0x08008a24                Default_Handler
                0x08008a24                EXTI15_10_IRQHandler
                0x08008a24                ADC_IRQHandler
                0x08008a24                DMA1_Stream7_IRQHandler
                0x08008a24                SPI5_IRQHandler
                0x08008a24                TIM7_IRQHandler
                0x08008a24                CAN2_TX_IRQHandler
                0x08008a24                TIM5_IRQHandler
                0x08008a24                DMA2_Stream7_IRQHandler
                0x08008a24                I2C3_EV_IRQHandler
                0x08008a24                EXTI9_5_IRQHandler
                0x08008a24                RTC_WKUP_IRQHandler
                0x08008a24                ETH_WKUP_IRQHandler
                0x08008a24                SPI2_IRQHandler
                0x08008a24                OTG_HS_EP1_IN_IRQHandler
                0x08008a24                DMA1_Stream0_IRQHandler
                0x08008a24                CAN1_TX_IRQHandler
                0x08008a24                EXTI4_IRQHandler
                0x08008a24                ETH_IRQHandler
                0x08008a24                OTG_HS_EP1_OUT_IRQHandler
                0x08008a24                WWDG_IRQHandler
                0x08008a24                SPI6_IRQHandler
                0x08008a24                TIM2_IRQHandler
                0x08008a24                OTG_FS_WKUP_IRQHandler
                0x08008a24                TIM1_TRG_COM_TIM11_IRQHandler
                0x08008a24                OTG_HS_IRQHandler
                0x08008a24                EXTI1_IRQHandler
                0x08008a24                UART7_IRQHandler
                0x08008a24                USART2_IRQHandler
                0x08008a24                I2C2_ER_IRQHandler
                0x08008a24                DMA2_Stream1_IRQHandler
                0x08008a24                CAN1_SCE_IRQHandler
                0x08008a24                FLASH_IRQHandler
                0x08008a24                DMA2_Stream4_IRQHandler
                0x08008a24                USART1_IRQHandler
                0x08008a24                SPI3_IRQHandler
                0x08008a24                DMA1_Stream4_IRQHandler
                0x08008a24                I2C1_ER_IRQHandler
                0x08008a24                FMC_IRQHandler
                0x08008a24                DMA2_Stream6_IRQHandler
                0x08008a24                SAI1_IRQHandler
                0x08008a24                DMA1_Stream3_IRQHandler
 *fill*         0x08008a26        0x2 
 .text.__libc_init_array
                0x08008a28       0x48 c:/program files (x86)/gnu arm embedded toolchain/10 2021.10/bin/../lib/gcc/arm-none-eabi/10.3.1/../../../../arm-none-eabi/lib/thumb/v7e-m+fp/hard\libc_nano.a(lib_a-init.o)
                0x08008a28                __libc_init_array
 .text.malloc   0x08008a70       0x10 c:/program files (x86)/gnu arm embedded toolchain/10 2021.10/bin/../lib/gcc/arm-none-eabi/10.3.1/../../../../arm-none-eabi/lib/thumb/v7e-m+fp/hard\libc_nano.a(lib_a-malloc.o)
                0x08008a70                malloc
 .text.free     0x08008a80       0x10 c:/program files (x86)/gnu arm embedded toolchain/10 2021.10/bin/../lib/gcc/arm-none-eabi/10.3.1/../../../../arm-none-eabi/lib/thumb/v7e-m+fp/hard\libc_nano.a(lib_a-malloc.o)
                0x08008a80                free
 .text.memset   0x08008a90       0x10 c:/program files (x86)/gnu arm embedded toolchain/10 2021.10/bin/../lib/gcc/arm-none-eabi/10.3.1/../../../../arm-none-eabi/lib/thumb/v7e-m+fp/hard\libc_nano.a(lib_a-memset.o)
                0x08008a90                memset
 .text._free_r  0x08008aa0       0x98 c:/program files (x86)/gnu arm embedded toolchain/10 2021.10/bin/../lib/gcc/arm-none-eabi/10.3.1/../../../../arm-none-eabi/lib/thumb/v7e-m+fp/hard\libc_nano.a(lib_a-nano-freer.o)
                0x08008aa0                _free_r
 .text.sbrk_aligned
                0x08008b38       0x40 c:/program files (x86)/gnu arm embedded toolchain/10 2021.10/bin/../lib/gcc/arm-none-eabi/10.3.1/../../../../arm-none-eabi/lib/thumb/v7e-m+fp/hard\libc_nano.a(lib_a-nano-mallocr.o)
 .text._malloc_r
                0x08008b78       0xe8 c:/program files (x86)/gnu arm embedded toolchain/10 2021.10/bin/../lib/gcc/arm-none-eabi/10.3.1/../../../../arm-none-eabi/lib/thumb/v7e-m+fp/hard\libc_nano.a(lib_a-nano-mallocr.o)
                0x08008b78                _malloc_r
 .text.printf   0x08008c60       0x30 c:/program files (x86)/gnu arm embedded toolchain/10 2021.10/bin/../lib/gcc/arm-none-eabi/10.3.1/../../../../arm-none-eabi/lib/thumb/v7e-m+fp/hard\libc_nano.a(lib_a-printf.o)
                0x08008c60                iprintf
                0x08008c60                printf
 .text._puts_r  0x08008c90       0xdc c:/program files (x86)/gnu arm embedded toolchain/10 2021.10/bin/../lib/gcc/arm-none-eabi/10.3.1/../../../../arm-none-eabi/lib/thumb/v7e-m+fp/hard\libc_nano.a(lib_a-puts.o)
                0x08008c90                _puts_r
 .text.puts     0x08008d6c       0x10 c:/program files (x86)/gnu arm embedded toolchain/10 2021.10/bin/../lib/gcc/arm-none-eabi/10.3.1/../../../../arm-none-eabi/lib/thumb/v7e-m+fp/hard\libc_nano.a(lib_a-puts.o)
                0x08008d6c                puts
 .text._sbrk_r  0x08008d7c       0x20 c:/program files (x86)/gnu arm embedded toolchain/10 2021.10/bin/../lib/gcc/arm-none-eabi/10.3.1/../../../../arm-none-eabi/lib/thumb/v7e-m+fp/hard\libc_nano.a(lib_a-sbrkr.o)
                0x08008d7c                _sbrk_r
 .text.__swbuf_r
                0x08008d9c       0xa4 c:/program files (x86)/gnu arm embedded toolchain/10 2021.10/bin/../lib/gcc/arm-none-eabi/10.3.1/../../../../arm-none-eabi/lib/thumb/v7e-m+fp/hard\libc_nano.a(lib_a-wbuf.o)
                0x08008d9c                __swbuf_r
 .text.__swsetup_r
                0x08008e40       0xdc c:/program files (x86)/gnu arm embedded toolchain/10 2021.10/bin/../lib/gcc/arm-none-eabi/10.3.1/../../../../arm-none-eabi/lib/thumb/v7e-m+fp/hard\libc_nano.a(lib_a-wsetup.o)
                0x08008e40                __swsetup_r
 .text.__sflush_r
                0x08008f1c      0x10c c:/program files (x86)/gnu arm embedded toolchain/10 2021.10/bin/../lib/gcc/arm-none-eabi/10.3.1/../../../../arm-none-eabi/lib/thumb/v7e-m+fp/hard\libc_nano.a(lib_a-fflush.o)
                0x08008f1c                __sflush_r
 .text._fflush_r
                0x08009028       0x78 c:/program files (x86)/gnu arm embedded toolchain/10 2021.10/bin/../lib/gcc/arm-none-eabi/10.3.1/../../../../arm-none-eabi/lib/thumb/v7e-m+fp/hard\libc_nano.a(lib_a-fflush.o)
                0x08009028                _fflush_r
 .text.std      0x080090a0       0x48 c:/program files (x86)/gnu arm embedded toolchain/10 2021.10/bin/../lib/gcc/arm-none-eabi/10.3.1/../../../../arm-none-eabi/lib/thumb/v7e-m+fp/hard\libc_nano.a(lib_a-findfp.o)
 .text._cleanup_r
                0x080090e8        0xc c:/program files (x86)/gnu arm embedded toolchain/10 2021.10/bin/../lib/gcc/arm-none-eabi/10.3.1/../../../../arm-none-eabi/lib/thumb/v7e-m+fp/hard\libc_nano.a(lib_a-findfp.o)
                0x080090e8                _cleanup_r
 .text.__sfmoreglue
                0x080090f4       0x2c c:/program files (x86)/gnu arm embedded toolchain/10 2021.10/bin/../lib/gcc/arm-none-eabi/10.3.1/../../../../arm-none-eabi/lib/thumb/v7e-m+fp/hard\libc_nano.a(lib_a-findfp.o)
                0x080090f4                __sfmoreglue
 .text.__sfp_lock_acquire
                0x08009120        0xc c:/program files (x86)/gnu arm embedded toolchain/10 2021.10/bin/../lib/gcc/arm-none-eabi/10.3.1/../../../../arm-none-eabi/lib/thumb/v7e-m+fp/hard\libc_nano.a(lib_a-findfp.o)
                0x08009120                __sfp_lock_acquire
 .text.__sfp_lock_release
                0x0800912c        0xc c:/program files (x86)/gnu arm embedded toolchain/10 2021.10/bin/../lib/gcc/arm-none-eabi/10.3.1/../../../../arm-none-eabi/lib/thumb/v7e-m+fp/hard\libc_nano.a(lib_a-findfp.o)
                0x0800912c                __sfp_lock_release
 .text.__sinit_lock_acquire
                0x08009138        0xc c:/program files (x86)/gnu arm embedded toolchain/10 2021.10/bin/../lib/gcc/arm-none-eabi/10.3.1/../../../../arm-none-eabi/lib/thumb/v7e-m+fp/hard\libc_nano.a(lib_a-findfp.o)
                0x08009138                __sinit_lock_acquire
 .text.__sinit_lock_release
                0x08009144        0xc c:/program files (x86)/gnu arm embedded toolchain/10 2021.10/bin/../lib/gcc/arm-none-eabi/10.3.1/../../../../arm-none-eabi/lib/thumb/v7e-m+fp/hard\libc_nano.a(lib_a-findfp.o)
                0x08009144                __sinit_lock_release
 .text.__sinit  0x08009150       0x70 c:/program files (x86)/gnu arm embedded toolchain/10 2021.10/bin/../lib/gcc/arm-none-eabi/10.3.1/../../../../arm-none-eabi/lib/thumb/v7e-m+fp/hard\libc_nano.a(lib_a-findfp.o)
                0x08009150                __sinit
 .text.__sfp    0x080091c0       0x8c c:/program files (x86)/gnu arm embedded toolchain/10 2021.10/bin/../lib/gcc/arm-none-eabi/10.3.1/../../../../arm-none-eabi/lib/thumb/v7e-m+fp/hard\libc_nano.a(lib_a-findfp.o)
                0x080091c0                __sfp
 .text._fwalk_reent
                0x0800924c       0x3e c:/program files (x86)/gnu arm embedded toolchain/10 2021.10/bin/../lib/gcc/arm-none-eabi/10.3.1/../../../../arm-none-eabi/lib/thumb/v7e-m+fp/hard\libc_nano.a(lib_a-fwalk.o)
                0x0800924c                _fwalk_reent
 .text.__retarget_lock_init_recursive
                0x0800928a        0x2 c:/program files (x86)/gnu arm embedded toolchain/10 2021.10/bin/../lib/gcc/arm-none-eabi/10.3.1/../../../../arm-none-eabi/lib/thumb/v7e-m+fp/hard\libc_nano.a(lib_a-lock.o)
                0x0800928a                __retarget_lock_init_recursive
 .text.__retarget_lock_acquire_recursive
                0x0800928c        0x2 c:/program files (x86)/gnu arm embedded toolchain/10 2021.10/bin/../lib/gcc/arm-none-eabi/10.3.1/../../../../arm-none-eabi/lib/thumb/v7e-m+fp/hard\libc_nano.a(lib_a-lock.o)
                0x0800928c                __retarget_lock_acquire_recursive
 .text.__retarget_lock_release_recursive
                0x0800928e        0x2 c:/program files (x86)/gnu arm embedded toolchain/10 2021.10/bin/../lib/gcc/arm-none-eabi/10.3.1/../../../../arm-none-eabi/lib/thumb/v7e-m+fp/hard\libc_nano.a(lib_a-lock.o)
                0x0800928e                __retarget_lock_release_recursive
 .text.__swhatbuf_r
                0x08009290       0x4a c:/program files (x86)/gnu arm embedded toolchain/10 2021.10/bin/../lib/gcc/arm-none-eabi/10.3.1/../../../../arm-none-eabi/lib/thumb/v7e-m+fp/hard\libc_nano.a(lib_a-makebuf.o)
                0x08009290                __swhatbuf_r
 *fill*         0x080092da        0x2 
 .text.__smakebuf_r
                0x080092dc       0x80 c:/program files (x86)/gnu arm embedded toolchain/10 2021.10/bin/../lib/gcc/arm-none-eabi/10.3.1/../../../../arm-none-eabi/lib/thumb/v7e-m+fp/hard\libc_nano.a(lib_a-makebuf.o)
                0x080092dc                __smakebuf_r
 .text.__malloc_lock
                0x0800935c        0xc c:/program files (x86)/gnu arm embedded toolchain/10 2021.10/bin/../lib/gcc/arm-none-eabi/10.3.1/../../../../arm-none-eabi/lib/thumb/v7e-m+fp/hard\libc_nano.a(lib_a-mlock.o)
                0x0800935c                __malloc_lock
 .text.__malloc_unlock
                0x08009368        0xc c:/program files (x86)/gnu arm embedded toolchain/10 2021.10/bin/../lib/gcc/arm-none-eabi/10.3.1/../../../../arm-none-eabi/lib/thumb/v7e-m+fp/hard\libc_nano.a(lib_a-mlock.o)
                0x08009368                __malloc_unlock
 .text.__sfputc_r
                0x08009374       0x2e c:/program files (x86)/gnu arm embedded toolchain/10 2021.10/bin/../lib/gcc/arm-none-eabi/10.3.1/../../../../arm-none-eabi/lib/thumb/v7e-m+fp/hard\libc_nano.a(lib_a-nano-vfprintf.o)
 .text.__sfputs_r
                0x080093a2       0x24 c:/program files (x86)/gnu arm embedded toolchain/10 2021.10/bin/../lib/gcc/arm-none-eabi/10.3.1/../../../../arm-none-eabi/lib/thumb/v7e-m+fp/hard\libc_nano.a(lib_a-nano-vfprintf.o)
                0x080093a2                __sfputs_r
 *fill*         0x080093c6        0x2 
 .text._vfprintf_r
                0x080093c8      0x260 c:/program files (x86)/gnu arm embedded toolchain/10 2021.10/bin/../lib/gcc/arm-none-eabi/10.3.1/../../../../arm-none-eabi/lib/thumb/v7e-m+fp/hard\libc_nano.a(lib_a-nano-vfprintf.o)
                0x080093c8                _vfprintf_r
                0x080093c8                _vfiprintf_r
 .text._printf_common
                0x08009628       0xda c:/program files (x86)/gnu arm embedded toolchain/10 2021.10/bin/../lib/gcc/arm-none-eabi/10.3.1/../../../../arm-none-eabi/lib/thumb/v7e-m+fp/hard\libc_nano.a(lib_a-nano-vfprintf_i.o)
                0x08009628                _printf_common
 *fill*         0x08009702        0x2 
 .text._printf_i
                0x08009704      0x24c c:/program files (x86)/gnu arm embedded toolchain/10 2021.10/bin/../lib/gcc/arm-none-eabi/10.3.1/../../../../arm-none-eabi/lib/thumb/v7e-m+fp/hard\libc_nano.a(lib_a-nano-vfprintf_i.o)
                0x08009704                _printf_i
 .text.__sread  0x08009950       0x22 c:/program files (x86)/gnu arm embedded toolchain/10 2021.10/bin/../lib/gcc/arm-none-eabi/10.3.1/../../../../arm-none-eabi/lib/thumb/v7e-m+fp/hard\libc_nano.a(lib_a-stdio.o)
                0x08009950                __sread
 .text.__swrite
                0x08009972       0x38 c:/program files (x86)/gnu arm embedded toolchain/10 2021.10/bin/../lib/gcc/arm-none-eabi/10.3.1/../../../../arm-none-eabi/lib/thumb/v7e-m+fp/hard\libc_nano.a(lib_a-stdio.o)
                0x08009972                __swrite
 .text.__sseek  0x080099aa       0x24 c:/program files (x86)/gnu arm embedded toolchain/10 2021.10/bin/../lib/gcc/arm-none-eabi/10.3.1/../../../../arm-none-eabi/lib/thumb/v7e-m+fp/hard\libc_nano.a(lib_a-stdio.o)
                0x080099aa                __sseek
 .text.__sclose
                0x080099ce        0x8 c:/program files (x86)/gnu arm embedded toolchain/10 2021.10/bin/../lib/gcc/arm-none-eabi/10.3.1/../../../../arm-none-eabi/lib/thumb/v7e-m+fp/hard\libc_nano.a(lib_a-stdio.o)
                0x080099ce                __sclose
 *fill*         0x080099d6        0x2 
 .text._write_r
                0x080099d8       0x24 c:/program files (x86)/gnu arm embedded toolchain/10 2021.10/bin/../lib/gcc/arm-none-eabi/10.3.1/../../../../arm-none-eabi/lib/thumb/v7e-m+fp/hard\libc_nano.a(lib_a-writer.o)
                0x080099d8                _write_r
 .text._close_r
                0x080099fc       0x20 c:/program files (x86)/gnu arm embedded toolchain/10 2021.10/bin/../lib/gcc/arm-none-eabi/10.3.1/../../../../arm-none-eabi/lib/thumb/v7e-m+fp/hard\libc_nano.a(lib_a-closer.o)
                0x080099fc                _close_r
 .text._fstat_r
                0x08009a1c       0x24 c:/program files (x86)/gnu arm embedded toolchain/10 2021.10/bin/../lib/gcc/arm-none-eabi/10.3.1/../../../../arm-none-eabi/lib/thumb/v7e-m+fp/hard\libc_nano.a(lib_a-fstatr.o)
                0x08009a1c                _fstat_r
 .text._isatty_r
                0x08009a40       0x20 c:/program files (x86)/gnu arm embedded toolchain/10 2021.10/bin/../lib/gcc/arm-none-eabi/10.3.1/../../../../arm-none-eabi/lib/thumb/v7e-m+fp/hard\libc_nano.a(lib_a-isattyr.o)
                0x08009a40                _isatty_r
 .text._lseek_r
                0x08009a60       0x24 c:/program files (x86)/gnu arm embedded toolchain/10 2021.10/bin/../lib/gcc/arm-none-eabi/10.3.1/../../../../arm-none-eabi/lib/thumb/v7e-m+fp/hard\libc_nano.a(lib_a-lseekr.o)
                0x08009a60                _lseek_r
 .text._read_r  0x08009a84       0x24 c:/program files (x86)/gnu arm embedded toolchain/10 2021.10/bin/../lib/gcc/arm-none-eabi/10.3.1/../../../../arm-none-eabi/lib/thumb/v7e-m+fp/hard\libc_nano.a(lib_a-readr.o)
                0x08009a84                _read_r
 .text._close   0x08009aa8       0x10 c:/program files (x86)/gnu arm embedded toolchain/10 2021.10/bin/../lib/gcc/arm-none-eabi/10.3.1/../../../../arm-none-eabi/lib/thumb/v7e-m+fp/hard\libnosys.a(close.o)
                0x08009aa8                _close
 .text._fstat   0x08009ab8       0x10 c:/program files (x86)/gnu arm embedded toolchain/10 2021.10/bin/../lib/gcc/arm-none-eabi/10.3.1/../../../../arm-none-eabi/lib/thumb/v7e-m+fp/hard\libnosys.a(fstat.o)
                0x08009ab8                _fstat
 .text._isatty  0x08009ac8       0x10 c:/program files (x86)/gnu arm embedded toolchain/10 2021.10/bin/../lib/gcc/arm-none-eabi/10.3.1/../../../../arm-none-eabi/lib/thumb/v7e-m+fp/hard\libnosys.a(isatty.o)
                0x08009ac8                _isatty
 .text._lseek   0x08009ad8       0x10 c:/program files (x86)/gnu arm embedded toolchain/10 2021.10/bin/../lib/gcc/arm-none-eabi/10.3.1/../../../../arm-none-eabi/lib/thumb/v7e-m+fp/hard\libnosys.a(lseek.o)
                0x08009ad8                _lseek
 .text._read    0x08009ae8       0x10 c:/program files (x86)/gnu arm embedded toolchain/10 2021.10/bin/../lib/gcc/arm-none-eabi/10.3.1/../../../../arm-none-eabi/lib/thumb/v7e-m+fp/hard\libnosys.a(read.o)
                0x08009ae8                _read
 .text._sbrk    0x08009af8       0x1c c:/program files (x86)/gnu arm embedded toolchain/10 2021.10/bin/../lib/gcc/arm-none-eabi/10.3.1/../../../../arm-none-eabi/lib/thumb/v7e-m+fp/hard\libnosys.a(sbrk.o)
                0x08009af8                _sbrk
 *(.glue_7)
 .glue_7        0x08009b14        0x0 linker stubs
 *(.glue_7t)
 .glue_7t       0x08009b14        0x0 linker stubs
 *(.eh_frame)
 .eh_frame      0x08009b14        0x0 c:/program files (x86)/gnu arm embedded toolchain/10 2021.10/bin/../lib/gcc/arm-none-eabi/10.3.1/thumb/v7e-m+fp/hard/crtbegin.o
 *(.init)
 .init          0x08009b14        0x4 c:/program files (x86)/gnu arm embedded toolchain/10 2021.10/bin/../lib/gcc/arm-none-eabi/10.3.1/thumb/v7e-m+fp/hard/crti.o
                0x08009b14                _init
 .init          0x08009b18        0x8 c:/program files (x86)/gnu arm embedded toolchain/10 2021.10/bin/../lib/gcc/arm-none-eabi/10.3.1/thumb/v7e-m+fp/hard/crtn.o
 *(.fini)
 .fini          0x08009b20        0x4 c:/program files (x86)/gnu arm embedded toolchain/10 2021.10/bin/../lib/gcc/arm-none-eabi/10.3.1/thumb/v7e-m+fp/hard/crti.o
                0x08009b20                _fini
 .fini          0x08009b24        0x8 c:/program files (x86)/gnu arm embedded toolchain/10 2021.10/bin/../lib/gcc/arm-none-eabi/10.3.1/thumb/v7e-m+fp/hard/crtn.o
                0x08009b2c                . = ALIGN (0x4)
                0x08009b2c                _etext = .

.vfp11_veneer   0x08009b2c        0x0
 .vfp11_veneer  0x08009b2c        0x0 linker stubs

.v4_bx          0x08009b2c        0x0
 .v4_bx         0x08009b2c        0x0 linker stubs

.iplt           0x08009b2c        0x0
 .iplt          0x08009b2c        0x0 c:/program files (x86)/gnu arm embedded toolchain/10 2021.10/bin/../lib/gcc/arm-none-eabi/10.3.1/thumb/v7e-m+fp/hard/crtbegin.o

.rodata         0x08009b2c      0x77c
                0x08009b2c                . = ALIGN (0x4)
 *(.rodata)
 *(.rodata*)
 .rodata.main.str1.4
                0x08009b2c       0x59 build/main.o
 *fill*         0x08009b85        0x3 
 .rodata.str1.4
                0x08009b88       0x1d build/main.o
 *fill*         0x08009ba5        0x3 
 .rodata.SerialDownload.str1.4
                0x08009ba8      0x154 build/menu.o
 .rodata.SerialUpload.str1.4
                0x08009cfc       0x80 build/menu.o
 .rodata.Main_Menu.str1.4
                0x08009d7c      0x463 build/menu.o
 *fill*         0x0800a1df        0x1 
 .rodata.SD_Driver
                0x0800a1e0       0x14 build/sd_diskio.o
                0x0800a1e0                SD_Driver
 .rodata.AHBPrescTable
                0x0800a1f4       0x10 build/system_stm32f4xx.o
                0x0800a1f4                AHBPrescTable
 .rodata.APBPrescTable
                0x0800a204        0x8 build/system_stm32f4xx.o
                0x0800a204                APBPrescTable
 .rodata.str1.4
                0x0800a20c        0x4 build/usbh_cdc.o
 .rodata._global_impure_ptr
                0x0800a210        0x4 c:/program files (x86)/gnu arm embedded toolchain/10 2021.10/bin/../lib/gcc/arm-none-eabi/10.3.1/../../../../arm-none-eabi/lib/thumb/v7e-m+fp/hard\libc_nano.a(lib_a-impure.o)
                0x0800a210                _global_impure_ptr
 .rodata.__sf_fake_stderr
                0x0800a214       0x20 c:/program files (x86)/gnu arm embedded toolchain/10 2021.10/bin/../lib/gcc/arm-none-eabi/10.3.1/../../../../arm-none-eabi/lib/thumb/v7e-m+fp/hard\libc_nano.a(lib_a-findfp.o)
                0x0800a214                __sf_fake_stderr
 .rodata.__sf_fake_stdin
                0x0800a234       0x20 c:/program files (x86)/gnu arm embedded toolchain/10 2021.10/bin/../lib/gcc/arm-none-eabi/10.3.1/../../../../arm-none-eabi/lib/thumb/v7e-m+fp/hard\libc_nano.a(lib_a-findfp.o)
                0x0800a234                __sf_fake_stdin
 .rodata.__sf_fake_stdout
                0x0800a254       0x20 c:/program files (x86)/gnu arm embedded toolchain/10 2021.10/bin/../lib/gcc/arm-none-eabi/10.3.1/../../../../arm-none-eabi/lib/thumb/v7e-m+fp/hard\libc_nano.a(lib_a-findfp.o)
                0x0800a254                __sf_fake_stdout
 .rodata._vfprintf_r.str1.1
                0x0800a274       0x11 c:/program files (x86)/gnu arm embedded toolchain/10 2021.10/bin/../lib/gcc/arm-none-eabi/10.3.1/../../../../arm-none-eabi/lib/thumb/v7e-m+fp/hard\libc_nano.a(lib_a-nano-vfprintf.o)
 .rodata._printf_i.str1.1
                0x0800a285       0x22 c:/program files (x86)/gnu arm embedded toolchain/10 2021.10/bin/../lib/gcc/arm-none-eabi/10.3.1/../../../../arm-none-eabi/lib/thumb/v7e-m+fp/hard\libc_nano.a(lib_a-nano-vfprintf_i.o)
                0x0800a2a8                . = ALIGN (0x4)
 *fill*         0x0800a2a7        0x1 

.ARM.extab
 *(.ARM.extab* .gnu.linkonce.armextab.*)

.ARM            0x0800a2a8        0x8
                0x0800a2a8                __exidx_start = .
 *(.ARM.exidx*)
 .ARM.exidx     0x0800a2a8        0x8 c:/program files (x86)/gnu arm embedded toolchain/10 2021.10/bin/../lib/gcc/arm-none-eabi/10.3.1/thumb/v7e-m+fp/hard\libgcc.a(_udivmoddi4.o)
                0x0800a2b0                __exidx_end = .

.rel.dyn        0x0800a2b0        0x0
 .rel.iplt      0x0800a2b0        0x0 c:/program files (x86)/gnu arm embedded toolchain/10 2021.10/bin/../lib/gcc/arm-none-eabi/10.3.1/thumb/v7e-m+fp/hard/crtbegin.o

.preinit_array  0x0800a2b0        0x0
                0x0800a2b0                PROVIDE (__preinit_array_start = .)
 *(.preinit_array*)
                0x0800a2b0                PROVIDE (__preinit_array_end = .)

.init_array     0x0800a2b0        0x4
                0x0800a2b0                PROVIDE (__init_array_start = .)
 *(SORT_BY_NAME(.init_array.*))
 *(.init_array*)
 .init_array    0x0800a2b0        0x4 c:/program files (x86)/gnu arm embedded toolchain/10 2021.10/bin/../lib/gcc/arm-none-eabi/10.3.1/thumb/v7e-m+fp/hard/crtbegin.o
                0x0800a2b4                PROVIDE (__init_array_end = .)

.fini_array     0x0800a2b4        0x4
                [!provide]                PROVIDE (__fini_array_start = .)
 *(SORT_BY_NAME(.fini_array.*))
 *(.fini_array*)
 .fini_array    0x0800a2b4        0x4 c:/program files (x86)/gnu arm embedded toolchain/10 2021.10/bin/../lib/gcc/arm-none-eabi/10.3.1/thumb/v7e-m+fp/hard/crtbegin.o
                [!provide]                PROVIDE (__fini_array_end = .)
                0x0800a2b8                _sidata = LOADADDR (.data)

.data           0x20000000       0xc0 load address 0x0800a2b8
                0x20000000                . = ALIGN (0x4)
                0x20000000                _sdata = .
 *(.data)
 *(.data*)
 .data.COMPILE_DATA
                0x20000000        0x4 build/main.o
                0x20000000                COMPILE_DATA
 .data.COMPILE_TIME
                0x20000004        0x4 build/main.o
                0x20000004                COMPILE_TIME
 .data.FW_VERSION
                0x20000008        0x4 build/main.o
                0x20000008                FW_VERSION
 .data.Stat     0x2000000c        0x1 build/sd_diskio.o
 .data.uwTickFreq
                0x2000000d        0x1 build/stm32f4xx_hal.o
                0x2000000d                uwTickFreq
 *fill*         0x2000000e        0x2 
 .data.uwTickPrio
                0x20000010        0x4 build/stm32f4xx_hal.o
                0x20000010                uwTickPrio
 .data.BUTTON_PORT
                0x20000014        0x4 build/stm32469i_discovery.o
                0x20000014                BUTTON_PORT
 .data.GPIO_PIN
                0x20000018       0x10 build/stm32469i_discovery.o
                0x20000018                GPIO_PIN
 .data.GPIO_PORT
                0x20000028       0x10 build/stm32469i_discovery.o
                0x20000028                GPIO_PORT
 .data.SystemCoreClock
                0x20000038        0x4 build/system_stm32f4xx.o
                0x20000038                SystemCoreClock
 .data.CDC_Class
                0x2000003c       0x20 build/usbh_cdc.o
                0x2000003c                CDC_Class
 .data._impure_ptr
                0x2000005c        0x4 c:/program files (x86)/gnu arm embedded toolchain/10 2021.10/bin/../lib/gcc/arm-none-eabi/10.3.1/../../../../arm-none-eabi/lib/thumb/v7e-m+fp/hard\libc_nano.a(lib_a-impure.o)
                0x2000005c                _impure_ptr
 .data.impure_data
                0x20000060       0x60 c:/program files (x86)/gnu arm embedded toolchain/10 2021.10/bin/../lib/gcc/arm-none-eabi/10.3.1/../../../../arm-none-eabi/lib/thumb/v7e-m+fp/hard\libc_nano.a(lib_a-impure.o)
                0x200000c0                . = ALIGN (0x4)
                0x200000c0                _edata = .
                0x0800a378                _siccmram = LOADADDR (.ccmram)

.igot.plt       0x200000c0        0x0 load address 0x0800a378
 .igot.plt      0x200000c0        0x0 c:/program files (x86)/gnu arm embedded toolchain/10 2021.10/bin/../lib/gcc/arm-none-eabi/10.3.1/thumb/v7e-m+fp/hard/crtbegin.o

.ccmram         0x10000000        0x0 load address 0x0800a378
                0x10000000                . = ALIGN (0x4)
                0x10000000                _sccmram = .
 *(.ccmram)
 *(.ccmram*)
                0x10000000                . = ALIGN (0x4)
                0x10000000                _eccmram = .
                0x10000000                . = ALIGN (0x4)

.bss            0x200000c0      0xff8
                0x200000c0                _sbss = .
                0x200000c0                __bss_start__ = _sbss
 *(.bss)
 .bss           0x200000c0       0x1c c:/program files (x86)/gnu arm embedded toolchain/10 2021.10/bin/../lib/gcc/arm-none-eabi/10.3.1/thumb/v7e-m+fp/hard/crtbegin.o
 *(.bss*)
 .bss.hcrc      0x200000dc        0x8 build/main.o
                0x200000dc                hcrc
 .bss.hdma2d    0x200000e4       0x40 build/main.o
                0x200000e4                hdma2d
 .bss.hdsi      0x20000124       0x1c build/main.o
                0x20000124                hdsi
 .bss.hi2c1     0x20000140       0x54 build/main.o
                0x20000140                hi2c1
 .bss.hi2c2     0x20000194       0x54 build/main.o
                0x20000194                hi2c2
 .bss.hltdc     0x200001e8       0xa8 build/main.o
                0x200001e8                hltdc
 .bss.hqspi     0x20000290       0x4c build/main.o
                0x20000290                hqspi
 .bss.hsai_BlockA1
                0x200002dc       0x88 build/main.o
                0x200002dc                hsai_BlockA1
 .bss.hsd       0x20000364       0x84 build/main.o
                0x20000364                hsd
 .bss.hsdram1   0x200003e8       0x34 build/main.o
                0x200003e8                hsdram1
 .bss.htim1     0x2000041c       0x48 build/main.o
                0x2000041c                htim1
 .bss.huart3    0x20000464       0x44 build/main.o
                0x20000464                huart3
 .bss.huart6    0x200004a8       0x44 build/main.o
                0x200004a8                huart6
 .bss.FMC_Initialized
                0x200004ec        0x4 build/stm32f4xx_hal_msp.o
 .bss.SAI1_client
                0x200004f0        0x4 build/stm32f4xx_hal_msp.o
 .bss.htim6     0x200004f4       0x48 build/stm32f4xx_hal_timebase_tim.o
                0x200004f4                htim6
 .bss.FlashProtection
                0x2000053c        0x4 build/menu.o
                0x2000053c                FlashProtection
 .bss.JumpAddress
                0x20000540        0x4 build/menu.o
                0x20000540                JumpAddress
 .bss.JumpToApplication
                0x20000544        0x4 build/menu.o
                0x20000544                JumpToApplication
 .bss.aFileName
                0x20000548       0x40 build/menu.o
                0x20000548                aFileName
 .bss.aPacketData
                0x20000588      0x406 build/ymodem.o
                0x20000588                aPacketData
 *fill*         0x2000098e        0x2 
 .bss.SDPath    0x20000990        0x4 build/fatfs.o
                0x20000990                SDPath
 .bss.retSD     0x20000994        0x1 build/fatfs.o
                0x20000994                retSD
 .bss.Appli_state
                0x20000995        0x1 build/usb_host.o
                0x20000995                Appli_state
 *fill*         0x20000996        0x2 
 .bss.hUsbHostFS
                0x20000998      0x3d8 build/usb_host.o
                0x20000998                hUsbHostFS
 .bss.hhcd_USB_OTG_FS
                0x20000d70      0x304 build/usbh_conf.o
                0x20000d70                hhcd_USB_OTG_FS
 .bss.pFlash    0x20001074       0x20 build/stm32f4xx_hal_flash.o
                0x20001074                pFlash
 .bss.uwTick    0x20001094        0x4 build/stm32f4xx_hal.o
                0x20001094                uwTick
 .bss.disk      0x20001098        0xc build/ff_gen_drv.o
                0x20001098                disk
 .bss.__malloc_free_list
                0x200010a4        0x4 c:/program files (x86)/gnu arm embedded toolchain/10 2021.10/bin/../lib/gcc/arm-none-eabi/10.3.1/../../../../arm-none-eabi/lib/thumb/v7e-m+fp/hard\libc_nano.a(lib_a-nano-mallocr.o)
                0x200010a4                __malloc_free_list
 .bss.__malloc_sbrk_start
                0x200010a8        0x4 c:/program files (x86)/gnu arm embedded toolchain/10 2021.10/bin/../lib/gcc/arm-none-eabi/10.3.1/../../../../arm-none-eabi/lib/thumb/v7e-m+fp/hard\libc_nano.a(lib_a-nano-mallocr.o)
                0x200010a8                __malloc_sbrk_start
 .bss.__lock___malloc_recursive_mutex
                0x200010ac        0x1 c:/program files (x86)/gnu arm embedded toolchain/10 2021.10/bin/../lib/gcc/arm-none-eabi/10.3.1/../../../../arm-none-eabi/lib/thumb/v7e-m+fp/hard\libc_nano.a(lib_a-lock.o)
                0x200010ac                __lock___malloc_recursive_mutex
 .bss.__lock___sfp_recursive_mutex
                0x200010ad        0x1 c:/program files (x86)/gnu arm embedded toolchain/10 2021.10/bin/../lib/gcc/arm-none-eabi/10.3.1/../../../../arm-none-eabi/lib/thumb/v7e-m+fp/hard\libc_nano.a(lib_a-lock.o)
                0x200010ad                __lock___sfp_recursive_mutex
 .bss.__lock___sinit_recursive_mutex
                0x200010ae        0x1 c:/program files (x86)/gnu arm embedded toolchain/10 2021.10/bin/../lib/gcc/arm-none-eabi/10.3.1/../../../../arm-none-eabi/lib/thumb/v7e-m+fp/hard\libc_nano.a(lib_a-lock.o)
                0x200010ae                __lock___sinit_recursive_mutex
 *fill*         0x200010af        0x1 
 .bss.errno     0x200010b0        0x4 c:/program files (x86)/gnu arm embedded toolchain/10 2021.10/bin/../lib/gcc/arm-none-eabi/10.3.1/../../../../arm-none-eabi/lib/thumb/v7e-m+fp/hard\libc_nano.a(lib_a-reent.o)
                0x200010b0                errno
 .bss.heap_end.0
                0x200010b4        0x4 c:/program files (x86)/gnu arm embedded toolchain/10 2021.10/bin/../lib/gcc/arm-none-eabi/10.3.1/../../../../arm-none-eabi/lib/thumb/v7e-m+fp/hard\libnosys.a(sbrk.o)
 *(COMMON)
                0x200010b8                . = ALIGN (0x4)
                0x200010b8                _ebss = .
                0x200010b8                __bss_end__ = _ebss

._user_heap_stack
                0x200010b8      0x600
                0x200010b8                . = ALIGN (0x8)
                0x200010b8                PROVIDE (end = .)
                [!provide]                PROVIDE (_end = .)
                0x200012b8                . = (. + _Min_Heap_Size)
 *fill*         0x200010b8      0x200 
                0x200016b8                . = (. + _Min_Stack_Size)
 *fill*         0x200012b8      0x400 
                0x200016b8                . = ALIGN (0x8)

/DISCARD/
 libc.a(*)
 libm.a(*)
 libgcc.a(*)

.ARM.attributes
                0x00000000       0x30
 *(.ARM.attributes)
 .ARM.attributes
                0x00000000       0x1e c:/program files (x86)/gnu arm embedded toolchain/10 2021.10/bin/../lib/gcc/arm-none-eabi/10.3.1/thumb/v7e-m+fp/hard/crti.o
 .ARM.attributes
                0x0000001e       0x34 c:/program files (x86)/gnu arm embedded toolchain/10 2021.10/bin/../lib/gcc/arm-none-eabi/10.3.1/thumb/v7e-m+fp/hard/crtbegin.o
 .ARM.attributes
                0x00000052       0x34 build/main.o
 .ARM.attributes
                0x00000086       0x34 build/stm32f4xx_it.o
 .ARM.attributes
                0x000000ba       0x34 build/stm32f4xx_hal_msp.o
 .ARM.attributes
                0x000000ee       0x34 build/stm32f4xx_hal_timebase_tim.o
 .ARM.attributes
                0x00000122       0x34 build/common.o
 .ARM.attributes
                0x00000156       0x34 build/flash_if.o
 .ARM.attributes
                0x0000018a       0x34 build/menu.o
 .ARM.attributes
                0x000001be       0x34 build/ymodem.o
 .ARM.attributes
                0x000001f2       0x34 build/bsp_driver_sd.o
 .ARM.attributes
                0x00000226       0x34 build/sd_diskio.o
 .ARM.attributes
                0x0000025a       0x34 build/fatfs_platform.o
 .ARM.attributes
                0x0000028e       0x34 build/fatfs.o
 .ARM.attributes
                0x000002c2       0x34 build/usb_host.o
 .ARM.attributes
                0x000002f6       0x34 build/usbh_conf.o
 .ARM.attributes
                0x0000032a       0x34 build/usbh_platform.o
 .ARM.attributes
                0x0000035e       0x34 build/stm32f4xx_hal_hcd.o
 .ARM.attributes
                0x00000392       0x34 build/stm32f4xx_ll_usb.o
 .ARM.attributes
                0x000003c6       0x34 build/stm32f4xx_hal_rcc.o
 .ARM.attributes
                0x000003fa       0x34 build/stm32f4xx_hal_rcc_ex.o
 .ARM.attributes
                0x0000042e       0x34 build/stm32f4xx_hal_flash.o
 .ARM.attributes
                0x00000462       0x34 build/stm32f4xx_hal_flash_ex.o
 .ARM.attributes
                0x00000496       0x34 build/stm32f4xx_hal_gpio.o
 .ARM.attributes
                0x000004ca       0x34 build/stm32f4xx_hal_pwr_ex.o
 .ARM.attributes
                0x000004fe       0x34 build/stm32f4xx_hal_cortex.o
 .ARM.attributes
                0x00000532       0x34 build/stm32f4xx_hal.o
 .ARM.attributes
                0x00000566       0x34 build/stm32f4xx_hal_crc.o
 .ARM.attributes
                0x0000059a       0x34 build/stm32f4xx_hal_dma2d.o
 .ARM.attributes
                0x000005ce       0x34 build/stm32f4xx_hal_dsi.o
 .ARM.attributes
                0x00000602       0x34 build/stm32f4xx_ll_fmc.o
 .ARM.attributes
                0x00000636       0x34 build/stm32f4xx_hal_sdram.o
 .ARM.attributes
                0x0000066a       0x34 build/stm32f4xx_hal_i2c.o
 .ARM.attributes
                0x0000069e       0x34 build/stm32f4xx_hal_ltdc.o
 .ARM.attributes
                0x000006d2       0x34 build/stm32f4xx_hal_qspi.o
 .ARM.attributes
                0x00000706       0x34 build/stm32f4xx_hal_sai.o
 .ARM.attributes
                0x0000073a       0x34 build/stm32f4xx_hal_sai_ex.o
 .ARM.attributes
                0x0000076e       0x34 build/stm32f4xx_ll_sdmmc.o
 .ARM.attributes
                0x000007a2       0x34 build/stm32f4xx_hal_sd.o
 .ARM.attributes
                0x000007d6       0x34 build/stm32f4xx_hal_tim.o
 .ARM.attributes
                0x0000080a       0x34 build/stm32f4xx_hal_tim_ex.o
 .ARM.attributes
                0x0000083e       0x34 build/stm32f4xx_hal_uart.o
 .ARM.attributes
                0x00000872       0x34 build/stm32469i_discovery.o
 .ARM.attributes
                0x000008a6       0x34 build/system_stm32f4xx.o
 .ARM.attributes
                0x000008da       0x34 build/ff_gen_drv.o
 .ARM.attributes
                0x0000090e       0x34 build/usbh_core.o
 .ARM.attributes
                0x00000942       0x34 build/usbh_ctlreq.o
 .ARM.attributes
                0x00000976       0x34 build/usbh_ioreq.o
 .ARM.attributes
                0x000009aa       0x34 build/usbh_pipes.o
 .ARM.attributes
                0x000009de       0x34 build/usbh_cdc.o
 .ARM.attributes
                0x00000a12       0x21 build/startup_stm32f469xx.o
 .ARM.attributes
                0x00000a33       0x34 c:/program files (x86)/gnu arm embedded toolchain/10 2021.10/bin/../lib/gcc/arm-none-eabi/10.3.1/../../../../arm-none-eabi/lib/thumb/v7e-m+fp/hard\libc_nano.a(lib_a-impure.o)
 .ARM.attributes
                0x00000a67       0x34 c:/program files (x86)/gnu arm embedded toolchain/10 2021.10/bin/../lib/gcc/arm-none-eabi/10.3.1/../../../../arm-none-eabi/lib/thumb/v7e-m+fp/hard\libc_nano.a(lib_a-init.o)
 .ARM.attributes
                0x00000a9b       0x34 c:/program files (x86)/gnu arm embedded toolchain/10 2021.10/bin/../lib/gcc/arm-none-eabi/10.3.1/../../../../arm-none-eabi/lib/thumb/v7e-m+fp/hard\libc_nano.a(lib_a-malloc.o)
 .ARM.attributes
                0x00000acf       0x34 c:/program files (x86)/gnu arm embedded toolchain/10 2021.10/bin/../lib/gcc/arm-none-eabi/10.3.1/../../../../arm-none-eabi/lib/thumb/v7e-m+fp/hard\libc_nano.a(lib_a-memset.o)
 .ARM.attributes
                0x00000b03       0x34 c:/program files (x86)/gnu arm embedded toolchain/10 2021.10/bin/../lib/gcc/arm-none-eabi/10.3.1/../../../../arm-none-eabi/lib/thumb/v7e-m+fp/hard\libc_nano.a(lib_a-nano-freer.o)
 .ARM.attributes
                0x00000b37       0x34 c:/program files (x86)/gnu arm embedded toolchain/10 2021.10/bin/../lib/gcc/arm-none-eabi/10.3.1/../../../../arm-none-eabi/lib/thumb/v7e-m+fp/hard\libc_nano.a(lib_a-nano-mallocr.o)
 .ARM.attributes
                0x00000b6b       0x34 c:/program files (x86)/gnu arm embedded toolchain/10 2021.10/bin/../lib/gcc/arm-none-eabi/10.3.1/../../../../arm-none-eabi/lib/thumb/v7e-m+fp/hard\libc_nano.a(lib_a-printf.o)
 .ARM.attributes
                0x00000b9f       0x34 c:/program files (x86)/gnu arm embedded toolchain/10 2021.10/bin/../lib/gcc/arm-none-eabi/10.3.1/../../../../arm-none-eabi/lib/thumb/v7e-m+fp/hard\libc_nano.a(lib_a-puts.o)
 .ARM.attributes
                0x00000bd3       0x34 c:/program files (x86)/gnu arm embedded toolchain/10 2021.10/bin/../lib/gcc/arm-none-eabi/10.3.1/../../../../arm-none-eabi/lib/thumb/v7e-m+fp/hard\libc_nano.a(lib_a-sbrkr.o)
 .ARM.attributes
                0x00000c07       0x34 c:/program files (x86)/gnu arm embedded toolchain/10 2021.10/bin/../lib/gcc/arm-none-eabi/10.3.1/../../../../arm-none-eabi/lib/thumb/v7e-m+fp/hard\libc_nano.a(lib_a-wbuf.o)
 .ARM.attributes
                0x00000c3b       0x34 c:/program files (x86)/gnu arm embedded toolchain/10 2021.10/bin/../lib/gcc/arm-none-eabi/10.3.1/../../../../arm-none-eabi/lib/thumb/v7e-m+fp/hard\libc_nano.a(lib_a-wsetup.o)
 .ARM.attributes
                0x00000c6f       0x34 c:/program files (x86)/gnu arm embedded toolchain/10 2021.10/bin/../lib/gcc/arm-none-eabi/10.3.1/../../../../arm-none-eabi/lib/thumb/v7e-m+fp/hard\libc_nano.a(lib_a-fflush.o)
 .ARM.attributes
                0x00000ca3       0x34 c:/program files (x86)/gnu arm embedded toolchain/10 2021.10/bin/../lib/gcc/arm-none-eabi/10.3.1/../../../../arm-none-eabi/lib/thumb/v7e-m+fp/hard\libc_nano.a(lib_a-findfp.o)
 .ARM.attributes