Archive member included to satisfy reference by file (symbol)

c:/program files (x86)/gnu arm embedded toolchain/10 2021.10/bin/../lib/gcc/arm-none-eabi/10.3.1/../../../../arm-none-eabi/lib/thumb/v7e-m+fp/hard\libc_nano.a(lib_a-exit.o)
                              c:/program files (x86)/gnu arm embedded toolchain/10 2021.10/bin/../lib/gcc/arm-none-eabi/10.3.1/../../../../arm-none-eabi/lib/thumb/v7e-m+fp/hard/crt0.o (exit)
c:/program files (x86)/gnu arm embedded toolchain/10 2021.10/bin/../lib/gcc/arm-none-eabi/10.3.1/../../../../arm-none-eabi/lib/thumb/v7e-m+fp/hard\libc_nano.a(lib_a-impure.o)
                              c:/program files (x86)/gnu arm embedded toolchain/10 2021.10/bin/../lib/gcc/arm-none-eabi/10.3.1/../../../../arm-none-eabi/lib/thumb/v7e-m+fp/hard\libc_nano.a(lib_a-exit.o) (_global_impure_ptr)
c:/program files (x86)/gnu arm embedded toolchain/10 2021.10/bin/../lib/gcc/arm-none-eabi/10.3.1/../../../../arm-none-eabi/lib/thumb/v7e-m+fp/hard\libc_nano.a(lib_a-init.o)
                              c:/program files (x86)/gnu arm embedded toolchain/10 2021.10/bin/../lib/gcc/arm-none-eabi/10.3.1/../../../../arm-none-eabi/lib/thumb/v7e-m+fp/hard/crt0.o (__libc_init_array)
c:/program files (x86)/gnu arm embedded toolchain/10 2021.10/bin/../lib/gcc/arm-none-eabi/10.3.1/../../../../arm-none-eabi/lib/thumb/v7e-m+fp/hard\libc_nano.a(lib_a-malloc.o)
                              build/usbh_cdc.o (malloc)
c:/program files (x86)/gnu arm embedded toolchain/10 2021.10/bin/../lib/gcc/arm-none-eabi/10.3.1/../../../../arm-none-eabi/lib/thumb/v7e-m+fp/hard\libc_nano.a(lib_a-memset.o)
                              c:/program files (x86)/gnu arm embedded toolchain/10 2021.10/bin/../lib/gcc/arm-none-eabi/10.3.1/../../../../arm-none-eabi/lib/thumb/v7e-m+fp/hard/crt0.o (memset)
c:/program files (x86)/gnu arm embedded toolchain/10 2021.10/bin/../lib/gcc/arm-none-eabi/10.3.1/../../../../arm-none-eabi/lib/thumb/v7e-m+fp/hard\libc_nano.a(lib_a-nano-freer.o)
                              c:/program files (x86)/gnu arm embedded toolchain/10 2021.10/bin/../lib/gcc/arm-none-eabi/10.3.1/../../../../arm-none-eabi/lib/thumb/v7e-m+fp/hard\libc_nano.a(lib_a-malloc.o) (_free_r)
c:/program files (x86)/gnu arm embedded toolchain/10 2021.10/bin/../lib/gcc/arm-none-eabi/10.3.1/../../../../arm-none-eabi/lib/thumb/v7e-m+fp/hard\libc_nano.a(lib_a-nano-mallocr.o)
                              c:/program files (x86)/gnu arm embedded toolchain/10 2021.10/bin/../lib/gcc/arm-none-eabi/10.3.1/../../../../arm-none-eabi/lib/thumb/v7e-m+fp/hard\libc_nano.a(lib_a-malloc.o) (_malloc_r)
c:/program files (x86)/gnu arm embedded toolchain/10 2021.10/bin/../lib/gcc/arm-none-eabi/10.3.1/../../../../arm-none-eabi/lib/thumb/v7e-m+fp/hard\libc_nano.a(lib_a-sbrkr.o)
                              c:/program files (x86)/gnu arm embedded toolchain/10 2021.10/bin/../lib/gcc/arm-none-eabi/10.3.1/../../../../arm-none-eabi/lib/thumb/v7e-m+fp/hard\libc_nano.a(lib_a-nano-mallocr.o) (_sbrk_r)
c:/program files (x86)/gnu arm embedded toolchain/10 2021.10/bin/../lib/gcc/arm-none-eabi/10.3.1/../../../../arm-none-eabi/lib/thumb/v7e-m+fp/hard\libc_nano.a(lib_a-mlock.o)
                              c:/program files (x86)/gnu arm embedded toolchain/10 2021.10/bin/../lib/gcc/arm-none-eabi/10.3.1/../../../../arm-none-eabi/lib/thumb/v7e-m+fp/hard\libc_nano.a(lib_a-nano-freer.o) (__malloc_lock)
c:/program files (x86)/gnu arm embedded toolchain/10 2021.10/bin/../lib/gcc/arm-none-eabi/10.3.1/../../../../arm-none-eabi/lib/thumb/v7e-m+fp/hard\libc_nano.a(lib_a-reent.o)
                              c:/program files (x86)/gnu arm embedded toolchain/10 2021.10/bin/../lib/gcc/arm-none-eabi/10.3.1/../../../../arm-none-eabi/lib/thumb/v7e-m+fp/hard\libc_nano.a(lib_a-sbrkr.o) (errno)
c:/program files (x86)/gnu arm embedded toolchain/10 2021.10/bin/../lib/gcc/arm-none-eabi/10.3.1/../../../../arm-none-eabi/lib/thumb/v7e-m+fp/hard\libc_nano.a(lib_a-lock.o)
                              c:/program files (x86)/gnu arm embedded toolchain/10 2021.10/bin/../lib/gcc/arm-none-eabi/10.3.1/../../../../arm-none-eabi/lib/thumb/v7e-m+fp/hard\libc_nano.a(lib_a-mlock.o) (__retarget_lock_acquire_recursive)
c:/program files (x86)/gnu arm embedded toolchain/10 2021.10/bin/../lib/gcc/arm-none-eabi/10.3.1/../../../../arm-none-eabi/lib/thumb/v7e-m+fp/hard\libnosys.a(sbrk.o)
                              c:/program files (x86)/gnu arm embedded toolchain/10 2021.10/bin/../lib/gcc/arm-none-eabi/10.3.1/../../../../arm-none-eabi/lib/thumb/v7e-m+fp/hard\libc_nano.a(lib_a-sbrkr.o) (_sbrk)
c:/program files (x86)/gnu arm embedded toolchain/10 2021.10/bin/../lib/gcc/arm-none-eabi/10.3.1/../../../../arm-none-eabi/lib/thumb/v7e-m+fp/hard\libnosys.a(_exit.o)
                              c:/program files (x86)/gnu arm embedded toolchain/10 2021.10/bin/../lib/gcc/arm-none-eabi/10.3.1/../../../../arm-none-eabi/lib/thumb/v7e-m+fp/hard\libc_nano.a(lib_a-exit.o) (_exit)
[...]
Memory Configuration

Name             Origin             Length             Attributes
RAM              0x20000000         0x00050000         xrw
CCMRAM           0x10000000         0x00010000         xrw
FLASH            0x08000000         0x00200000         xr
*default*        0x00000000         0xffffffff

Linker script and memory map

LOAD c:/program files (x86)/gnu arm embedded toolchain/10 2021.10/bin/../lib/gcc/arm-none-eabi/10.3.1/thumb/v7e-m+fp/hard/crti.o
LOAD c:/program files (x86)/gnu arm embedded toolchain/10 2021.10/bin/../lib/gcc/arm-none-eabi/10.3.1/thumb/v7e-m+fp/hard/crtbegin.o
LOAD c:/program files (x86)/gnu arm embedded toolchain/10 2021.10/bin/../lib/gcc/arm-none-eabi/10.3.1/../../../../arm-none-eabi/lib/thumb/v7e-m+fp/hard/crt0.o
LOAD build/main.o
LOAD build/stm32f4xx_it.o
LOAD build/stm32f4xx_hal_msp.o
LOAD build/stm32f4xx_hal_timebase_tim.o
LOAD build/bsp_driver_sd.o
LOAD build/sd_diskio.o
LOAD build/fatfs_platform.o
LOAD build/fatfs.o
LOAD build/usb_host.o
LOAD build/usbh_conf.o
LOAD build/usbh_platform.o
LOAD build/stm32f4xx_hal_hcd.o
LOAD build/stm32f4xx_ll_usb.o
LOAD build/stm32f4xx_hal_rcc.o
LOAD build/stm32f4xx_hal_rcc_ex.o
LOAD build/stm32f4xx_hal_flash.o
LOAD build/stm32f4xx_hal_flash_ex.o
LOAD build/stm32f4xx_hal_flash_ramfunc.o
LOAD build/stm32f4xx_hal_gpio.o
LOAD build/stm32f4xx_hal_dma_ex.o
LOAD build/stm32f4xx_hal_dma.o
LOAD build/stm32f4xx_hal_pwr.o
LOAD build/stm32f4xx_hal_pwr_ex.o
LOAD build/stm32f4xx_hal_cortex.o
LOAD build/stm32f4xx_hal.o
LOAD build/stm32f4xx_hal_exti.o
LOAD build/stm32f4xx_hal_crc.o
LOAD build/stm32f4xx_hal_dma2d.o
LOAD build/stm32f4xx_hal_dsi.o
LOAD build/stm32f4xx_ll_fmc.o
LOAD build/stm32f4xx_hal_sdram.o
LOAD build/stm32f4xx_hal_i2c.o
LOAD build/stm32f4xx_hal_i2c_ex.o
LOAD build/stm32f4xx_hal_ltdc.o
LOAD build/stm32f4xx_hal_ltdc_ex.o
LOAD build/stm32f4xx_hal_qspi.o
LOAD build/stm32f4xx_hal_sai.o
LOAD build/stm32f4xx_hal_sai_ex.o
LOAD build/stm32f4xx_ll_sdmmc.o
LOAD build/stm32f4xx_hal_sd.o
LOAD build/stm32f4xx_hal_tim.o
LOAD build/stm32f4xx_hal_tim_ex.o
LOAD build/stm32f4xx_hal_uart.o
LOAD build/system_stm32f4xx.o
LOAD build/diskio.o
LOAD build/ff.o
LOAD build/ff_gen_drv.o
LOAD build/syscall.o
LOAD build/usbh_core.o
LOAD build/usbh_ctlreq.o
LOAD build/usbh_ioreq.o
LOAD build/usbh_pipes.o
LOAD build/usbh_cdc.o
LOAD build/startup_stm32f469xx.o
LOAD c:/program files (x86)/gnu arm embedded toolchain/10 2021.10/bin/../lib/gcc/arm-none-eabi/10.3.1/../../../../arm-none-eabi/lib/thumb/v7e-m+fp/hard\libc_nano.a
LOAD c:/program files (x86)/gnu arm embedded toolchain/10 2021.10/bin/../lib/gcc/arm-none-eabi/10.3.1/../../../../arm-none-eabi/lib/thumb/v7e-m+fp/hard\libm.a
LOAD c:/program files (x86)/gnu arm embedded toolchain/10 2021.10/bin/../lib/gcc/arm-none-eabi/10.3.1/../../../../arm-none-eabi/lib/thumb/v7e-m+fp/hard\libnosys.a
START GROUP
LOAD c:/program files (x86)/gnu arm embedded toolchain/10 2021.10/bin/../lib/gcc/arm-none-eabi/10.3.1/thumb/v7e-m+fp/hard\libgcc.a
LOAD c:/program files (x86)/gnu arm embedded toolchain/10 2021.10/bin/../lib/gcc/arm-none-eabi/10.3.1/../../../../arm-none-eabi/lib/thumb/v7e-m+fp/hard\libc_nano.a
END GROUP
START GROUP
LOAD c:/program files (x86)/gnu arm embedded toolchain/10 2021.10/bin/../lib/gcc/arm-none-eabi/10.3.1/thumb/v7e-m+fp/hard\libgcc.a
LOAD c:/program files (x86)/gnu arm embedded toolchain/10 2021.10/bin/../lib/gcc/arm-none-eabi/10.3.1/../../../../arm-none-eabi/lib/thumb/v7e-m+fp/hard\libc_nano.a
END GROUP
LOAD c:/program files (x86)/gnu arm embedded toolchain/10 2021.10/bin/../lib/gcc/arm-none-eabi/10.3.1/thumb/v7e-m+fp/hard/crtend.o
LOAD c:/program files (x86)/gnu arm embedded toolchain/10 2021.10/bin/../lib/gcc/arm-none-eabi/10.3.1/thumb/v7e-m+fp/hard/crtn.o
                0x20050000                _estack = (ORIGIN (RAM) + LENGTH (RAM))
                0x00000200                _Min_Heap_Size = 0x200
                0x00000400                _Min_Stack_Size = 0x400

.isr_vector     0x08000000      0x1b4
                0x08000000                . = ALIGN (0x4)
 *(.isr_vector)
 .isr_vector    0x08000000      0x1b4 build/startup_stm32f469xx.o
                0x08000000                g_pfnVectors
                0x080001b4                . = ALIGN (0x4)

.text           0x080001b4     0x7cc4
                0x080001b4                . = ALIGN (0x4)
 *(.text)
 .text          0x080001b4       0x40 c:/program files (x86)/gnu arm embedded toolchain/10 2021.10/bin/../lib/gcc/arm-none-eabi/10.3.1/thumb/v7e-m+fp/hard/crtbegin.o
 .text          0x080001f4       0x30 c:/program files (x86)/gnu arm embedded toolchain/10 2021.10/bin/../lib/gcc/arm-none-eabi/10.3.1/thumb/v7e-m+fp/hard\libgcc.a(_aeabi_uldivmod.o)
                0x080001f4                __aeabi_uldivmod
 .text          0x08000224      0x2d0 c:/program files (x86)/gnu arm embedded toolchain/10 2021.10/bin/../lib/gcc/arm-none-eabi/10.3.1/thumb/v7e-m+fp/hard\libgcc.a(_udivmoddi4.o)
                0x08000224                __udivmoddi4
 .text          0x080004f4        0x4 c:/program files (x86)/gnu arm embedded toolchain/10 2021.10/bin/../lib/gcc/arm-none-eabi/10.3.1/thumb/v7e-m+fp/hard\libgcc.a(_dvmd_tls.o)
                0x080004f4                __aeabi_idiv0
                0x080004f4                __aeabi_ldiv0
 *(.text*)
 .text.MX_SDIO_SD_Init
                0x080004f8       0x24 build/main.o
 .text.MX_GPIO_Init
                0x0800051c      0x268 build/main.o
 .text.HAL_TIM_PeriodElapsedCallback
                0x08000784       0x18 build/main.o
                0x08000784                HAL_TIM_PeriodElapsedCallback
 .text.Error_Handler
                0x0800079c        0x4 build/main.o
                0x0800079c                Error_Handler
 .text.MX_CRC_Init
                0x080007a0       0x1c build/main.o
 .text.MX_DMA2D_Init
                0x080007bc       0x3c build/main.o
 .text.MX_DSIHOST_DSI_Init
                0x080007f8      0x184 build/main.o
 .text.MX_FMC_Init
                0x0800097c       0x70 build/main.o
 .text.MX_I2C1_Init
                0x080009ec       0x38 build/main.o
 .text.MX_I2C2_Init
                0x08000a24       0x38 build/main.o
 .text.MX_LTDC_Init
                0x08000a5c       0xa8 build/main.o
 .text.MX_QUADSPI_Init
                0x08000b04       0x38 build/main.o
 .text.MX_SAI1_Init
                0x08000b3c       0x5c build/main.o
 .text.MX_TIM1_Init
                0x08000b98       0x68 build/main.o
 .text.MX_USART3_UART_Init
                0x08000c00       0x34 build/main.o
 .text.MX_USART6_UART_Init
                0x08000c34       0x34 build/main.o
 .text.SystemClock_Config
                0x08000c68       0xb4 build/main.o
                0x08000c68                SystemClock_Config
 .text.PeriphCommonClock_Config
                0x08000d1c       0x44 build/main.o
                0x08000d1c                PeriphCommonClock_Config
 .text.main     0x08000d60       0x54 build/main.o
                0x08000d60                main
 .text.NMI_Handler
                0x08000db4        0x2 build/stm32f4xx_it.o
                0x08000db4                NMI_Handler
 .text.HardFault_Handler
                0x08000db6        0x2 build/stm32f4xx_it.o
                0x08000db6                HardFault_Handler
 .text.MemManage_Handler
                0x08000db8        0x2 build/stm32f4xx_it.o
                0x08000db8                MemManage_Handler
 .text.BusFault_Handler
                0x08000dba        0x2 build/stm32f4xx_it.o
                0x08000dba                BusFault_Handler
 .text.UsageFault_Handler
                0x08000dbc        0x2 build/stm32f4xx_it.o
                0x08000dbc                UsageFault_Handler
 .text.SVC_Handler
                0x08000dbe        0x2 build/stm32f4xx_it.o
                0x08000dbe                SVC_Handler
 .text.DebugMon_Handler
                0x08000dc0        0x2 build/stm32f4xx_it.o
                0x08000dc0                DebugMon_Handler
 .text.PendSV_Handler
                0x08000dc2        0x2 build/stm32f4xx_it.o
                0x08000dc2                PendSV_Handler
 .text.SysTick_Handler
                0x08000dc4        0x2 build/stm32f4xx_it.o
                0x08000dc4                SysTick_Handler
 *fill*         0x08000dc6        0x2 
 .text.TIM6_DAC_IRQHandler
                0x08000dc8       0x10 build/stm32f4xx_it.o
                0x08000dc8                TIM6_DAC_IRQHandler
 .text.OTG_FS_IRQHandler
                0x08000dd8       0x10 build/stm32f4xx_it.o
                0x08000dd8                OTG_FS_IRQHandler
 .text.LTDC_IRQHandler
                0x08000de8       0x10 build/stm32f4xx_it.o
                0x08000de8                LTDC_IRQHandler
 .text.DMA2D_IRQHandler
                0x08000df8       0x10 build/stm32f4xx_it.o
                0x08000df8                DMA2D_IRQHandler
 .text.DSI_IRQHandler
                0x08000e08       0x10 build/stm32f4xx_it.o
                0x08000e08                DSI_IRQHandler
 .text.HAL_FMC_MspInit
                0x08000e18      0x104 build/stm32f4xx_hal_msp.o
 .text.HAL_MspInit
                0x08000f1c       0x38 build/stm32f4xx_hal_msp.o
                0x08000f1c                HAL_MspInit
 .text.HAL_CRC_MspInit
                0x08000f54       0x30 build/stm32f4xx_hal_msp.o
                0x08000f54                HAL_CRC_MspInit
 .text.HAL_DMA2D_MspInit
                0x08000f84       0x40 build/stm32f4xx_hal_msp.o
                0x08000f84                HAL_DMA2D_MspInit
 .text.HAL_DSI_MspInit
                0x08000fc4       0x7c build/stm32f4xx_hal_msp.o
                0x08000fc4                HAL_DSI_MspInit
 .text.HAL_I2C_MspInit
                0x08001040       0xcc build/stm32f4xx_hal_msp.o
                0x08001040                HAL_I2C_MspInit
 .text.HAL_LTDC_MspInit
                0x0800110c       0x40 build/stm32f4xx_hal_msp.o
                0x0800110c                HAL_LTDC_MspInit
 .text.HAL_QSPI_MspInit
                0x0800114c       0xc0 build/stm32f4xx_hal_msp.o
                0x0800114c                HAL_QSPI_MspInit
 .text.HAL_SD_MspInit
                0x0800120c       0xa0 build/stm32f4xx_hal_msp.o
                0x0800120c                HAL_SD_MspInit
 .text.HAL_TIM_Base_MspInit
                0x080012ac       0x30 build/stm32f4xx_hal_msp.o
                0x080012ac                HAL_TIM_Base_MspInit
 .text.HAL_UART_MspInit
                0x080012dc       0xcc build/stm32f4xx_hal_msp.o
                0x080012dc                HAL_UART_MspInit
 .text.HAL_SDRAM_MspInit
                0x080013a8        0x8 build/stm32f4xx_hal_msp.o
                0x080013a8                HAL_SDRAM_MspInit
 .text.HAL_SAI_MspInit
                0x080013b0       0x90 build/stm32f4xx_hal_msp.o
                0x080013b0                HAL_SAI_MspInit
 .text.HAL_InitTick
                0x08001440       0xa4 build/stm32f4xx_hal_timebase_tim.o
                0x08001440                HAL_InitTick
 .text.BSP_SD_ReadBlocks
                0x080014e4       0x20 build/bsp_driver_sd.o
                0x080014e4                BSP_SD_ReadBlocks
 .text.BSP_SD_WriteBlocks
                0x08001504       0x20 build/bsp_driver_sd.o
                0x08001504                BSP_SD_WriteBlocks
 .text.BSP_SD_GetCardState
                0x08001524       0x14 build/bsp_driver_sd.o
                0x08001524                BSP_SD_GetCardState
 .text.BSP_SD_GetCardInfo
                0x08001538       0x10 build/bsp_driver_sd.o
                0x08001538                BSP_SD_GetCardInfo
 .text.BSP_SD_IsDetected
                0x08001548       0x20 build/bsp_driver_sd.o
                0x08001548                BSP_SD_IsDetected
 .text.BSP_SD_Init
                0x08001568       0x34 build/bsp_driver_sd.o
                0x08001568                BSP_SD_Init
 .text.SD_CheckStatus
                0x0800159c       0x24 build/sd_diskio.o
 .text.SD_initialize
                0x080015c0       0x28 build/sd_diskio.o
                0x080015c0                SD_initialize
 .text.SD_status
                0x080015e8        0x8 build/sd_diskio.o
                0x080015e8                SD_status
 .text.SD_read  0x080015f0       0x24 build/sd_diskio.o
                0x080015f0                SD_read
 .text.SD_write
                0x08001614       0x24 build/sd_diskio.o
                0x08001614                SD_write
 .text.SD_ioctl
                0x08001638       0x58 build/sd_diskio.o
                0x08001638                SD_ioctl
 .text.BSP_PlatformIsDetected
                0x08001690       0x18 build/fatfs_platform.o
                0x08001690                BSP_PlatformIsDetected
 .text.MX_FATFS_Init
                0x080016a8       0x1c build/fatfs.o
                0x080016a8                MX_FATFS_Init
 .text.USBH_UserProcess
                0x080016c4       0x2c build/usb_host.o
 .text.MX_USB_HOST_Init
                0x080016f0       0x40 build/usb_host.o
                0x080016f0                MX_USB_HOST_Init
 .text.MX_USB_HOST_Process
                0x08001730       0x10 build/usb_host.o
                0x08001730                MX_USB_HOST_Process
 .text.HAL_HCD_MspInit
                0x08001740       0x98 build/usbh_conf.o
                0x08001740                HAL_HCD_MspInit
 .text.HAL_HCD_SOF_Callback
                0x080017d8        0xc build/usbh_conf.o
                0x080017d8                HAL_HCD_SOF_Callback
 .text.HAL_HCD_Connect_Callback
                0x080017e4        0xc build/usbh_conf.o
                0x080017e4                HAL_HCD_Connect_Callback
 .text.HAL_HCD_Disconnect_Callback
                0x080017f0        0xc build/usbh_conf.o
                0x080017f0                HAL_HCD_Disconnect_Callback
 .text.HAL_HCD_HC_NotifyURBChange_Callback
                0x080017fc        0x2 build/usbh_conf.o
                0x080017fc                HAL_HCD_HC_NotifyURBChange_Callback
 .text.HAL_HCD_PortEnabled_Callback
                0x080017fe        0xc build/usbh_conf.o
                0x080017fe                HAL_HCD_PortEnabled_Callback
 .text.HAL_HCD_PortDisabled_Callback
                0x0800180a        0xc build/usbh_conf.o
                0x0800180a                HAL_HCD_PortDisabled_Callback
 *fill*         0x08001816        0x2 
 .text.USBH_LL_Init
                0x08001818       0x54 build/usbh_conf.o
                0x08001818                USBH_LL_Init
 .text.USBH_LL_GetSpeed
                0x0800186c       0x20 build/usbh_conf.o
                0x0800186c                USBH_LL_GetSpeed
 .text.USBH_LL_GetLastXferSize
                0x0800188c        0xc build/usbh_conf.o
                0x0800188c                USBH_LL_GetLastXferSize
 .text.USBH_LL_GetURBState
                0x08001898        0xc build/usbh_conf.o
                0x08001898                USBH_LL_GetURBState
 .text.USBH_LL_DriverVBUS
                0x080018a4       0x1c build/usbh_conf.o
                0x080018a4                USBH_LL_DriverVBUS
 .text.USBH_LL_SetToggle
                0x080018c0       0x2a build/usbh_conf.o
                0x080018c0                USBH_LL_SetToggle
 .text.USBH_Delay
                0x080018ea        0x8 build/usbh_conf.o
                0x080018ea                USBH_Delay
 .text.USBH_Get_USB_Status
                0x080018f2       0x14 build/usbh_conf.o
                0x080018f2                USBH_Get_USB_Status
 .text.USBH_LL_Start
                0x08001906       0x10 build/usbh_conf.o
                0x08001906                USBH_LL_Start
 .text.USBH_LL_Stop
                0x08001916       0x10 build/usbh_conf.o
                0x08001916                USBH_LL_Stop
 .text.USBH_LL_ResetPort
                0x08001926       0x10 build/usbh_conf.o
                0x08001926                USBH_LL_ResetPort
 .text.USBH_LL_OpenPipe
                0x08001936       0x26 build/usbh_conf.o
                0x08001936                USBH_LL_OpenPipe
 .text.USBH_LL_ClosePipe
                0x0800195c       0x10 build/usbh_conf.o
                0x0800195c                USBH_LL_ClosePipe
 .text.USBH_LL_SubmitURB
                0x0800196c       0x2a build/usbh_conf.o
                0x0800196c                USBH_LL_SubmitURB
 *fill*         0x08001996        0x2 
 .text.MX_DriverVbusFS
                0x08001998       0x18 build/usbh_platform.o
                0x08001998                MX_DriverVbusFS
 .text.HCD_RXQLVL_IRQHandler
                0x080019b0       0x9e build/stm32f4xx_hal_hcd.o
 .text.HAL_HCD_HC_Init
                0x08001a4e       0x8e build/stm32f4xx_hal_hcd.o
                0x08001a4e                HAL_HCD_HC_Init
 .text.HAL_HCD_HC_Halt
                0x08001adc       0x24 build/stm32f4xx_hal_hcd.o
                0x08001adc                HAL_HCD_HC_Halt
 .text.HAL_HCD_Init
                0x08001b00       0xa4 build/stm32f4xx_hal_hcd.o
                0x08001b00                HAL_HCD_Init
 .text.HAL_HCD_HC_SubmitRequest
                0x08001ba4      0x164 build/stm32f4xx_hal_hcd.o
                0x08001ba4                HAL_HCD_HC_SubmitRequest
 .text.HCD_Port_IRQHandler
                0x08001d08       0xb0 build/stm32f4xx_hal_hcd.o
 .text.HCD_HC_IN_IRQHandler
                0x08001db8      0x2b6 build/stm32f4xx_hal_hcd.o
 .text.HCD_HC_OUT_IRQHandler
                0x0800206e      0x2c2 build/stm32f4xx_hal_hcd.o
 .text.HAL_HCD_IRQHandler
                0x08002330      0x154 build/stm32f4xx_hal_hcd.o
                0x08002330                HAL_HCD_IRQHandler
 .text.HAL_HCD_Start
                0x08002484       0x2a build/stm32f4xx_hal_hcd.o
                0x08002484                HAL_HCD_Start
 .text.HAL_HCD_Stop
                0x080024ae       0x24 build/stm32f4xx_hal_hcd.o
                0x080024ae                HAL_HCD_Stop
 .text.HAL_HCD_ResetPort
                0x080024d2        0xa build/stm32f4xx_hal_hcd.o
                0x080024d2                HAL_HCD_ResetPort
 .text.HAL_HCD_HC_GetURBState
                0x080024dc        0xc build/stm32f4xx_hal_hcd.o
                0x080024dc                HAL_HCD_HC_GetURBState
 .text.HAL_HCD_HC_GetXferCount
                0x080024e8        0xa build/stm32f4xx_hal_hcd.o
                0x080024e8                HAL_HCD_HC_GetXferCount
 .text.HAL_HCD_GetCurrentFrame
                0x080024f2        0xa build/stm32f4xx_hal_hcd.o
                0x080024f2                HAL_HCD_GetCurrentFrame
 .text.HAL_HCD_GetCurrentSpeed
                0x080024fc        0xa build/stm32f4xx_hal_hcd.o
                0x080024fc                HAL_HCD_GetCurrentSpeed
 *fill*         0x08002506        0x2 
 .text.USB_CoreReset
                0x08002508       0x50 build/stm32f4xx_ll_usb.o
 .text.USB_CoreInit
                0x08002558       0x8a build/stm32f4xx_ll_usb.o
                0x08002558                USB_CoreInit
 .text.USB_EnableGlobalInt
                0x080025e2        0xc build/stm32f4xx_ll_usb.o
                0x080025e2                USB_EnableGlobalInt
 .text.USB_DisableGlobalInt
                0x080025ee        0xc build/stm32f4xx_ll_usb.o
                0x080025ee                USB_DisableGlobalInt
 *fill*         0x080025fa        0x2 
 .text.USB_FlushTxFifo
                0x080025fc       0x50 build/stm32f4xx_ll_usb.o
                0x080025fc                USB_FlushTxFifo
 .text.USB_FlushRxFifo
                0x0800264c       0x4c build/stm32f4xx_ll_usb.o
                0x0800264c                USB_FlushRxFifo
 .text.USB_WritePacket
                0x08002698       0x2e build/stm32f4xx_ll_usb.o
                0x08002698                USB_WritePacket
 .text.USB_ReadPacket
                0x080026c6       0x54 build/stm32f4xx_ll_usb.o
                0x080026c6                USB_ReadPacket
 .text.USB_ReadInterrupts
                0x0800271a        0x8 build/stm32f4xx_ll_usb.o
                0x0800271a                USB_ReadInterrupts
 .text.USB_GetMode
                0x08002722        0x8 build/stm32f4xx_ll_usb.o
                0x08002722                USB_GetMode
 .text.USB_SetCurrentMode
                0x0800272a       0x62 build/stm32f4xx_ll_usb.o
                0x0800272a                USB_SetCurrentMode
 .text.USB_HostInit
                0x0800278c       0xe8 build/stm32f4xx_ll_usb.o
                0x0800278c                USB_HostInit
 .text.USB_InitFSLSPClkSel
                0x08002874       0x3e build/stm32f4xx_ll_usb.o
                0x08002874                USB_InitFSLSPClkSel
 .text.USB_ResetPort
                0x080028b2       0x3e build/stm32f4xx_ll_usb.o
                0x080028b2                USB_ResetPort
 .text.USB_DriveVbus
                0x080028f0       0x46 build/stm32f4xx_ll_usb.o
                0x080028f0                USB_DriveVbus
 .text.USB_GetHostSpeed
                0x08002936       0x16 build/stm32f4xx_ll_usb.o
                0x08002936                USB_GetHostSpeed
 .text.USB_GetCurrentFrame
                0x0800294c        0xa build/stm32f4xx_ll_usb.o
                0x0800294c                USB_GetCurrentFrame
 .text.USB_HC_Init
                0x08002956      0x128 build/stm32f4xx_ll_usb.o
                0x08002956                USB_HC_Init
 .text.USB_HC_ReadInterrupt
                0x08002a7e        0xa build/stm32f4xx_ll_usb.o
                0x08002a7e                USB_HC_ReadInterrupt
 .text.USB_HC_Halt
                0x08002a88       0xe6 build/stm32f4xx_ll_usb.o
                0x08002a88                USB_HC_Halt
 *fill*         0x08002b6e        0x2 
 .text.USB_DoPing
                0x08002b70       0x24 build/stm32f4xx_ll_usb.o
                0x08002b70                USB_DoPing
 .text.USB_HC_StartXfer
                0x08002b94      0x16c build/stm32f4xx_ll_usb.o
                0x08002b94                USB_HC_StartXfer
 .text.USB_StopHost
                0x08002d00       0x92 build/stm32f4xx_ll_usb.o
                0x08002d00                USB_StopHost
 *fill*         0x08002d92        0x2 
 .text.HAL_RCC_GetSysClockFreq
                0x08002d94       0xd4 build/stm32f4xx_hal_rcc.o
                0x08002d94                HAL_RCC_GetSysClockFreq
 .text.HAL_RCC_ClockConfig
                0x08002e68      0x160 build/stm32f4xx_hal_rcc.o
                0x08002e68                HAL_RCC_ClockConfig
 .text.HAL_RCC_GetHCLKFreq
                0x08002fc8        0xc build/stm32f4xx_hal_rcc.o
                0x08002fc8                HAL_RCC_GetHCLKFreq
 .text.HAL_RCC_GetPCLK1Freq
                0x08002fd4       0x20 build/stm32f4xx_hal_rcc.o
                0x08002fd4                HAL_RCC_GetPCLK1Freq
 .text.HAL_RCC_GetPCLK2Freq
                0x08002ff4       0x20 build/stm32f4xx_hal_rcc.o
                0x08002ff4                HAL_RCC_GetPCLK2Freq
 .text.HAL_RCC_GetClockConfig
                0x08003014       0x3c build/stm32f4xx_hal_rcc.o
                0x08003014                HAL_RCC_GetClockConfig
 .text.HAL_RCCEx_PeriphCLKConfig
                0x08003050      0x318 build/stm32f4xx_hal_rcc_ex.o
                0x08003050                HAL_RCCEx_PeriphCLKConfig
 .text.HAL_RCC_OscConfig
                0x08003368      0x410 build/stm32f4xx_hal_rcc_ex.o
                0x08003368                HAL_RCC_OscConfig
 .text.HAL_GPIO_Init
                0x08003778      0x1fc build/stm32f4xx_hal_gpio.o
                0x08003778                HAL_GPIO_Init
 .text.HAL_GPIO_ReadPin
                0x08003974        0xe build/stm32f4xx_hal_gpio.o
                0x08003974                HAL_GPIO_ReadPin
 .text.HAL_GPIO_WritePin
                0x08003982        0xc build/stm32f4xx_hal_gpio.o
                0x08003982                HAL_GPIO_WritePin
 *fill*         0x0800398e        0x2 
 .text.HAL_PWREx_EnableOverDrive
                0x08003990       0x7c build/stm32f4xx_hal_pwr_ex.o
                0x08003990                HAL_PWREx_EnableOverDrive
 .text.HAL_NVIC_SetPriorityGrouping
                0x08003a0c       0x24 build/stm32f4xx_hal_cortex.o
                0x08003a0c                HAL_NVIC_SetPriorityGrouping
 .text.HAL_NVIC_SetPriority
                0x08003a30       0x70 build/stm32f4xx_hal_cortex.o
                0x08003a30                HAL_NVIC_SetPriority
 .text.HAL_NVIC_EnableIRQ
                0x08003aa0       0x1c build/stm32f4xx_hal_cortex.o
                0x08003aa0                HAL_NVIC_EnableIRQ
 .text.HAL_Init
                0x08003abc       0x34 build/stm32f4xx_hal.o
                0x08003abc                HAL_Init
 .text.HAL_IncTick
                0x08003af0       0x18 build/stm32f4xx_hal.o
                0x08003af0                HAL_IncTick
 .text.HAL_GetTick
                0x08003b08        0xc build/stm32f4xx_hal.o
                0x08003b08                HAL_GetTick
 .text.HAL_Delay
                0x08003b14       0x28 build/stm32f4xx_hal.o
                0x08003b14                HAL_Delay
 .text.HAL_CRC_Init
                0x08003b3c       0x1e build/stm32f4xx_hal_crc.o
                0x08003b3c                HAL_CRC_Init
 .text.HAL_DMA2D_Init
                0x08003b5a       0x5a build/stm32f4xx_hal_dma2d.o
                0x08003b5a                HAL_DMA2D_Init
 .text.HAL_DMA2D_LineEventCallback
                0x08003bb4        0x2 build/stm32f4xx_hal_dma2d.o
                0x08003bb4                HAL_DMA2D_LineEventCallback
 .text.HAL_DMA2D_CLUTLoadingCpltCallback
                0x08003bb6        0x2 build/stm32f4xx_hal_dma2d.o
                0x08003bb6                HAL_DMA2D_CLUTLoadingCpltCallback
 .text.HAL_DMA2D_IRQHandler
                0x08003bb8      0x13c build/stm32f4xx_hal_dma2d.o
                0x08003bb8                HAL_DMA2D_IRQHandler
 .text.HAL_DMA2D_ConfigLayer
                0x08003cf4       0xc4 build/stm32f4xx_hal_dma2d.o
                0x08003cf4                HAL_DMA2D_ConfigLayer
 .text.HAL_DSI_ConfigErrorMonitor
                0x08003db8       0xf2 build/stm32f4xx_hal_dsi.o
                0x08003db8                HAL_DSI_ConfigErrorMonitor
 *fill*         0x08003eaa        0x2 
 .text.HAL_DSI_Init
                0x08003eac      0x18c build/stm32f4xx_hal_dsi.o
                0x08003eac                HAL_DSI_Init
 .text.HAL_DSI_TearingEffectCallback
                0x08004038        0x2 build/stm32f4xx_hal_dsi.o
                0x08004038                HAL_DSI_TearingEffectCallback
 .text.HAL_DSI_EndOfRefreshCallback
                0x0800403a        0x2 build/stm32f4xx_hal_dsi.o
                0x0800403a                HAL_DSI_EndOfRefreshCallback
 .text.HAL_DSI_ErrorCallback
                0x0800403c        0x2 build/stm32f4xx_hal_dsi.o
                0x0800403c                HAL_DSI_ErrorCallback
 .text.HAL_DSI_IRQHandler
                0x0800403e       0xfe build/stm32f4xx_hal_dsi.o
                0x0800403e                HAL_DSI_IRQHandler
 .text.HAL_DSI_SetGenericVCID
                0x0800413c       0x28 build/stm32f4xx_hal_dsi.o
                0x0800413c                HAL_DSI_SetGenericVCID
 .text.HAL_DSI_ConfigAdaptedCommandMode
                0x08004164      0x110 build/stm32f4xx_hal_dsi.o
                0x08004164                HAL_DSI_ConfigAdaptedCommandMode
 .text.HAL_DSI_ConfigCommand
                0x08004274       0x74 build/stm32f4xx_hal_dsi.o
                0x08004274                HAL_DSI_ConfigCommand
 .text.HAL_DSI_ConfigFlowControl
                0x080042e8       0x28 build/stm32f4xx_hal_dsi.o
                0x080042e8                HAL_DSI_ConfigFlowControl
 .text.HAL_DSI_ConfigPhyTimer
                0x08004310       0x88 build/stm32f4xx_hal_dsi.o
                0x08004310                HAL_DSI_ConfigPhyTimer
 .text.HAL_DSI_ConfigHostTimeouts
                0x08004398       0xfa build/stm32f4xx_hal_dsi.o
                0x08004398                HAL_DSI_ConfigHostTimeouts
 .text.HAL_DSI_SetLowPowerRXFilter
                0x08004492       0x32 build/stm32f4xx_hal_dsi.o
                0x08004492                HAL_DSI_SetLowPowerRXFilter
 .text.FMC_SDRAM_Init
                0x080044c4       0x78 build/stm32f4xx_ll_fmc.o
                0x080044c4                FMC_SDRAM_Init
 .text.FMC_SDRAM_Timing_Init
                0x0800453c       0xa8 build/stm32f4xx_ll_fmc.o
                0x0800453c                FMC_SDRAM_Timing_Init
 .text.HAL_SDRAM_Init
                0x080045e4       0x40 build/stm32f4xx_hal_sdram.o
                0x080045e4                HAL_SDRAM_Init
 .text.HAL_I2C_Init
                0x08004624      0x1bc build/stm32f4xx_hal_i2c.o
                0x08004624                HAL_I2C_Init
 .text.LTDC_SetConfig
                0x080047e0      0x1b2 build/stm32f4xx_hal_ltdc.o
 *fill*         0x08004992        0x2 
 .text.HAL_LTDC_Init
                0x08004994       0xf4 build/stm32f4xx_hal_ltdc.o
                0x08004994                HAL_LTDC_Init
 .text.HAL_LTDC_ErrorCallback
                0x08004a88        0x2 build/stm32f4xx_hal_ltdc.o
                0x08004a88                HAL_LTDC_ErrorCallback
 .text.HAL_LTDC_LineEventCallback
                0x08004a8a        0x2 build/stm32f4xx_hal_ltdc.o
                0x08004a8a                HAL_LTDC_LineEventCallback
 .text.HAL_LTDC_ReloadEventCallback
                0x08004a8c        0x2 build/stm32f4xx_hal_ltdc.o
                0x08004a8c                HAL_LTDC_ReloadEventCallback
 .text.HAL_LTDC_IRQHandler
                0x08004a8e       0xda build/stm32f4xx_hal_ltdc.o
                0x08004a8e                HAL_LTDC_IRQHandler
 .text.HAL_LTDC_ConfigLayer
                0x08004b68       0x68 build/stm32f4xx_hal_ltdc.o
                0x08004b68                HAL_LTDC_ConfigLayer
 .text.QSPI_WaitFlagStateUntilTimeout
                0x08004bd0       0x54 build/stm32f4xx_hal_qspi.o
 .text.HAL_QSPI_SetTimeout
                0x08004c24        0x4 build/stm32f4xx_hal_qspi.o
                0x08004c24                HAL_QSPI_SetTimeout
 .text.HAL_QSPI_Init
                0x08004c28       0xb0 build/stm32f4xx_hal_qspi.o
                0x08004c28                HAL_QSPI_Init
 .text.SAI_Disable
                0x08004cd8       0x44 build/stm32f4xx_hal_sai.o
 .text.HAL_SAI_Init
                0x08004d1c      0x18c build/stm32f4xx_hal_sai.o
                0x08004d1c                HAL_SAI_Init
 .text.SAI_BlockSynchroConfig
                0x08004ea8       0x20 build/stm32f4xx_hal_sai_ex.o
                0x08004ea8                SAI_BlockSynchroConfig
 .text.SAI_GetInputClock
                0x08004ec8       0xdc build/stm32f4xx_hal_sai_ex.o
                0x08004ec8                SAI_GetInputClock
 .text.SDMMC_GetCmdError
                0x08004fa4       0x38 build/stm32f4xx_ll_sdmmc.o
 .text.SDIO_Init
                0x08004fdc       0x32 build/stm32f4xx_ll_sdmmc.o
                0x08004fdc                SDIO_Init
 .text.SDIO_ReadFIFO
                0x0800500e        0x6 build/stm32f4xx_ll_sdmmc.o
                0x0800500e                SDIO_ReadFIFO
 .text.SDIO_WriteFIFO
                0x08005014        0xa build/stm32f4xx_ll_sdmmc.o
                0x08005014                SDIO_WriteFIFO
 .text.SDIO_PowerState_ON
                0x0800501e        0x8 build/stm32f4xx_ll_sdmmc.o
                0x0800501e                SDIO_PowerState_ON
 .text.SDIO_GetPowerState
                0x08005026        0x8 build/stm32f4xx_ll_sdmmc.o
                0x08005026                SDIO_GetPowerState
 .text.SDIO_SendCommand
                0x0800502e       0x24 build/stm32f4xx_ll_sdmmc.o
                0x0800502e                SDIO_SendCommand
 .text.SDIO_GetCommandResponse
                0x08005052        0x6 build/stm32f4xx_ll_sdmmc.o
                0x08005052                SDIO_GetCommandResponse
 .text.SDIO_GetResponse
                0x08005058        0x6 build/stm32f4xx_ll_sdmmc.o
                0x08005058                SDIO_GetResponse
 .text.SDIO_ConfigData
                0x0800505e       0x24 build/stm32f4xx_ll_sdmmc.o
                0x0800505e                SDIO_ConfigData
 .text.SDMMC_CmdGoIdleState
                0x08005082       0x26 build/stm32f4xx_ll_sdmmc.o
                0x08005082                SDMMC_CmdGoIdleState
 .text.SDMMC_GetCmdResp1
                0x080050a8      0x154 build/stm32f4xx_ll_sdmmc.o
                0x080050a8                SDMMC_GetCmdResp1
 .text.SDMMC_CmdBlockLength
                0x080051fc       0x30 build/stm32f4xx_ll_sdmmc.o
                0x080051fc                SDMMC_CmdBlockLength
 .text.SDMMC_CmdReadSingleBlock
                0x0800522c       0x30 build/stm32f4xx_ll_sdmmc.o
                0x0800522c                SDMMC_CmdReadSingleBlock
 .text.SDMMC_CmdReadMultiBlock
                0x0800525c       0x30 build/stm32f4xx_ll_sdmmc.o
                0x0800525c                SDMMC_CmdReadMultiBlock
 .text.SDMMC_CmdWriteSingleBlock
                0x0800528c       0x30 build/stm32f4xx_ll_sdmmc.o
                0x0800528c                SDMMC_CmdWriteSingleBlock
 .text.SDMMC_CmdWriteMultiBlock
                0x080052bc       0x30 build/stm32f4xx_ll_sdmmc.o
                0x080052bc                SDMMC_CmdWriteMultiBlock
 .text.SDMMC_CmdStopTransfer
                0x080052ec       0x34 build/stm32f4xx_ll_sdmmc.o
                0x080052ec                SDMMC_CmdStopTransfer
 .text.SDMMC_CmdSelDesel
                0x08005320       0x30 build/stm32f4xx_ll_sdmmc.o
                0x08005320                SDMMC_CmdSelDesel
 .text.SDMMC_CmdAppCommand
                0x08005350       0x30 build/stm32f4xx_ll_sdmmc.o
                0x08005350                SDMMC_CmdAppCommand
 .text.SDMMC_CmdBusWidth
                0x08005380       0x30 build/stm32f4xx_ll_sdmmc.o
                0x08005380                SDMMC_CmdBusWidth
 .text.SDMMC_CmdSendSCR
                0x080053b0       0x30 build/stm32f4xx_ll_sdmmc.o
                0x080053b0                SDMMC_CmdSendSCR
 .text.SDMMC_CmdSendStatus
                0x080053e0       0x30 build/stm32f4xx_ll_sdmmc.o
                0x080053e0                SDMMC_CmdSendStatus
 .text.SDMMC_GetCmdResp2
                0x08005410       0x5c build/stm32f4xx_ll_sdmmc.o
                0x08005410                SDMMC_GetCmdResp2
 .text.SDMMC_CmdSendCID
                0x0800546c       0x2a build/stm32f4xx_ll_sdmmc.o
                0x0800546c                SDMMC_CmdSendCID
 .text.SDMMC_CmdSendCSD
                0x08005496       0x2a build/stm32f4xx_ll_sdmmc.o
                0x08005496                SDMMC_CmdSendCSD
 .text.SDMMC_GetCmdResp3
                0x080054c0       0x4c build/stm32f4xx_ll_sdmmc.o
                0x080054c0                SDMMC_GetCmdResp3
 .text.SDMMC_CmdAppOperCommand
                0x0800550c       0x32 build/stm32f4xx_ll_sdmmc.o
                0x0800550c                SDMMC_CmdAppOperCommand
 *fill*         0x0800553e        0x2 
 .text.SDMMC_GetCmdResp6
                0x08005540       0xa0 build/stm32f4xx_ll_sdmmc.o
                0x08005540                SDMMC_GetCmdResp6
 .text.SDMMC_CmdSetRelAdd
                0x080055e0       0x30 build/stm32f4xx_ll_sdmmc.o
                0x080055e0                SDMMC_CmdSetRelAdd
 .text.SDMMC_GetCmdResp7
                0x08005610       0x64 build/stm32f4xx_ll_sdmmc.o
                0x08005610                SDMMC_GetCmdResp7
 .text.SDMMC_CmdOperCond
                0x08005674       0x2e build/stm32f4xx_ll_sdmmc.o
                0x08005674                SDMMC_CmdOperCond
 *fill*         0x080056a2        0x2 
 .text.SD_PowerON
                0x080056a4       0xc0 build/stm32f4xx_hal_sd.o
 .text.SD_FindSCR
                0x08005764      0x100 build/stm32f4xx_hal_sd.o
 .text.SD_WideBus_Enable
                0x08005864       0x4e build/stm32f4xx_hal_sd.o
 .text.SD_WideBus_Disable
                0x080058b2       0x4e build/stm32f4xx_hal_sd.o
 .text.SD_SendStatus
                0x08005900       0x2c build/stm32f4xx_hal_sd.o
 .text.HAL_SD_ReadBlocks
                0x0800592c      0x248 build/stm32f4xx_hal_sd.o
                0x0800592c                HAL_SD_ReadBlocks
 .text.HAL_SD_WriteBlocks
                0x08005b74      0x200 build/stm32f4xx_hal_sd.o
                0x08005b74                HAL_SD_WriteBlocks
 .text.HAL_SD_GetCardCSD
                0x08005d74      0x1b8 build/stm32f4xx_hal_sd.o
                0x08005d74                HAL_SD_GetCardCSD
 .text.SD_InitCard
                0x08005f2c      0x100 build/stm32f4xx_hal_sd.o
 .text.HAL_SD_InitCard
                0x0800602c       0xa8 build/stm32f4xx_hal_sd.o
                0x0800602c                HAL_SD_InitCard
 .text.HAL_SD_Init
                0x080060d4       0x36 build/stm32f4xx_hal_sd.o
                0x080060d4                HAL_SD_Init
 .text.HAL_SD_GetCardInfo
                0x0800610a       0x24 build/stm32f4xx_hal_sd.o
                0x0800610a                HAL_SD_GetCardInfo
 *fill*         0x0800612e        0x2 
 .text.HAL_SD_ConfigWideBusOperation
                0x08006130       0xc0 build/stm32f4xx_hal_sd.o
                0x08006130                HAL_SD_ConfigWideBusOperation
 .text.HAL_SD_GetCardState
                0x080061f0       0x22 build/stm32f4xx_hal_sd.o
                0x080061f0                HAL_SD_GetCardState
 .text.TIM_TI1_ConfigInputStage
                0x08006212       0x26 build/stm32f4xx_hal_tim.o
 .text.TIM_TI2_ConfigInputStage
                0x08006238       0x28 build/stm32f4xx_hal_tim.o
 .text.TIM_ITRx_SetConfig
                0x08006260       0x10 build/stm32f4xx_hal_tim.o
 .text.HAL_TIM_Base_Start_IT
                0x08006270       0x88 build/stm32f4xx_hal_tim.o
                0x08006270                HAL_TIM_Base_Start_IT
 .text.HAL_TIM_OC_DelayElapsedCallback
                0x080062f8        0x2 build/stm32f4xx_hal_tim.o
                0x080062f8                HAL_TIM_OC_DelayElapsedCallback
 .text.HAL_TIM_IC_CaptureCallback
                0x080062fa        0x2 build/stm32f4xx_hal_tim.o
                0x080062fa                HAL_TIM_IC_CaptureCallback
 .text.HAL_TIM_PWM_PulseFinishedCallback
                0x080062fc        0x2 build/stm32f4xx_hal_tim.o
                0x080062fc                HAL_TIM_PWM_PulseFinishedCallback
 .text.HAL_TIM_TriggerCallback
                0x080062fe        0x2 build/stm32f4xx_hal_tim.o
                0x080062fe                HAL_TIM_TriggerCallback
 .text.HAL_TIM_IRQHandler
                0x08006300      0x17a build/stm32f4xx_hal_tim.o
                0x08006300                HAL_TIM_IRQHandler
 *fill*         0x0800647a        0x2 
 .text.TIM_Base_SetConfig
                0x0800647c       0xc8 build/stm32f4xx_hal_tim.o
                0x0800647c                TIM_Base_SetConfig
 .text.HAL_TIM_Base_Init
                0x08006544       0x58 build/stm32f4xx_hal_tim.o
                0x08006544                HAL_TIM_Base_Init
 .text.TIM_ETR_SetConfig
                0x0800659c       0x1a build/stm32f4xx_hal_tim.o
                0x0800659c                TIM_ETR_SetConfig
 .text.HAL_TIM_ConfigClockSource
                0x080065b6       0xfe build/stm32f4xx_hal_tim.o
                0x080065b6                HAL_TIM_ConfigClockSource
 .text.HAL_TIMEx_MasterConfigSynchronization
                0x080066b4       0x8c build/stm32f4xx_hal_tim_ex.o
                0x080066b4                HAL_TIMEx_MasterConfigSynchronization
 .text.HAL_TIMEx_CommutCallback
                0x08006740        0x2 build/stm32f4xx_hal_tim_ex.o
                0x08006740                HAL_TIMEx_CommutCallback
 .text.HAL_TIMEx_BreakCallback
                0x08006742        0x2 build/stm32f4xx_hal_tim_ex.o
                0x08006742                HAL_TIMEx_BreakCallback
 .text.UART_SetConfig
                0x08006744      0x110 build/stm32f4xx_hal_uart.o
 .text.HAL_UART_Init
                0x08006854       0x5e build/stm32f4xx_hal_uart.o
                0x08006854                HAL_UART_Init
 *fill*         0x080068b2        0x2 
 .text.SystemInit
                0x080068b4       0x14 build/system_stm32f4xx.o
                0x080068b4                SystemInit
 .text.FATFS_LinkDriverEx
                0x080068c8       0x54 build/ff_gen_drv.o
                0x080068c8                FATFS_LinkDriverEx
 .text.FATFS_LinkDriver
                0x0800691c        0xa build/ff_gen_drv.o
                0x0800691c                FATFS_LinkDriver
 .text.DeInitStateMachine
                0x08006926       0x62 build/usbh_core.o
 .text.USBH_HandleSof
                0x08006988       0x1a build/usbh_core.o
 .text.USBH_HandleEnum
                0x080069a2      0x26e build/usbh_core.o
 .text.USBH_Init
                0x08006c10       0x3e build/usbh_core.o
                0x08006c10                USBH_Init
 .text.USBH_RegisterClass
                0x08006c4e       0x22 build/usbh_core.o
                0x08006c4e                USBH_RegisterClass
 .text.USBH_SelectInterface
                0x08006c70       0x14 build/usbh_core.o
                0x08006c70                USBH_SelectInterface
 .text.USBH_FindInterface
                0x08006c84       0x54 build/usbh_core.o
                0x08006c84                USBH_FindInterface
 .text.USBH_Start
                0x08006cd8       0x14 build/usbh_core.o
                0x08006cd8                USBH_Start
 .text.USBH_Process
                0x08006cec      0x28e build/usbh_core.o
                0x08006cec                USBH_Process
 .text.USBH_LL_SetTimer
                0x08006f7a        0x6 build/usbh_core.o
                0x08006f7a                USBH_LL_SetTimer
 .text.USBH_LL_IncTimer
                0x08006f80       0x12 build/usbh_core.o
                0x08006f80                USBH_LL_IncTimer
 .text.USBH_LL_PortEnabled
                0x08006f92        0x8 build/usbh_core.o
                0x08006f92                USBH_LL_PortEnabled
 .text.USBH_LL_PortDisabled
                0x08006f9a        0x8 build/usbh_core.o
                0x08006f9a                USBH_LL_PortDisabled
 .text.USBH_LL_Connect
                0x08006fa2       0x14 build/usbh_core.o
                0x08006fa2                USBH_LL_Connect
 .text.USBH_LL_Disconnect
                0x08006fb6       0x2c build/usbh_core.o
                0x08006fb6                USBH_LL_Disconnect
 .text.USBH_ParseDevDesc
                0x08006fe2       0x80 build/usbh_ctlreq.o
 .text.USBH_ParseInterfaceDesc
                0x08007062       0x26 build/usbh_ctlreq.o
 .text.USBH_ParseEPDesc
                0x08007088       0x9a build/usbh_ctlreq.o
 .text.USBH_ParseStringDesc
                0x08007122       0x32 build/usbh_ctlreq.o
 .text.USBH_HandleControl
                0x08007154      0x1d8 build/usbh_ctlreq.o
 .text.USBH_GetNextDesc
                0x0800732c        0xe build/usbh_ctlreq.o
                0x0800732c                USBH_GetNextDesc
 .text.USBH_ParseCfgDesc
                0x0800733a      0x166 build/usbh_ctlreq.o
 .text.USBH_CtlReq
                0x080074a0       0x40 build/usbh_ctlreq.o
                0x080074a0                USBH_CtlReq
 .text.USBH_GetDescriptor
                0x080074e0       0x42 build/usbh_ctlreq.o
                0x080074e0                USBH_GetDescriptor
 .text.USBH_Get_DevDesc
                0x08007522       0x32 build/usbh_ctlreq.o
                0x08007522                USBH_Get_DevDesc
 .text.USBH_Get_CfgDesc
                0x08007554       0x2c build/usbh_ctlreq.o
                0x08007554                USBH_Get_CfgDesc
 .text.USBH_Get_StringDesc
                0x08007580       0x30 build/usbh_ctlreq.o
                0x08007580                USBH_Get_StringDesc
 .text.USBH_SetAddress
                0x080075b0       0x22 build/usbh_ctlreq.o
                0x080075b0                USBH_SetAddress
 .text.USBH_SetCfg
                0x080075d2       0x22 build/usbh_ctlreq.o
                0x080075d2                USBH_SetCfg
 .text.USBH_SetFeature
                0x080075f4       0x22 build/usbh_ctlreq.o
                0x080075f4                USBH_SetFeature
 .text.USBH_ClrFeature
                0x08007616       0x24 build/usbh_ctlreq.o
                0x08007616                USBH_ClrFeature
 .text.USBH_CtlSendSetup
                0x0800763a       0x22 build/usbh_ioreq.o
                0x0800763a                USBH_CtlSendSetup
 .text.USBH_CtlSendData
                0x0800765c       0x2c build/usbh_ioreq.o
                0x0800765c                USBH_CtlSendData
 .text.USBH_CtlReceiveData
                0x08007688       0x20 build/usbh_ioreq.o
                0x08007688                USBH_CtlReceiveData
 .text.USBH_BulkSendData
                0x080076a8       0x2c build/usbh_ioreq.o
                0x080076a8                USBH_BulkSendData
 .text.USBH_BulkReceiveData
                0x080076d4       0x20 build/usbh_ioreq.o
                0x080076d4                USBH_BulkReceiveData
 .text.USBH_GetFreePipe
                0x080076f4       0x26 build/usbh_pipes.o
 .text.USBH_OpenPipe
                0x0800771a       0x20 build/usbh_pipes.o
                0x0800771a                USBH_OpenPipe
 .text.USBH_ClosePipe
                0x0800773a        0xa build/usbh_pipes.o
                0x0800773a                USBH_ClosePipe
 .text.USBH_AllocPipe
                0x08007744       0x26 build/usbh_pipes.o
                0x08007744                USBH_AllocPipe
 .text.USBH_FreePipe
                0x0800776a       0x16 build/usbh_pipes.o
                0x0800776a                USBH_FreePipe
 .text.USBH_CDC_SOFProcess
                0x08007780        0x4 build/usbh_cdc.o
 .text.SetLineCoding
                0x08007784       0x1a build/usbh_cdc.o
 .text.GetLineCoding
                0x0800779e       0x1a build/usbh_cdc.o
 .text.USBH_CDC_ClassRequest
                0x080077b8       0x22 build/usbh_cdc.o
 .text.USBH_CDC_InterfaceDeInit
                0x080077da       0x68 build/usbh_cdc.o
 .text.USBH_CDC_InterfaceInit
                0x08007842      0x186 build/usbh_cdc.o
 .text.USBH_CDC_TransmitCallback
                0x080079c8        0x2 build/usbh_cdc.o
                0x080079c8                USBH_CDC_TransmitCallback
 .text.CDC_ProcessTransmission
                0x080079ca       0x94 build/usbh_cdc.o
 .text.USBH_CDC_ReceiveCallback
                0x08007a5e        0x2 build/usbh_cdc.o
                0x08007a5e                USBH_CDC_ReceiveCallback
 .text.CDC_ProcessReception
                0x08007a60       0x68 build/usbh_cdc.o
 .text.USBH_CDC_LineCodingChanged
                0x08007ac8        0x2 build/usbh_cdc.o
                0x08007ac8                USBH_CDC_LineCodingChanged
 .text.USBH_CDC_Process
                0x08007aca       0xb2 build/usbh_cdc.o
 .text.Reset_Handler
                0x08007b7c       0x50 build/startup_stm32f469xx.o
                0x08007b7c                Reset_Handler
 .text.Default_Handler
                0x08007bcc        0x2 build/startup_stm32f469xx.o
                0x08007bcc                RTC_Alarm_IRQHandler
                0x08007bcc                HASH_RNG_IRQHandler
                0x08007bcc                EXTI2_IRQHandler
                0x08007bcc                TIM8_CC_IRQHandler
                0x08007bcc                UART8_IRQHandler
                0x08007bcc                SPI4_IRQHandler
                0x08007bcc                TIM1_CC_IRQHandler
                0x08007bcc                DMA2_Stream5_IRQHandler
                0x08007bcc                DMA1_Stream5_IRQHandler
                0x08007bcc                PVD_IRQHandler
                0x08007bcc                SDIO_IRQHandler
                0x08007bcc                TAMP_STAMP_IRQHandler
                0x08007bcc                CAN2_RX1_IRQHandler
                0x08007bcc                EXTI3_IRQHandler
                0x08007bcc                TIM8_TRG_COM_TIM14_IRQHandler
                0x08007bcc                TIM1_UP_TIM10_IRQHandler
                0x08007bcc                TIM8_UP_TIM13_IRQHandler
                0x08007bcc                I2C3_ER_IRQHandler
                0x08007bcc                EXTI0_IRQHandler
                0x08007bcc                I2C2_EV_IRQHandler
                0x08007bcc                DMA1_Stream2_IRQHandler
                0x08007bcc                CAN1_RX0_IRQHandler
                0x08007bcc                FPU_IRQHandler
                0x08007bcc                OTG_HS_WKUP_IRQHandler
                0x08007bcc                LTDC_ER_IRQHandler
                0x08007bcc                CAN2_SCE_IRQHandler
                0x08007bcc                DMA2_Stream2_IRQHandler
                0x08007bcc                SPI1_IRQHandler
                0x08007bcc                TIM1_BRK_TIM9_IRQHandler
                0x08007bcc                DCMI_IRQHandler
                0x08007bcc                CAN2_RX0_IRQHandler
                0x08007bcc                DMA2_Stream3_IRQHandler
                0x08007bcc                USART6_IRQHandler
                0x08007bcc                USART3_IRQHandler
                0x08007bcc                CAN1_RX1_IRQHandler
                0x08007bcc                UART5_IRQHandler
                0x08007bcc                DMA2_Stream0_IRQHandler
                0x08007bcc                TIM4_IRQHandler
                0x08007bcc                QUADSPI_IRQHandler
                0x08007bcc                I2C1_EV_IRQHandler
                0x08007bcc                DMA1_Stream6_IRQHandler
                0x08007bcc                DMA1_Stream1_IRQHandler
                0x08007bcc                UART4_IRQHandler
                0x08007bcc                TIM3_IRQHandler
                0x08007bcc                RCC_IRQHandler
                0x08007bcc                TIM8_BRK_TIM12_IRQHandler
                0x08007bcc                Default_Handler
                0x08007bcc                EXTI15_10_IRQHandler
                0x08007bcc                ADC_IRQHandler
                0x08007bcc                DMA1_Stream7_IRQHandler
                0x08007bcc                SPI5_IRQHandler
                0x08007bcc                TIM7_IRQHandler
                0x08007bcc                CAN2_TX_IRQHandler
                0x08007bcc                TIM5_IRQHandler
                0x08007bcc                DMA2_Stream7_IRQHandler
                0x08007bcc                I2C3_EV_IRQHandler
                0x08007bcc                EXTI9_5_IRQHandler
                0x08007bcc                RTC_WKUP_IRQHandler
                0x08007bcc                ETH_WKUP_IRQHandler
                0x08007bcc                SPI2_IRQHandler
                0x08007bcc                OTG_HS_EP1_IN_IRQHandler
                0x08007bcc                DMA1_Stream0_IRQHandler
                0x08007bcc                CAN1_TX_IRQHandler
                0x08007bcc                EXTI4_IRQHandler
                0x08007bcc                ETH_IRQHandler
                0x08007bcc                OTG_HS_EP1_OUT_IRQHandler
                0x08007bcc                WWDG_IRQHandler
                0x08007bcc                SPI6_IRQHandler
                0x08007bcc                TIM2_IRQHandler
                0x08007bcc                OTG_FS_WKUP_IRQHandler
                0x08007bcc                TIM1_TRG_COM_TIM11_IRQHandler
                0x08007bcc                OTG_HS_IRQHandler
                0x08007bcc                EXTI1_IRQHandler
                0x08007bcc                UART7_IRQHandler
                0x08007bcc                USART2_IRQHandler
                0x08007bcc                I2C2_ER_IRQHandler
                0x08007bcc                DMA2_Stream1_IRQHandler
                0x08007bcc                CAN1_SCE_IRQHandler
                0x08007bcc                FLASH_IRQHandler
                0x08007bcc                DMA2_Stream4_IRQHandler
                0x08007bcc                USART1_IRQHandler
                0x08007bcc                SPI3_IRQHandler
                0x08007bcc                DMA1_Stream4_IRQHandler
                0x08007bcc                I2C1_ER_IRQHandler
                0x08007bcc                FMC_IRQHandler
                0x08007bcc                DMA2_Stream6_IRQHandler
                0x08007bcc                SAI1_IRQHandler
                0x08007bcc                DMA1_Stream3_IRQHandler
 *fill*         0x08007bce        0x2 
 .text.__libc_init_array
                0x08007bd0       0x48 c:/program files (x86)/gnu arm embedded toolchain/10 2021.10/bin/../lib/gcc/arm-none-eabi/10.3.1/../../../../arm-none-eabi/lib/thumb/v7e-m+fp/hard\libc_nano.a(lib_a-init.o)
                0x08007bd0                __libc_init_array
 .text.malloc   0x08007c18       0x10 c:/program files (x86)/gnu arm embedded toolchain/10 2021.10/bin/../lib/gcc/arm-none-eabi/10.3.1/../../../../arm-none-eabi/lib/thumb/v7e-m+fp/hard\libc_nano.a(lib_a-malloc.o)
                0x08007c18                malloc
 .text.free     0x08007c28       0x10 c:/program files (x86)/gnu arm embedded toolchain/10 2021.10/bin/../lib/gcc/arm-none-eabi/10.3.1/../../../../arm-none-eabi/lib/thumb/v7e-m+fp/hard\libc_nano.a(lib_a-malloc.o)
                0x08007c28                free
 .text.memset   0x08007c38       0x10 c:/program files (x86)/gnu arm embedded toolchain/10 2021.10/bin/../lib/gcc/arm-none-eabi/10.3.1/../../../../arm-none-eabi/lib/thumb/v7e-m+fp/hard\libc_nano.a(lib_a-memset.o)
                0x08007c38                memset
 .text._free_r  0x08007c48       0x98 c:/program files (x86)/gnu arm embedded toolchain/10 2021.10/bin/../lib/gcc/arm-none-eabi/10.3.1/../../../../arm-none-eabi/lib/thumb/v7e-m+fp/hard\libc_nano.a(lib_a-nano-freer.o)
                0x08007c48                _free_r
 .text.sbrk_aligned
                0x08007ce0       0x40 c:/program files (x86)/gnu arm embedded toolchain/10 2021.10/bin/../lib/gcc/arm-none-eabi/10.3.1/../../../../arm-none-eabi/lib/thumb/v7e-m+fp/hard\libc_nano.a(lib_a-nano-mallocr.o)
 .text._malloc_r
                0x08007d20       0xe8 c:/program files (x86)/gnu arm embedded toolchain/10 2021.10/bin/../lib/gcc/arm-none-eabi/10.3.1/../../../../arm-none-eabi/lib/thumb/v7e-m+fp/hard\libc_nano.a(lib_a-nano-mallocr.o)
                0x08007d20                _malloc_r
 .text._sbrk_r  0x08007e08       0x20 c:/program files (x86)/gnu arm embedded toolchain/10 2021.10/bin/../lib/gcc/arm-none-eabi/10.3.1/../../../../arm-none-eabi/lib/thumb/v7e-m+fp/hard\libc_nano.a(lib_a-sbrkr.o)
                0x08007e08                _sbrk_r
 .text.__malloc_lock
                0x08007e28        0xc c:/program files (x86)/gnu arm embedded toolchain/10 2021.10/bin/../lib/gcc/arm-none-eabi/10.3.1/../../../../arm-none-eabi/lib/thumb/v7e-m+fp/hard\libc_nano.a(lib_a-mlock.o)
                0x08007e28                __malloc_lock
 .text.__malloc_unlock
                0x08007e34        0xc c:/program files (x86)/gnu arm embedded toolchain/10 2021.10/bin/../lib/gcc/arm-none-eabi/10.3.1/../../../../arm-none-eabi/lib/thumb/v7e-m+fp/hard\libc_nano.a(lib_a-mlock.o)
                0x08007e34                __malloc_unlock
 .text.__retarget_lock_acquire_recursive
                0x08007e40        0x2 c:/program files (x86)/gnu arm embedded toolchain/10 2021.10/bin/../lib/gcc/arm-none-eabi/10.3.1/../../../../arm-none-eabi/lib/thumb/v7e-m+fp/hard\libc_nano.a(lib_a-lock.o)
                0x08007e40                __retarget_lock_acquire_recursive
 .text.__retarget_lock_release_recursive
                0x08007e42        0x2 c:/program files (x86)/gnu arm embedded toolchain/10 2021.10/bin/../lib/gcc/arm-none-eabi/10.3.1/../../../../arm-none-eabi/lib/thumb/v7e-m+fp/hard\libc_nano.a(lib_a-lock.o)
                0x08007e42                __retarget_lock_release_recursive
 .text._sbrk    0x08007e44       0x1c c:/program files (x86)/gnu arm embedded toolchain/10 2021.10/bin/../lib/gcc/arm-none-eabi/10.3.1/../../../../arm-none-eabi/lib/thumb/v7e-m+fp/hard\libnosys.a(sbrk.o)
                0x08007e44                _sbrk
 *(.glue_7)
 .glue_7        0x08007e60        0x0 linker stubs
 *(.glue_7t)
 .glue_7t       0x08007e60        0x0 linker stubs
 *(.eh_frame)
 .eh_frame      0x08007e60        0x0 c:/program files (x86)/gnu arm embedded toolchain/10 2021.10/bin/../lib/gcc/arm-none-eabi/10.3.1/thumb/v7e-m+fp/hard/crtbegin.o
 *(.init)
 .init          0x08007e60        0x4 c:/program files (x86)/gnu arm embedded toolchain/10 2021.10/bin/../lib/gcc/arm-none-eabi/10.3.1/thumb/v7e-m+fp/hard/crti.o
                0x08007e60                _init
 .init          0x08007e64        0x8 c:/program files (x86)/gnu arm embedded toolchain/10 2021.10/bin/../lib/gcc/arm-none-eabi/10.3.1/thumb/v7e-m+fp/hard/crtn.o
 *(.fini)
 .fini          0x08007e6c        0x4 c:/program files (x86)/gnu arm embedded toolchain/10 2021.10/bin/../lib/gcc/arm-none-eabi/10.3.1/thumb/v7e-m+fp/hard/crti.o
                0x08007e6c                _fini
 .fini          0x08007e70        0x8 c:/program files (x86)/gnu arm embedded toolchain/10 2021.10/bin/../lib/gcc/arm-none-eabi/10.3.1/thumb/v7e-m+fp/hard/crtn.o
                0x08007e78                . = ALIGN (0x4)
                0x08007e78                _etext = .

.vfp11_veneer   0x08007e78        0x0
 .vfp11_veneer  0x08007e78        0x0 linker stubs

.v4_bx          0x08007e78        0x0
 .v4_bx         0x08007e78        0x0 linker stubs

.iplt           0x08007e78        0x0
 .iplt          0x08007e78        0x0 c:/program files (x86)/gnu arm embedded toolchain/10 2021.10/bin/../lib/gcc/arm-none-eabi/10.3.1/thumb/v7e-m+fp/hard/crtbegin.o

.rodata         0x08007e78       0x30
                0x08007e78                . = ALIGN (0x4)
 *(.rodata)
 *(.rodata*)
 .rodata.SD_Driver
                0x08007e78       0x14 build/sd_diskio.o
                0x08007e78                SD_Driver
 .rodata.AHBPrescTable
                0x08007e8c       0x10 build/system_stm32f4xx.o
                0x08007e8c                AHBPrescTable
 .rodata.APBPrescTable
                0x08007e9c        0x8 build/system_stm32f4xx.o
                0x08007e9c                APBPrescTable
 .rodata.str1.4
                0x08007ea4        0x4 build/usbh_cdc.o
                0x08007ea8                . = ALIGN (0x4)

.ARM.extab
 *(.ARM.extab* .gnu.linkonce.armextab.*)

.ARM            0x08007ea8        0x8
                0x08007ea8                __exidx_start = .
 *(.ARM.exidx*)
 .ARM.exidx     0x08007ea8        0x8 c:/program files (x86)/gnu arm embedded toolchain/10 2021.10/bin/../lib/gcc/arm-none-eabi/10.3.1/thumb/v7e-m+fp/hard\libgcc.a(_udivmoddi4.o)
                0x08007eb0                __exidx_end = .

.rel.dyn        0x08007eb0        0x0
 .rel.iplt      0x08007eb0        0x0 c:/program files (x86)/gnu arm embedded toolchain/10 2021.10/bin/../lib/gcc/arm-none-eabi/10.3.1/thumb/v7e-m+fp/hard/crtbegin.o

.preinit_array  0x08007eb0        0x0
                0x08007eb0                PROVIDE (__preinit_array_start = .)
 *(.preinit_array*)
                0x08007eb0                PROVIDE (__preinit_array_end = .)

.init_array     0x08007eb0        0x4
                0x08007eb0                PROVIDE (__init_array_start = .)
 *(SORT_BY_NAME(.init_array.*))
 *(.init_array*)
 .init_array    0x08007eb0        0x4 c:/program files (x86)/gnu arm embedded toolchain/10 2021.10/bin/../lib/gcc/arm-none-eabi/10.3.1/thumb/v7e-m+fp/hard/crtbegin.o
                0x08007eb4                PROVIDE (__init_array_end = .)

.fini_array     0x08007eb4        0x4
                [!provide]                PROVIDE (__fini_array_start = .)
 *(SORT_BY_NAME(.fini_array.*))
 *(.fini_array*)
 .fini_array    0x08007eb4        0x4 c:/program files (x86)/gnu arm embedded toolchain/10 2021.10/bin/../lib/gcc/arm-none-eabi/10.3.1/thumb/v7e-m+fp/hard/crtbegin.o
                [!provide]                PROVIDE (__fini_array_end = .)
                0x08007eb8                _sidata = LOADADDR (.data)

.data           0x20000000       0x90 load address 0x08007eb8
                0x20000000                . = ALIGN (0x4)
                0x20000000                _sdata = .
 *(.data)
 *(.data*)
 .data.Stat     0x20000000        0x1 build/sd_diskio.o
 .data.uwTickFreq
                0x20000001        0x1 build/stm32f4xx_hal.o
                0x20000001                uwTickFreq
 *fill*         0x20000002        0x2 
 .data.uwTickPrio
                0x20000004        0x4 build/stm32f4xx_hal.o
                0x20000004                uwTickPrio
 .data.SystemCoreClock
                0x20000008        0x4 build/system_stm32f4xx.o
                0x20000008                SystemCoreClock
 .data.CDC_Class
                0x2000000c       0x20 build/usbh_cdc.o
                0x2000000c                CDC_Class
 .data._impure_ptr
                0x2000002c        0x4 c:/program files (x86)/gnu arm embedded toolchain/10 2021.10/bin/../lib/gcc/arm-none-eabi/10.3.1/../../../../arm-none-eabi/lib/thumb/v7e-m+fp/hard\libc_nano.a(lib_a-impure.o)
                0x2000002c                _impure_ptr
 .data.impure_data
                0x20000030       0x60 c:/program files (x86)/gnu arm embedded toolchain/10 2021.10/bin/../lib/gcc/arm-none-eabi/10.3.1/../../../../arm-none-eabi/lib/thumb/v7e-m+fp/hard\libc_nano.a(lib_a-impure.o)
                0x20000090                . = ALIGN (0x4)
                0x20000090                _edata = .
                0x08007f48                _siccmram = LOADADDR (.ccmram)

.igot.plt       0x20000090        0x0 load address 0x08007f48
 .igot.plt      0x20000090        0x0 c:/program files (x86)/gnu arm embedded toolchain/10 2021.10/bin/../lib/gcc/arm-none-eabi/10.3.1/thumb/v7e-m+fp/hard/crtbegin.o

.ccmram         0x10000000        0x0 load address 0x08007f48
                0x10000000                . = ALIGN (0x4)
                0x10000000                _sccmram = .
 *(.ccmram)
 *(.ccmram*)
                0x10000000                . = ALIGN (0x4)
                0x10000000                _eccmram = .
                0x10000000                . = ALIGN (0x4)

.bss            0x20000090      0xb84
                0x20000090                _sbss = .
                0x20000090                __bss_start__ = _sbss
 *(.bss)
 .bss           0x20000090       0x1c c:/program files (x86)/gnu arm embedded toolchain/10 2021.10/bin/../lib/gcc/arm-none-eabi/10.3.1/thumb/v7e-m+fp/hard/crtbegin.o
 *(.bss*)
 .bss.hcrc      0x200000ac        0x8 build/main.o
                0x200000ac                hcrc
 .bss.hdma2d    0x200000b4       0x40 build/main.o
                0x200000b4                hdma2d
 .bss.hdsi      0x200000f4       0x1c build/main.o
                0x200000f4                hdsi
 .bss.hi2c1     0x20000110       0x54 build/main.o
                0x20000110                hi2c1
 .bss.hi2c2     0x20000164       0x54 build/main.o
                0x20000164                hi2c2
 .bss.hltdc     0x200001b8       0xa8 build/main.o
                0x200001b8                hltdc
 .bss.hqspi     0x20000260       0x4c build/main.o
                0x20000260                hqspi
 .bss.hsai_BlockA1
                0x200002ac       0x88 build/main.o
                0x200002ac                hsai_BlockA1
 .bss.hsd       0x20000334       0x84 build/main.o
                0x20000334                hsd
 .bss.hsdram1   0x200003b8       0x34 build/main.o
                0x200003b8                hsdram1
 .bss.htim1     0x200003ec       0x48 build/main.o
                0x200003ec                htim1
 .bss.huart3    0x20000434       0x44 build/main.o
                0x20000434                huart3
 .bss.huart6    0x20000478       0x44 build/main.o
                0x20000478                huart6
 .bss.FMC_Initialized
                0x200004bc        0x4 build/stm32f4xx_hal_msp.o
 .bss.SAI1_client
                0x200004c0        0x4 build/stm32f4xx_hal_msp.o
 .bss.htim6     0x200004c4       0x48 build/stm32f4xx_hal_timebase_tim.o
                0x200004c4                htim6
 .bss.SDPath    0x2000050c        0x4 build/fatfs.o
                0x2000050c                SDPath
 .bss.retSD     0x20000510        0x1 build/fatfs.o
                0x20000510                retSD
 .bss.Appli_state
                0x20000511        0x1 build/usb_host.o
                0x20000511                Appli_state
 *fill*         0x20000512        0x2 
 .bss.hUsbHostFS
                0x20000514      0x3d8 build/usb_host.o
                0x20000514                hUsbHostFS
 .bss.hhcd_USB_OTG_FS
                0x200008ec      0x304 build/usbh_conf.o
                0x200008ec                hhcd_USB_OTG_FS
 .bss.uwTick    0x20000bf0        0x4 build/stm32f4xx_hal.o
                0x20000bf0                uwTick
 .bss.disk      0x20000bf4        0xc build/ff_gen_drv.o
                0x20000bf4                disk
 .bss.__malloc_free_list
                0x20000c00        0x4 c:/program files (x86)/gnu arm embedded toolchain/10 2021.10/bin/../lib/gcc/arm-none-eabi/10.3.1/../../../../arm-none-eabi/lib/thumb/v7e-m+fp/hard\libc_nano.a(lib_a-nano-mallocr.o)
                0x20000c00                __malloc_free_list
 .bss.__malloc_sbrk_start
                0x20000c04        0x4 c:/program files (x86)/gnu arm embedded toolchain/10 2021.10/bin/../lib/gcc/arm-none-eabi/10.3.1/../../../../arm-none-eabi/lib/thumb/v7e-m+fp/hard\libc_nano.a(lib_a-nano-mallocr.o)
                0x20000c04                __malloc_sbrk_start
 .bss.errno     0x20000c08        0x4 c:/program files (x86)/gnu arm embedded toolchain/10 2021.10/bin/../lib/gcc/arm-none-eabi/10.3.1/../../../../arm-none-eabi/lib/thumb/v7e-m+fp/hard\libc_nano.a(lib_a-reent.o)
                0x20000c08                errno
 .bss.__lock___malloc_recursive_mutex
                0x20000c0c        0x1 c:/program files (x86)/gnu arm embedded toolchain/10 2021.10/bin/../lib/gcc/arm-none-eabi/10.3.1/../../../../arm-none-eabi/lib/thumb/v7e-m+fp/hard\libc_nano.a(lib_a-lock.o)
                0x20000c0c                __lock___malloc_recursive_mutex
 *fill*         0x20000c0d        0x3 
 .bss.heap_end.0
                0x20000c10        0x4 c:/program files (x86)/gnu arm embedded toolchain/10 2021.10/bin/../lib/gcc/arm-none-eabi/10.3.1/../../../../arm-none-eabi/lib/thumb/v7e-m+fp/hard\libnosys.a(sbrk.o)
 *(COMMON)
                0x20000c14                . = ALIGN (0x4)
                0x20000c14                _ebss = .
                0x20000c14                __bss_end__ = _ebss

._user_heap_stack
                0x20000c14      0x604
                0x20000c18                . = ALIGN (0x8)
 *fill*         0x20000c14        0x4 
                0x20000c18                PROVIDE (end = .)
                [!provide]                PROVIDE (_end = .)
                0x20000e18                . = (. + _Min_Heap_Size)
 *fill*         0x20000c18      0x200 
                0x20001218                . = (. + _Min_Stack_Size)
 *fill*         0x20000e18      0x400 
                0x20001218                . = ALIGN (0x8)

/DISCARD/
 libc.a(*)
 libm.a(*)
 libgcc.a(*)

.ARM.attributes
                0x00000000       0x30
 *(.ARM.attributes)
 .ARM.attributes
                0x00000000       0x1e c:/program files (x86)/gnu arm embedded toolchain/10 2021.10/bin/../lib/gcc/arm-none-eabi/10.3.1/thumb/v7e-m+fp/hard/crti.o
 .ARM.attributes
                0x0000001e       0x34 c:/program files (x86)/gnu arm embedded toolchain/10 2021.10/bin/../lib/gcc/arm-none-eabi/10.3.1/thumb/v7e-m+fp/hard/crtbegin.o
 .ARM.attributes
                0x00000052       0x34 build/main.o
 .ARM.attributes
                0x00000086       0x34 build/stm32f4xx_it.o
 .ARM.attributes
                0x000000ba       0x34 build/stm32f4xx_hal_msp.o
 .ARM.attributes
                0x000000ee       0x34 build/stm32f4xx_hal_timebase_tim.o
 .ARM.attributes
                0x00000122       0x34 build/bsp_driver_sd.o
 .ARM.attributes
                0x00000156       0x34 build/sd_diskio.o
 .ARM.attributes
                0x0000018a       0x34 build/fatfs_platform.o
 .ARM.attributes
                0x000001be       0x34 build/fatfs.o
 .ARM.attributes
                0x000001f2       0x34 build/usb_host.o
 .ARM.attributes
                0x00000226       0x34 build/usbh_conf.o
 .ARM.attributes
                0x0000025a       0x34 build/usbh_platform.o
 .ARM.attributes
                0x0000028e       0x34 build/stm32f4xx_hal_hcd.o
 .ARM.attributes
                0x000002c2       0x34 build/stm32f4xx_ll_usb.o
 .ARM.attributes
                0x000002f6       0x34 build/stm32f4xx_hal_rcc.o
 .ARM.attributes
                0x0000032a       0x34 build/stm32f4xx_hal_rcc_ex.o
 .ARM.attributes
                0x0000035e       0x34 build/stm32f4xx_hal_gpio.o
 .ARM.attributes
                0x00000392       0x34 build/stm32f4xx_hal_pwr_ex.o
 .ARM.attributes
                0x000003c6       0x34 build/stm32f4xx_hal_cortex.o
 .ARM.attributes
                0x000003fa       0x34 build/stm32f4xx_hal.o
 .ARM.attributes
                0x0000042e       0x34 build/stm32f4xx_hal_crc.o
 .ARM.attributes
                0x00000462       0x34 build/stm32f4xx_hal_dma2d.o
 .ARM.attributes
                0x00000496       0x34 build/stm32f4xx_hal_dsi.o
 .ARM.attributes
                0x000004ca       0x34 build/stm32f4xx_ll_fmc.o
 .ARM.attributes
                0x000004fe       0x34 build/stm32f4xx_hal_sdram.o
 .ARM.attributes
                0x00000532       0x34 build/stm32f4xx_hal_i2c.o
 .ARM.attributes
                0x00000566       0x34 build/stm32f4xx_hal_ltdc.o
 .ARM.attributes
                0x0000059a       0x34 build/stm32f4xx_hal_qspi.o
 .ARM.attributes
                0x000005ce       0x34 build/stm32f4xx_hal_sai.o
 .ARM.attributes
                0x00000602       0x34 build/stm32f4xx_hal_sai_ex.o
 .ARM.attributes
                0x00000636       0x34 build/stm32f4xx_ll_sdmmc.o
 .ARM.attributes
                0x0000066a       0x34 build/stm32f4xx_hal_sd.o
 .ARM.attributes
                0x0000069e       0x34 build/stm32f4xx_hal_tim.o
 .ARM.attributes
                0x000006d2       0x34 build/stm32f4xx_hal_tim_ex.o
 .ARM.attributes
                0x00000706       0x34 build/stm32f4xx_hal_uart.o
 .ARM.attributes
                0x0000073a       0x34 build/system_stm32f4xx.o
 .ARM.attributes
                0x0000076e       0x34 build/ff_gen_drv.o
 .ARM.attributes
                0x000007a2       0x34 build/usbh_core.o
 .ARM.attributes
                0x000007d6       0x34 build/usbh_ctlreq.o
 .ARM.attributes
                0x0000080a       0x34 build/usbh_ioreq.o
 .ARM.attributes
                0x0000083e       0x34 build/usbh_pipes.o
 .ARM.attributes
                0x00000872       0x34 build/usbh_cdc.o
 .ARM.attributes
                0x000008a6       0x21 build/startup_stm32f469xx.o
 .ARM.attributes
                0x000008c7       0x34 c:/program files (x86)/gnu arm embedded toolchain/10 2021.10/bin/../lib/gcc/arm-none-eabi/10.3.1/../../../../arm-none-eabi/lib/thumb/v7e-m+fp/hard\libc_nano.a(lib_a-impure.o)
 .ARM.attributes
                0x000008fb       0x34 c:/program files (x86)/gnu arm embedded toolchain/10 2021.10/bin/../lib/gcc/arm-none-eabi/10.3.1/../../../../arm-none-eabi/lib/thumb/v7e-m+fp/hard\libc_nano.a(lib_a-init.o)
 .ARM.attributes
                0x0000092f       0x34 c:/program files (x86)/gnu arm embedded toolchain/10 2021.10/bin/../lib/gcc/arm-none-eabi/10.3.1/../../../../arm-none-eabi/lib/thumb/v7e-m+fp/hard\libc_nano.a(lib_a-malloc.o)
 .ARM.attributes
                0x00000963       0x34 c:/program files (x86)/gnu arm embedded toolchain/10 2021.10/bin/../lib/gcc/arm-none-eabi/10.3.1/../../../../arm-none-eabi/lib/thumb/v7e-m+fp/hard\libc_nano.a(lib_a-memset.o)
 .ARM.attributes
                0x00000997       0x34 c:/program files (x86)/gnu arm embedded toolchain/10 2021.10/bin/../lib/gcc/arm-none-eabi/10.3.1/../../../../arm-none-eabi/lib/thumb/v7e-m+fp/hard\libc_nano.a(lib_a-nano-freer.o)
 .ARM.attributes
                0x000009cb       0x34 c:/program files (x86)/gnu arm embedded toolchain/10 2021.10/bin/../lib/gcc/arm-none-eabi/10.3.1/../../../../arm-none-eabi/lib/thumb/v7e-m+fp/hard\libc_nano.a(lib_a-nano-mallocr.o)
 .ARM.attributes
                0x000009ff       0x34 c:/program files (x86)/gnu arm embedded toolchain/10 2021.10/bin/../lib/gcc/arm-none-eabi/10.3.1/../../../../arm-none-eabi/lib/thumb/v7e-m+fp/hard\libc_nano.a(lib_a-sbrkr.o)
 .ARM.attributes
                0x00000a33       0x34 c:/program files (x86)/gnu arm embedded toolchain/10 2021.10/bin/../lib/gcc/arm-none-eabi/10.3.1/../../../../arm-none-eabi/lib/thumb/v7e-m+fp/hard\libc_nano.a(lib_a-mlock.o)
 .ARM.attributes
                0x00000a67       0x34 c:/program files (x86)/gnu arm embedded toolchain/10 2021.10/bin/../lib/gcc/arm-none-eabi/10.3.1/../../../../arm-none-eabi/lib/thumb/v7e-m+fp/hard\libc_nano.a(lib_a-reent.o)
 .ARM.attributes
                0x00000a9b       0x34 c:/program files (x86)/gnu arm embedded toolchain/10 2021.10/bin/../lib/gcc/arm-none-eabi/10.3.1/../../../../arm-none-eabi/lib/thumb/v7e-m+fp/hard\libc_nano.a(lib_a-lock.o)
 .ARM.attributes
                0x00000acf       0x34 c:/program files (x86)/gnu arm embedded toolchain/10 2021.10/bin/../lib/gcc/arm-none-eabi/10.3.1/../../../../arm-none-eabi/lib/thumb/v7e-m+fp/hard\libnosys.a(sbrk.o)
 .ARM.attributes
                0x00000b03       0x1e c:/program files (x86)/gnu arm embedded toolchain/10 2021.10/bin/../lib/gcc/arm-none-eabi/10.3.1/thumb/v7e-m+fp/hard\libgcc.a(_aeabi_uldivmod.o)
 .ARM.attributes
                0x00000b21       0x34 c:/program files (x86)/gnu arm embedded toolchain/10 2021.10/bin/../lib/gcc/arm-none-eabi/10.3.1/thumb/v7e-m+fp/hard\libgcc.a(_udivmoddi4.o)
 .ARM.attributes
                0x00000b55       0x1e c:/program files (x86)/gnu arm embedded toolchain/10 2021.10/bin/../lib/gcc/arm-none-eabi/10.3.1/thumb/v7e-m+fp/hard\libgcc.a(_dvmd_tls.o)
 .ARM.attributes
                0x00000b73       0x1e c:/program files (x86)/gnu arm embedded toolchain/10 2021.10/bin/../lib/gcc/arm-none-eabi/10.3.1/thumb/v7e-m+fp/hard/crtn.o
OUTPUT(build/stm32f4_bootloader.elf elf32-littlearm)
LOAD linker stubs
LOAD c:/program files (x86)/gnu arm embedded toolchain/10 2021.10/bin/../lib/gcc/arm-none-eabi/10.3.1/../../../../arm-none-eabi/lib/thumb/v7e-m+fp/hard\libc.a
LOAD c:/program files (x86)/gnu arm embedded toolchain/10 2021.10/bin/../lib/gcc/arm-none-eabi/10.3.1/../../../../arm-none-eabi/lib/thumb/v7e-m+fp/hard\libm.a
LOAD c:/program files (x86)/gnu arm embedded toolchain/10 2021.10/bin/../lib/gcc/arm-none-eabi/10.3.1/thumb/v7e-m+fp/hard\libgcc.a

.debug_info     0x00000000    0x3a806
 .debug_info    0x00000000     0x408e build/main.o
 .debug_info    0x0000408e     0x1c59 build/stm32f4xx_it.o
 .debug_info    0x00005ce7     0x3a69 build/stm32f4xx_hal_msp.o
 .debug_info    0x00009750      0xdf3 build/stm32f4xx_hal_timebase_tim.o
 .debug_info    0x0000a543      0xd2f build/bsp_driver_sd.o
 .debug_info    0x0000b272      0x60c build/sd_diskio.o
 .debug_info    0x0000b87e      0x1f6 build/fatfs_platform.o
 .debug_info    0x0000ba74      0x560 build/fatfs.o
 .debug_info    0x0000bfd4      0xbc4 build/usb_host.o
 .debug_info    0x0000cb98     0x21fe build/usbh_conf.o
 .debug_info    0x0000ed96      0x212 build/usbh_platform.o
 .debug_info    0x0000efa8     0x161e build/stm32f4xx_hal_hcd.o
 .debug_info    0x000105c6     0x21d4 build/stm32f4xx_ll_usb.o
 .debug_info    0x0001279a      0xc17 build/stm32f4xx_hal_rcc.o
 .debug_info    0x000133b1      0xbff build/stm32f4xx_hal_rcc_ex.o
 .debug_info    0x00013fb0      0x86a build/stm32f4xx_hal_gpio.o
 .debug_info    0x0001481a      0x85e build/stm32f4xx_hal_pwr_ex.o
 .debug_info    0x00015078     0x11b6 build/stm32f4xx_hal_cortex.o
 .debug_info    0x0001622e      0xb61 build/stm32f4xx_hal.o
 .debug_info    0x00016d8f      0x41d build/stm32f4xx_hal_crc.o
 .debug_info    0x000171ac     0x1416 build/stm32f4xx_hal_dma2d.o
 .debug_info    0x000185c2     0x2197 build/stm32f4xx_hal_dsi.o
 .debug_info    0x0001a759      0xe3e build/stm32f4xx_ll_fmc.o
 .debug_info    0x0001b597     0x121b build/stm32f4xx_hal_sdram.o
 .debug_info    0x0001c7b2     0x3b49 build/stm32f4xx_hal_i2c.o
 .debug_info    0x000202fb     0x16c2 build/stm32f4xx_hal_ltdc.o
 .debug_info    0x000219bd     0x1b1d build/stm32f4xx_hal_qspi.o
 .debug_info    0x000234da     0x1900 build/stm32f4xx_hal_sai.o
 .debug_info    0x00024dda      0xa43 build/stm32f4xx_hal_sai_ex.o
 .debug_info    0x0002581d     0x1b06 build/stm32f4xx_ll_sdmmc.o
 .debug_info    0x00027323     0x286b build/stm32f4xx_hal_sd.o
 .debug_info    0x00029b8e     0x4061 build/stm32f4xx_hal_tim.o
 .debug_info    0x0002dbef     0x1c6a build/stm32f4xx_hal_tim_ex.o
 .debug_info    0x0002f859     0x43e7 build/stm32f4xx_hal_uart.o
 .debug_info    0x00033c40      0x5d5 build/system_stm32f4xx.o
 .debug_info    0x00034215      0x440 build/ff_gen_drv.o
 .debug_info    0x00034655     0x1658 build/usbh_core.o
 .debug_info    0x00035cad     0x153f build/usbh_ctlreq.o
 .debug_info    0x000371ec     0x1013 build/usbh_ioreq.o
 .debug_info    0x000381ff      0xc5d build/usbh_pipes.o
 .debug_info    0x00038e5c     0x1988 build/usbh_cdc.o
 .debug_info    0x0003a7e4       0x22 build/startup_stm32f469xx.o

.debug_abbrev   0x00000000     0x6112
 .debug_abbrev  0x00000000      0x2f7 build/main.o
 .debug_abbrev  0x000002f7      0x1db build/stm32f4xx_it.o
 .debug_abbrev  0x000004d2      0x2c0 build/stm32f4xx_hal_msp.o
 .debug_abbrev  0x00000792      0x202 build/stm32f4xx_hal_timebase_tim.o
 .debug_abbrev  0x00000994      0x29b build/bsp_driver_sd.o
 .debug_abbrev  0x00000c2f      0x193 build/sd_diskio.o
 .debug_abbrev  0x00000dc2      0x10d build/fatfs_platform.o
 .debug_abbrev  0x00000ecf      0x16f build/fatfs.o
 .debug_abbrev  0x0000103e      0x263 build/usb_host.o
 .debug_abbrev  0x000012a1      0x380 build/usbh_conf.o
 .debug_abbrev  0x00001621      0x11f build/usbh_platform.o
 .debug_abbrev  0x00001740      0x2b8 build/stm32f4xx_hal_hcd.o
 .debug_abbrev  0x000019f8      0x2f9 build/stm32f4xx_ll_usb.o
 .debug_abbrev  0x00001cf1      0x2aa build/stm32f4xx_hal_rcc.o
 .debug_abbrev  0x00001f9b      0x1db build/stm32f4xx_hal_rcc_ex.o
 .debug_abbrev  0x00002176      0x22b build/stm32f4xx_hal_gpio.o
 .debug_abbrev  0x000023a1      0x1c3 build/stm32f4xx_hal_pwr_ex.o
 .debug_abbrev  0x00002564      0x382 build/stm32f4xx_hal_cortex.o
 .debug_abbrev  0x000028e6      0x209 build/stm32f4xx_hal.o
 .debug_abbrev  0x00002aef      0x1e2 build/stm32f4xx_hal_crc.o
 .debug_abbrev  0x00002cd1      0x285 build/stm32f4xx_hal_dma2d.o
 .debug_abbrev  0x00002f56      0x27f build/stm32f4xx_hal_dsi.o
 .debug_abbrev  0x000031d5      0x1cd build/stm32f4xx_ll_fmc.o
 .debug_abbrev  0x000033a2      0x26a build/stm32f4xx_hal_sdram.o
 .debug_abbrev  0x0000360c      0x2f3 build/stm32f4xx_hal_i2c.o
 .debug_abbrev  0x000038ff      0x276 build/stm32f4xx_hal_ltdc.o
 .debug_abbrev  0x00003b75      0x295 build/stm32f4xx_hal_qspi.o
 .debug_abbrev  0x00003e0a      0x2a8 build/stm32f4xx_hal_sai.o
 .debug_abbrev  0x000040b2      0x179 build/stm32f4xx_hal_sai_ex.o
 .debug_abbrev  0x0000422b      0x236 build/stm32f4xx_ll_sdmmc.o
 .debug_abbrev  0x00004461      0x2d1 build/stm32f4xx_hal_sd.o
 .debug_abbrev  0x00004732      0x282 build/stm32f4xx_hal_tim.o
 .debug_abbrev  0x000049b4      0x298 build/stm32f4xx_hal_tim_ex.o
 .debug_abbrev  0x00004c4c      0x356 build/stm32f4xx_hal_uart.o
 .debug_abbrev  0x00004fa2      0x11b build/system_stm32f4xx.o
 .debug_abbrev  0x000050bd      0x1c9 build/ff_gen_drv.o
 .debug_abbrev  0x00005286      0x359 build/usbh_core.o
 .debug_abbrev  0x000055df      0x318 build/usbh_ctlreq.o
 .debug_abbrev  0x000058f7      0x21e build/usbh_ioreq.o
 .debug_abbrev  0x00005b15      0x284 build/usbh_pipes.o
 .debug_abbrev  0x00005d99      0x367 build/usbh_cdc.o
 .debug_abbrev  0x00006100       0x12 build/startup_stm32f469xx.o

.debug_loc      0x00000000    0x2c087
 .debug_loc     0x00000000      0x35b build/main.o
 .debug_loc     0x0000035b       0xa0 build/stm32f4xx_it.o
 .debug_loc     0x000003fb      0x8ab build/stm32f4xx_hal_msp.o
 .debug_loc     0x00000ca6      0x136 build/stm32f4xx_hal_timebase_tim.o
 .debug_loc     0x00000ddc      0x66b build/bsp_driver_sd.o
 .debug_loc     0x00001447      0x4d1 build/sd_diskio.o
 .debug_loc     0x00001918       0x51 build/fatfs_platform.o
 .debug_loc     0x00001969       0x20 build/fatfs.o
 .debug_loc     0x00001989       0x40 build/usb_host.o
 .debug_loc     0x000019c9      0xba3 build/usbh_conf.o
 .debug_loc     0x0000256c       0x67 build/usbh_platform.o
 .debug_loc     0x000025d3     0x1454 build/stm32f4xx_hal_hcd.o
 .debug_loc     0x00003a27     0x2abe build/stm32f4xx_ll_usb.o
 .debug_loc     0x000064e5      0x6e4 build/stm32f4xx_hal_rcc.o
 .debug_loc     0x00006bc9      0x984 build/stm32f4xx_hal_rcc_ex.o
 .debug_loc     0x0000754d      0x5e8 build/stm32f4xx_hal_gpio.o
 .debug_loc     0x00007b35      0x378 build/stm32f4xx_hal_pwr_ex.o
 .debug_loc     0x00007ead      0x7a4 build/stm32f4xx_hal_cortex.o
 .debug_loc     0x00008651      0x1e1 build/stm32f4xx_hal.o
 .debug_loc     0x00008832      0x2c3 build/stm32f4xx_hal_crc.o
 .debug_loc     0x00008af5     0x16ea build/stm32f4xx_hal_dma2d.o
 .debug_loc     0x0000a1df     0x239b build/stm32f4xx_hal_dsi.o
 .debug_loc     0x0000c57a      0x8dd build/stm32f4xx_ll_fmc.o
 .debug_loc     0x0000ce57     0x11ef build/stm32f4xx_hal_sdram.o
 .debug_loc     0x0000e046     0x4e42 build/stm32f4xx_hal_i2c.o
 .debug_loc     0x00012e88     0x1c0a build/stm32f4xx_hal_ltdc.o
 .debug_loc     0x00014a92     0x1acb build/stm32f4xx_hal_qspi.o
 .debug_loc     0x0001655d     0x1a94 build/stm32f4xx_hal_sai.o
 .debug_loc     0x00017ff1      0x175 build/stm32f4xx_hal_sai_ex.o
 .debug_loc     0x00018166     0x1767 build/stm32f4xx_ll_sdmmc.o
 .debug_loc     0x000198cd     0x27b9 build/stm32f4xx_hal_sd.o
 .debug_loc     0x0001c086     0x5ba0 build/stm32f4xx_hal_tim.o
 .debug_loc     0x00021c26     0x2137 build/stm32f4xx_hal_tim_ex.o
 .debug_loc     0x00023d5d     0x4fef build/stm32f4xx_hal_uart.o
 .debug_loc     0x00028d4c      0x158 build/system_stm32f4xx.o
 .debug_loc     0x00028ea4      0x311 build/ff_gen_drv.o
 .debug_loc     0x000291b5      0xac2 build/usbh_core.o
 .debug_loc     0x00029c77     0x1152 build/usbh_ctlreq.o
 .debug_loc     0x0002adc9      0x750 build/usbh_ioreq.o
 .debug_loc     0x0002b519      0x26e build/usbh_pipes.o
 .debug_loc     0x0002b787      0x900 build/usbh_cdc.o

.debug_aranges  0x00000000     0x2388
 .debug_aranges
                0x00000000       0xb0 build/main.o
 .debug_aranges
                0x000000b0       0x88 build/stm32f4xx_it.o
 .debug_aranges
                0x00000138       0xe0 build/stm32f4xx_hal_msp.o
 .debug_aranges
                0x00000218       0x30 build/stm32f4xx_hal_timebase_tim.o
 .debug_aranges
                0x00000248       0xa0 build/bsp_driver_sd.o
 .debug_aranges
                0x000002e8       0x48 build/sd_diskio.o
 .debug_aranges
                0x00000330       0x20 build/fatfs_platform.o
 .debug_aranges
                0x00000350       0x28 build/fatfs.o
 .debug_aranges
                0x00000378       0x30 build/usb_host.o
 .debug_aranges
                0x000003a8       0xd8 build/usbh_conf.o
 .debug_aranges
                0x00000480       0x20 build/usbh_platform.o
 .debug_aranges
                0x000004a0       0xf8 build/stm32f4xx_hal_hcd.o
 .debug_aranges
                0x00000598      0x1a0 build/stm32f4xx_ll_usb.o
 .debug_aranges
                0x00000738       0x88 build/stm32f4xx_hal_rcc.o
 .debug_aranges
                0x000007c0       0x70 build/stm32f4xx_hal_rcc_ex.o
 .debug_aranges
                0x00000830       0x58 build/stm32f4xx_hal_gpio.o
 .debug_aranges
                0x00000888       0x60 build/stm32f4xx_hal_pwr_ex.o
 .debug_aranges
                0x000008e8       0xa8 build/stm32f4xx_hal_cortex.o
 .debug_aranges
                0x00000990      0x100 build/stm32f4xx_hal.o
 .debug_aranges
                0x00000a90       0x50 build/stm32f4xx_hal_crc.o
 .debug_aranges
                0x00000ae0      0x118 build/stm32f4xx_hal_dma2d.o
 .debug_aranges
                0x00000bf8      0x178 build/stm32f4xx_hal_dsi.o
 .debug_aranges
                0x00000d70       0xc8 build/stm32f4xx_ll_fmc.o
 .debug_aranges
                0x00000e38       0xe8 build/stm32f4xx_hal_sdram.o
 .debug_aranges
                0x00000f20      0x2a0 build/stm32f4xx_hal_i2c.o
 .debug_aranges
                0x000011c0      0x158 build/stm32f4xx_hal_ltdc.o
 .debug_aranges
                0x00001318      0x170 build/stm32f4xx_hal_qspi.o
 .debug_aranges
                0x00001488      0x178 build/stm32f4xx_hal_sai.o
 .debug_aranges
                0x00001600       0x28 build/stm32f4xx_hal_sai_ex.o
 .debug_aranges
                0x00001628      0x188 build/stm32f4xx_ll_sdmmc.o
 .debug_aranges
                0x000017b0      0x168 build/stm32f4xx_hal_sd.o
 .debug_aranges
                0x00001918      0x3d0 build/stm32f4xx_hal_tim.o
 .debug_aranges
                0x00001ce8      0x168 build/stm32f4xx_hal_tim_ex.o
 .debug_aranges
                0x00001e50      0x200 build/stm32f4xx_hal_uart.o
 .debug_aranges
                0x00002050       0x28 build/system_stm32f4xx.o
 .debug_aranges
                0x00002078       0x40 build/ff_gen_drv.o
 .debug_aranges
                0x000020b8       0xc0 build/usbh_core.o
 .debug_aranges
                0x00002178       0xa0 build/usbh_ctlreq.o
 .debug_aranges
                0x00002218       0x60 build/usbh_ioreq.o
 .debug_aranges
                0x00002278       0x40 build/usbh_pipes.o
 .debug_aranges
                0x000022b8       0xa8 build/usbh_cdc.o
 .debug_aranges
                0x00002360       0x28 build/startup_stm32f469xx.o

.debug_ranges   0x00000000     0x21c8
 .debug_ranges  0x00000000       0xa0 build/main.o
 .debug_ranges  0x000000a0       0x78 build/stm32f4xx_it.o
 .debug_ranges  0x00000118       0xd0 build/stm32f4xx_hal_msp.o
 .debug_ranges  0x000001e8       0x20 build/stm32f4xx_hal_timebase_tim.o
 .debug_ranges  0x00000208       0x90 build/bsp_driver_sd.o
 .debug_ranges  0x00000298       0x38 build/sd_diskio.o
 .debug_ranges  0x000002d0       0x10 build/fatfs_platform.o
 .debug_ranges  0x000002e0       0x18 build/fatfs.o
 .debug_ranges  0x000002f8       0x20 build/usb_host.o
 .debug_ranges  0x00000318       0xc8 build/usbh_conf.o
 .debug_ranges  0x000003e0       0x10 build/usbh_platform.o
 .debug_ranges  0x000003f0       0xe8 build/stm32f4xx_hal_hcd.o
 .debug_ranges  0x000004d8      0x190 build/stm32f4xx_ll_usb.o
 .debug_ranges  0x00000668       0x90 build/stm32f4xx_hal_rcc.o
 .debug_ranges  0x000006f8       0x78 build/stm32f4xx_hal_rcc_ex.o
 .debug_ranges  0x00000770       0x48 build/stm32f4xx_hal_gpio.o
 .debug_ranges  0x000007b8       0x50 build/stm32f4xx_hal_pwr_ex.o
 .debug_ranges  0x00000808       0xf8 build/stm32f4xx_hal_cortex.o
 .debug_ranges  0x00000900       0xf0 build/stm32f4xx_hal.o
 .debug_ranges  0x000009f0       0x40 build/stm32f4xx_hal_crc.o
 .debug_ranges  0x00000a30      0x108 build/stm32f4xx_hal_dma2d.o
 .debug_ranges  0x00000b38      0x168 build/stm32f4xx_hal_dsi.o
 .debug_ranges  0x00000ca0       0xb8 build/stm32f4xx_ll_fmc.o
 .debug_ranges  0x00000d58       0xd8 build/stm32f4xx_hal_sdram.o
 .debug_ranges  0x00000e30      0x2a8 build/stm32f4xx_hal_i2c.o
 .debug_ranges  0x000010d8      0x148 build/stm32f4xx_hal_ltdc.o
 .debug_ranges  0x00001220      0x160 build/stm32f4xx_hal_qspi.o
 .debug_ranges  0x00001380      0x180 build/stm32f4xx_hal_sai.o
 .debug_ranges  0x00001500       0x18 build/stm32f4xx_hal_sai_ex.o
 .debug_ranges  0x00001518      0x178 build/stm32f4xx_ll_sdmmc.o
 .debug_ranges  0x00001690      0x158 build/stm32f4xx_hal_sd.o
 .debug_ranges  0x000017e8      0x3c0 build/stm32f4xx_hal_tim.o
 .debug_ranges  0x00001ba8      0x158 build/stm32f4xx_hal_tim_ex.o
 .debug_ranges  0x00001d00      0x208 build/stm32f4xx_hal_uart.o
 .debug_ranges  0x00001f08       0x18 build/system_stm32f4xx.o
 .debug_ranges  0x00001f20       0x30 build/ff_gen_drv.o
 .debug_ranges  0x00001f50       0xb0 build/usbh_core.o
 .debug_ranges  0x00002000       0x90 build/usbh_ctlreq.o
 .debug_ranges  0x00002090       0x50 build/usbh_ioreq.o
 .debug_ranges  0x000020e0       0x30 build/usbh_pipes.o
 .debug_ranges  0x00002110       0x98 build/usbh_cdc.o
 .debug_ranges  0x000021a8       0x20 build/startup_stm32f469xx.o

.debug_line     0x00000000    0x2a413
 .debug_line    0x00000000     0x1015 build/main.o
 .debug_line    0x00001015      0x3a3 build/stm32f4xx_it.o
 .debug_line    0x000013b8      0xc31 build/stm32f4xx_hal_msp.o
 .debug_line    0x00001fe9      0x2ff build/stm32f4xx_hal_timebase_tim.o
 .debug_line    0x000022e8      0x432 build/bsp_driver_sd.o
 .debug_line    0x0000271a      0x342 build/sd_diskio.o
 .debug_line    0x00002a5c      0x1b3 build/fatfs_platform.o
 .debug_line    0x00002c0f      0x1b5 build/fatfs.o
 .debug_line    0x00002dc4      0x253 build/usb_host.o
 .debug_line    0x00003017      0x6fd build/usbh_conf.o
 .debug_line    0x00003714      0x1af build/usbh_platform.o
 .debug_line    0x000038c3     0x10cf build/stm32f4xx_hal_hcd.o
 .debug_line    0x00004992     0x1e2c build/stm32f4xx_ll_usb.o
 .debug_line    0x000067be      0xb2b build/stm32f4xx_hal_rcc.o
 .debug_line    0x000072e9      0xe5a build/stm32f4xx_hal_rcc_ex.o
 .debug_line    0x00008143      0x70a build/stm32f4xx_hal_gpio.o
 .debug_line    0x0000884d      0x4c6 build/stm32f4xx_hal_pwr_ex.o
 .debug_line    0x00008d13      0x78c build/stm32f4xx_hal_cortex.o
 .debug_line    0x0000949f      0x5b1 build/stm32f4xx_hal.o
 .debug_line    0x00009a50      0x3e5 build/stm32f4xx_hal_crc.o
 .debug_line    0x00009e35     0x11fb build/stm32f4xx_hal_dma2d.o
 .debug_line    0x0000b030     0x28ca build/stm32f4xx_hal_dsi.o
 .debug_line    0x0000d8fa      0x713 build/stm32f4xx_ll_fmc.o
 .debug_line    0x0000e00d      0xc0f build/stm32f4xx_hal_sdram.o
 .debug_line    0x0000ec1c     0x5377 build/stm32f4xx_hal_i2c.o
 .debug_line    0x00013f93     0x197e build/stm32f4xx_hal_ltdc.o
 .debug_line    0x00015911     0x16b3 build/stm32f4xx_hal_qspi.o
 .debug_line    0x00016fc4     0x1c17 build/stm32f4xx_hal_sai.o
 .debug_line    0x00018bdb      0x2ed build/stm32f4xx_hal_sai_ex.o
 .debug_line    0x00018ec8     0x10f7 build/stm32f4xx_ll_sdmmc.o
 .debug_line    0x00019fbf     0x271a build/stm32f4xx_hal_sd.o
 .debug_line    0x0001c6d9     0x4ab6 build/stm32f4xx_hal_tim.o
 .debug_line    0x0002118f     0x1cda build/stm32f4xx_hal_tim_ex.o
 .debug_line    0x00022e69     0x4602 build/stm32f4xx_hal_uart.o
 .debug_line    0x0002746b      0x264 build/system_stm32f4xx.o
 .debug_line    0x000276cf      0x293 build/ff_gen_drv.o
 .debug_line    0x00027962      0xdf5 build/usbh_core.o
 .debug_line    0x00028757      0xcad build/usbh_ctlreq.o
 .debug_line    0x00029404      0x2f1 build/usbh_ioreq.o
 .debug_line    0x000296f5      0x286 build/usbh_pipes.o
 .debug_line    0x0002997b      0xa22 build/usbh_cdc.o
 .debug_line    0x0002a39d       0x76 build/startup_stm32f469xx.o

.debug_str      0x00000000     0xaf92
 .debug_str     0x00000000     0x2434 build/main.o
                               0x266f (size before relaxing)
 .debug_str     0x00002434      0x4d2 build/stm32f4xx_it.o
                               0x12d5 (size before relaxing)
 .debug_str     0x00002906      0x7da build/stm32f4xx_hal_msp.o
                               0x234b (size before relaxing)
 .debug_str     0x000030e0       0xfe build/stm32f4xx_hal_timebase_tim.o
                                0xee8 (size before relaxing)
 .debug_str     0x000031de      0x269 build/bsp_driver_sd.o
                                0x8e3 (size before relaxing)
 .debug_str     0x00003447      0x10f build/sd_diskio.o
                                0x388 (size before relaxing)
 .debug_str     0x00003556       0x2f build/fatfs_platform.o
                                0x249 (size before relaxing)
 .debug_str     0x00003585      0x115 build/fatfs.o
                                0x36c (size before relaxing)
 .debug_str     0x0000369a      0x83f build/usb_host.o
                                0xab9 (size before relaxing)
 .debug_str     0x00003ed9      0x49e build/usbh_conf.o
                               0x1a08 (size before relaxing)
 .debug_str     0x00004377       0x2e build/usbh_platform.o
                                0x257 (size before relaxing)
 .debug_str     0x000043a5      0x332 build/stm32f4xx_hal_hcd.o
                                0xb65 (size before relaxing)
 .debug_str     0x000046d7      0x537 build/stm32f4xx_ll_usb.o
                                0xcd1 (size before relaxing)
 .debug_str     0x00004c0e      0x1e1 build/stm32f4xx_hal_rcc.o
                                0x717 (size before relaxing)
 .debug_str     0x00004def      0x160 build/stm32f4xx_hal_rcc_ex.o
                                0x6d6 (size before relaxing)
 .debug_str     0x00004f4f       0xfd build/stm32f4xx_hal_gpio.o
                                0x4ec (size before relaxing)
 .debug_str     0x0000504c      0x187 build/stm32f4xx_hal_pwr_ex.o
                                0x4d7 (size before relaxing)
 .debug_str     0x000051d3      0x475 build/stm32f4xx_hal_cortex.o
                                0xc9f (size before relaxing)
 .debug_str     0x00005648      0x2a4 build/stm32f4xx_hal.o
                                0xc1b (size before relaxing)
 .debug_str     0x000058ec       0x8f build/stm32f4xx_hal_crc.o
                                0x39c (size before relaxing)
 .debug_str     0x0000597b      0x356 build/stm32f4xx_hal_dma2d.o
                                0x923 (size before relaxing)
 .debug_str     0x00005cd1      0x59a build/stm32f4xx_hal_dsi.o
                               0x1046 (size before relaxing)
 .debug_str     0x0000626b      0x500 build/stm32f4xx_ll_fmc.o
                                0x8ab (size before relaxing)
 .debug_str     0x0000676b      0x2ae build/stm32f4xx_hal_sdram.o
                                0xaa1 (size before relaxing)
 .debug_str     0x00006a19      0x87e build/stm32f4xx_hal_i2c.o
                               0x102e (size before relaxing)
 .debug_str     0x00007297      0x464 build/stm32f4xx_hal_ltdc.o
                                0x9c1 (size before relaxing)
 .debug_str     0x000076fb      0x508 build/stm32f4xx_hal_qspi.o
                                0xc14 (size before relaxing)
 .debug_str     0x00007c03      0x3c7 build/stm32f4xx_hal_sai.o
                                0xb8c (size before relaxing)
 .debug_str     0x00007fca       0x53 build/stm32f4xx_hal_sai_ex.o
                                0x851 (size before relaxing)
 .debug_str     0x0000801d      0x4b5 build/stm32f4xx_ll_sdmmc.o
                                0x7f5 (size before relaxing)